203.95.220.36 - - [19/Apr/2019:04:52:57 +0800] "GET /js/index.min.js?v=2.5.5 HTTP/1.1" 200 8887 "https://bz.zzzmh.cn/" "Mozilla/5.0 (compatible; MSIE 10.0; Windows NT 6.1; WOW64; Trident/6.0; SLCC2; .NET CLR 2.0.50727; .NET CLR 3.5.30729; .NET CLR 3.0.30729; Media Center PC 6.0; InfoPath.2; .NET4.0C; .NET4.0E)" "-"
114.231.181.218 - - [19/Apr/2019:04:53:02 +0800] "GET /css/iconfont.css HTTP/1.1" 200 5885 "https://chrome.zzzmh.cn/help?token=setup" "Mozilla/5.0 (Windows NT 6.1; WOW64) AppleWebKit/537.36 (KHTML, like Gecko) Chrome/38.0.2125.122 Safari/537.36 SE 2.X MetaSr 1.0" "-"
114.231.181.218 - - [19/Apr/2019:04:53:02 +0800] "GET /css/markdown.css?v=1.9.5 HTTP/1.1" 200 678 "https://chrome.zzzmh.cn/help?token=setup" "Mozilla/5.0 (Windows NT 6.1; WOW64) AppleWebKit/537.36 (KHTML, like Gecko) Chrome/38.0.2125.122 Safari/537.36 SE 2.X MetaSr 1.0" "-"
114.231.181.218 - - [19/Apr/2019:04:53:02 +0800] "GET /css/loading2.css HTTP/1.1" 200 951 "https://chrome.zzzmh.cn/help?token=setup" "Mozilla/5.0 (Windows NT 6.1; WOW64) AppleWebKit/537.36 (KHTML, like Gecko) Chrome/38.0.2125.122 Safari/537.36 SE 2.X MetaSr 1.0" "-"
114.231.181.218 - - [19/Apr/2019:04:53:02 +0800] "GET /css/styles.css?v=1.9.5 HTTP/1.1" 200 2956 "https://chrome.zzzmh.cn/help?token=setup" "Mozilla/5.0 (Windows NT 6.1; WOW64) AppleWebKit/537.36 (KHTML, like Gecko) Chrome/38.0.2125.122 Safari/537.36 SE 2.X MetaSr 1.0" "-"
114.231.181.218 - - [19/Apr/2019:04:53:02 +0800] "GET /js/loading2.js HTTP/1.1" 200 463 "https://chrome.zzzmh.cn/help?token=setup" "Mozilla/5.0 (Windows NT 6.1; WOW64) AppleWebKit/537.36 (KHTML, like Gecko) Chrome/38.0.2125.122 Safari/537.36 SE 2.X MetaSr 1.0" "-"
114.231.181.218 - - [19/Apr/2019:04:53:02 +0800] "GET /js/baidu.js HTTP/1.1" 200 663 "https://chrome.zzzmh.cn/help?token=setup" "Mozilla/5.0 (Windows NT 6.1; WOW64) AppleWebKit/537.36 (KHTML, like Gecko) Chrome/38.0.2125.122 Safari/537.36 SE 2.X MetaSr 1.0" "-"
114.231.181.218 - - [19/Apr/2019:04:53:02 +0800] "GET /js/common.js HTTP/1.1" 200 652 "https://chrome.zzzmh.cn/help?token=setup" "Mozilla/5.0 (Windows NT 6.1; WOW64) AppleWebKit/537.36 (KHTML, like Gecko) Chrome/38.0.2125.122 Safari/537.36 SE 2.X MetaSr 1.0" "-"
114.231.181.218 - - [19/Apr/2019:04:53:02 +0800] "GET /js/help.js?v=1.9.5 HTTP/1.1" 200 651 "https://chrome.zzzmh.cn/help?token=setup" "Mozilla/5.0 (Windows NT 6.1; WOW64) AppleWebKit/537.36 (KHTML, like Gecko) Chrome/38.0.2125.122 Safari/537.36 SE 2.X MetaSr 1.0" "-"
223.74.181.208 - - [19/Apr/2019:04:53:05 +0800] "GET /css/index.min.css?v=2.5.5 HTTP/1.1" 304 0 "https://bz.zzzmh.cn/" "Mozilla/4.0 (compatible; MSIE 7.0; Windows NT 5.1; WOW64; Trident/4.0; SLCC2; .NET CLR 2.0.50727; .NET CLR 3.5.30729; .NET CLR 3.0.30729; .NET4.0C; .NET4.0E)" "-"
223.74.181.208 - - [19/Apr/2019:04:53:06 +0800] "GET /js/index.min.js?v=2.5.5 HTTP/1.1" 304 0 "https://bz.zzzmh.cn/" "Mozilla/4.0 (compatible; MSIE 7.0; Windows NT 5.1; WOW64; Trident/4.0; SLCC2; .NET CLR 2.0.50727; .NET CLR 3.5.30729; .NET CLR 3.0.30729; .NET4.0C; .NET4.0E)" "-"
203.95.220.36 - - [19/Apr/2019:04:53:09 +0800] "GET /css/index.min.css?v=2.5.5 HTTP/1.1" 304 0 "https://bz.zzzmh.cn/" "Mozilla/5.0 (compatible; MSIE 10.0; Windows NT 6.1; WOW64; Trident/6.0; SLCC2; .NET CLR 2.0.50727; .NET CLR 3.5.30729; .NET CLR 3.0.30729; Media Center PC 6.0; InfoPath.2; .NET4.0C; .NET4.0E)" "-"
203.95.220.36 - - [19/Apr/2019:04:53:09 +0800] "GET /js/index.min.js?v=2.5.5 HTTP/1.1" 304 0 "https://bz.zzzmh.cn/" "Mozilla/5.0 (compatible; MSIE 10.0; Windows NT 6.1; WOW64; Trident/6.0; SLCC2; .NET CLR 2.0.50727; .NET CLR 3.5.30729; .NET CLR 3.0.30729; Media Center PC 6.0; InfoPath.2; .NET4.0C; .NET4.0E)" "-"
113.118.186.13 - - [19/Apr/2019:04:53:24 +0800] "GET /css/index.min.css?v=2.5.5 HTTP/1.1" 200 8194 "https://bz.zzzmh.cn/" "Mozilla/4.0 (compatible; MSIE 8.0; Windows NT 5.1; WOW64; Trident/4.0; .NET4.0C; .NET4.0E; .NET CLR 2.0.50727; .NET CLR 3.0.30729; .NET CLR 3.5.30729; InfoPath.3)" "-"
114.231.181.218 - - [19/Apr/2019:04:53:27 +0800] "GET /js/index.js?v=1.9.5 HTTP/1.1" 200 23920 "https://chrome.zzzmh.cn/index" "Mozilla/5.0 (Windows NT 6.1; WOW64) AppleWebKit/537.36 (KHTML, like Gecko) Chrome/38.0.2125.122 Safari/537.36 SE 2.X MetaSr 1.0" "-"
111.246.59.172 - - [19/Apr/2019:04:53:27 +0800] "GET /css/index.min.css?v=2.5.5 HTTP/1.1" 200 8194 "https://bz.zzzmh.cn/" "Mozilla/5.0 (Windows NT 5.1) AppleWebKit/537.36 (KHTML, like Gecko) Chrome/48.0.2564.109 Safari/537.36" "-"
111.246.59.172 - - [19/Apr/2019:04:53:29 +0800] "GET /js/index.min.js?v=2.5.5 HTTP/1.1" 200 8887 "https://bz.zzzmh.cn/" "Mozilla/5.0 (Windows NT 5.1) AppleWebKit/537.36 (KHTML, like Gecko) Chrome/48.0.2564.109 Safari/537.36" "-"
171.106.18.252 - - [19/Apr/2019:04:53:30 +0800] "GET /css/index.min.css?v=2.5.5 HTTP/1.1" 200 8194 "https://bz.zzzmh.cn/" "Mozilla/5.0 (Windows NT 5.1) AppleWebKit/537.36 (KHTML, like Gecko) Chrome/48.0.2564.109 Safari/537.36" "-"
171.106.18.252 - - [19/Apr/2019:04:53:30 +0800] "GET /js/index.min.js?v=2.5.5 HTTP/1.1" 200 8887 "https://bz.zzzmh.cn/" "Mozilla/5.0 (Windows NT 5.1) AppleWebKit/537.36 (KHTML, like Gecko) Chrome/48.0.2564.109 Safari/537.36" "-"
124.11.185.46 - - [19/Apr/2019:04:53:39 +0800] "GET /css/index.min.css?v=2.5.5 HTTP/1.1" 200 8194 "https://bz.zzzmh.cn/" "Mozilla/4.0 (compatible; MSIE 8.0; Windows NT 5.1; WOW64; Trident/4.0; SLCC2; .NET CLR 2.0.50727; .NET CLR 3.5.30729; .NET CLR 3.0.30729; Media Center PC 6.0; .NET4.0C; .NET4.0E; 360SE)" "-"
124.11.185.46 - - [19/Apr/2019:04:53:41 +0800] "GET /js/index.min.js?v=2.5.5 HTTP/1.1" 200 8887 "https://bz.zzzmh.cn/" "Mozilla/4.0 (compatible; MSIE 8.0; Windows NT 5.1; WOW64; Trident/4.0; SLCC2; .NET CLR 2.0.50727; .NET CLR 3.5.30729; .NET CLR 3.0.30729; Media Center PC 6.0; .NET4.0C; .NET4.0E; 360SE)" "-"
111.246.59.172 - - [19/Apr/2019:04:53:46 +0800] "GET /css/index.min.css?v=2.5.5 HTTP/1.1" 304 0 "https://bz.zzzmh.cn/" "Mozilla/5.0 (Windows NT 5.1) AppleWebKit/537.36 (KHTML, like Gecko) Chrome/48.0.2564.109 Safari/537.36" "-"
111.246.59.172 - - [19/Apr/2019:04:53:47 +0800] "GET /js/index.min.js?v=2.5.5 HTTP/1.1" 304 0 "https://bz.zzzmh.cn/" "Mozilla/5.0 (Windows NT 5.1) AppleWebKit/537.36 (KHTML, like Gecko) Chrome/48.0.2564.109 Safari/537.36" "-"
171.106.18.252 - - [19/Apr/2019:04:53:56 +0800] "GET /css/index.min.css?v=2.5.5 HTTP/1.1" 304 0 "https://bz.zzzmh.cn/" "Mozilla/5.0 (Windows NT 5.1) AppleWebKit/537.36 (KHTML, like Gecko) Chrome/48.0.2564.109 Safari/537.36" "-"
171.106.18.252 - - [19/Apr/2019:04:53:57 +0800] "GET /js/index.min.js?v=2.5.5 HTTP/1.1" 304 0 "https://bz.zzzmh.cn/" "Mozilla/5.0 (Windows NT 5.1) AppleWebKit/537.36 (KHTML, like Gecko) Chrome/48.0.2564.109 Safari/537.36" "-"
124.11.185.46 - - [19/Apr/2019:04:53:58 +0800] "GET /css/index.min.css?v=2.5.5 HTTP/1.1" 304 0 "https://bz.zzzmh.cn/" "Mozilla/4.0 (compatible; MSIE 8.0; Windows NT 5.1; WOW64; Trident/4.0; SLCC2; .NET CLR 2.0.50727; .NET CLR 3.5.30729; .NET CLR 3.0.30729; Media Center PC 6.0; .NET4.0C; .NET4.0E; 360SE)" "-"
222.68.51.1 - - [19/Apr/2019:04:53:59 +0800] "GET /css/index.min.css?v=2.5.5 HTTP/1.1" 304 0 "https://bz.zzzmh.cn/" "Mozilla/4.0 (compatible; MSIE 8.0; Windows NT 5.1; WOW64; Trident/4.0)" "-"
222.68.51.1 - - [19/Apr/2019:04:53:59 +0800] "GET /js/index.min.js?v=2.5.5 HTTP/1.1" 304 0 "https://bz.zzzmh.cn/" "Mozilla/4.0 (compatible; MSIE 8.0; Windows NT 5.1; WOW64; Trident/4.0)" "-"
124.11.185.46 - - [19/Apr/2019:04:53:59 +0800] "GET /js/index.min.js?v=2.5.5 HTTP/1.1" 304 0 "https://bz.zzzmh.cn/" "Mozilla/4.0 (compatible; MSIE 8.0; Windows NT 5.1; WOW64; Trident/4.0; SLCC2; .NET CLR 2.0.50727; .NET CLR 3.5.30729; .NET CLR 3.0.30729; Media Center PC 6.0; .NET4.0C; .NET4.0E; 360SE)" "-"
113.70.144.10 - - [19/Apr/2019:04:54:05 +0800] "GET /css/index.min.css?v=2.5.5 HTTP/1.1" 200 8194 "https://bz.zzzmh.cn/" "Mozilla/5.0 (Windows NT 6.1; WOW64) AppleWebKit/537.36 (KHTML, like Gecko) Chrome/55.0.2883.87 Safari/537.36" "-"
113.70.144.10 - - [19/Apr/2019:04:54:05 +0800] "GET /js/index.min.js?v=2.5.5 HTTP/1.1" 200 8887 "https://bz.zzzmh.cn/" "Mozilla/5.0 (Windows NT 6.1; WOW64) AppleWebKit/537.36 (KHTML, like Gecko) Chrome/55.0.2883.87 Safari/537.36" "-"
113.70.144.10 - - [19/Apr/2019:04:54:05 +0800] "GET /img/bg.png HTTP/1.1" 200 16842 "https://bz.zzzmh.cn/css/index.min.css?v=2.5.5" "Mozilla/5.0 (Windows NT 6.1; WOW64) AppleWebKit/537.36 (KHTML, like Gecko) Chrome/55.0.2883.87 Safari/537.36" "-"
113.70.144.10 - - [19/Apr/2019:04:54:07 +0800] "GET /json/tags.json HTTP/1.1" 200 904 "https://bz.zzzmh.cn/" "Mozilla/5.0 (Windows NT 6.1; WOW64) AppleWebKit/537.36 (KHTML, like Gecko) Chrome/55.0.2883.87 Safari/537.36" "-"
113.70.144.10 - - [19/Apr/2019:04:54:07 +0800] "GET /img/zwt.png HTTP/1.1" 200 1149 "https://bz.zzzmh.cn/" "Mozilla/5.0 (Windows NT 6.1; WOW64) AppleWebKit/537.36 (KHTML, like Gecko) Chrome/55.0.2883.87 Safari/537.36" "-"
113.70.144.10 - - [19/Apr/2019:04:54:07 +0800] "GET /json/index.json HTTP/1.1" 200 13954 "https://bz.zzzmh.cn/" "Mozilla/5.0 (Windows NT 6.1; WOW64) AppleWebKit/537.36 (KHTML, like Gecko) Chrome/55.0.2883.87 Safari/537.36" "-"
137.135.100.243 - - [19/Apr/2019:04:54:10 +0800] "GET /css/index.min.css?v=2.5.5 HTTP/1.1" 200 8194 "https://bz.zzzmh.cn/" "Mozilla/5.0 (Windows NT 5.1) AppleWebKit/537.36 (KHTML, like Gecko) Chrome/29.0.1547.76 Safari/537.36" "-"
137.135.100.243 - - [19/Apr/2019:04:54:11 +0800] "GET /js/index.min.js?v=2.5.5 HTTP/1.1" 200 8887 "https://bz.zzzmh.cn/" "Mozilla/5.0 (Windows NT 5.1) AppleWebKit/537.36 (KHTML, like Gecko) Chrome/29.0.1547.76 Safari/537.36" "-"
118.31.68.172 - - [19/Apr/2019:04:54:16 +0800] "GET /css/index.min.css?v=2.5.5 HTTP/1.1" 200 8194 "https://bz.zzzmh.cn/" "Mozilla/5.0 (compatible; MSIE 10.0; Windows NT 6.1; Trident/6.0)" "-"
118.31.68.172 - - [19/Apr/2019:04:54:17 +0800] "GET /js/index.min.js?v=2.5.5 HTTP/1.1" 200 8887 "https://bz.zzzmh.cn/" "Mozilla/5.0 (compatible; MSIE 10.0; Windows NT 6.1; Trident/6.0)" "-"
218.70.27.2 - - [19/Apr/2019:04:54:19 +0800] "GET /css/index.min.css?v=2.5.5 HTTP/1.1" 200 8194 "https://bz.zzzmh.cn/" "Mozilla/4.0 (compatible; MSIE 8.0; Windows NT 5.1)" "-"
218.70.27.2 - - [19/Apr/2019:04:54:19 +0800] "GET /js/index.min.js?v=2.5.5 HTTP/1.1" 200 8887 "https://bz.zzzmh.cn/" "Mozilla/4.0 (compatible; MSIE 8.0; Windows NT 5.1)" "-"
113.70.144.10 - - [19/Apr/2019:04:54:28 +0800] "GET /json/xjj.json HTTP/1.1" 200 4930 "https://bz.zzzmh.cn/" "Mozilla/5.0 (Windows NT 6.1; WOW64) AppleWebKit/537.36 (KHTML, like Gecko) Chrome/55.0.2883.87 Safari/537.36" "-"
137.135.100.243 - - [19/Apr/2019:04:54:34 +0800] "GET /css/index.min.css?v=2.5.5 HTTP/1.1" 200 8194 "https://bz.zzzmh.cn/" "Mozilla/5.0 (Windows NT 5.1) AppleWebKit/537.36 (KHTML, like Gecko) Chrome/29.0.1547.76 Safari/537.36" "-"
118.31.68.172 - - [19/Apr/2019:04:54:40 +0800] "GET /css/index.min.css?v=2.5.5 HTTP/1.1" 304 0 "https://bz.zzzmh.cn/" "Mozilla/5.0 (compatible; MSIE 10.0; Windows NT 6.1; Trident/6.0)" "-"
118.31.68.172 - - [19/Apr/2019:04:54:40 +0800] "GET /js/index.min.js?v=2.5.5 HTTP/1.1" 304 0 "https://bz.zzzmh.cn/" "Mozilla/5.0 (compatible; MSIE 10.0; Windows NT 6.1; Trident/6.0)" "-"
218.70.27.2 - - [19/Apr/2019:04:54:44 +0800] "GET /css/index.min.css?v=2.5.5 HTTP/1.1" 304 0 "https://bz.zzzmh.cn/" "Mozilla/4.0 (compatible; MSIE 8.0; Windows NT 5.1)" "-"
218.70.27.2 - - [19/Apr/2019:04:54:44 +0800] "GET /js/index.min.js?v=2.5.5 HTTP/1.1" 304 0 "https://bz.zzzmh.cn/" "Mozilla/4.0 (compatible; MSIE 8.0; Windows NT 5.1)" "-"
120.203.138.76 - - [19/Apr/2019:04:54:50 +0800] "GET /css/index.min.css?v=2.5.5 HTTP/1.1" 200 8194 "https://bz.zzzmh.cn/" "Mozilla/4.0 (compatible; MSIE 7.0; Windows NT 5.1; WOW64; Trident/4.0; SLCC2; .NET CLR 2.0.50727)" "-"
120.203.138.76 - - [19/Apr/2019:04:54:50 +0800] "GET /js/index.min.js?v=2.5.5 HTTP/1.1" 200 8887 "https://bz.zzzmh.cn/" "Mozilla/4.0 (compatible; MSIE 7.0; Windows NT 5.1; WOW64; Trident/4.0; SLCC2; .NET CLR 2.0.50727)" "-"
59.59.20.59 - - [19/Apr/2019:04:54:57 +0800] "GET /css/index.min.css?v=2.5.5 HTTP/1.1" 200 8194 "https://bz.zzzmh.cn/" "Mozilla/4.0 (compatible; MSIE 8.0; Windows NT 5.1; WOW64; Trident/4.0; .NET4.0C; .NET4.0E; .NET CLR 2.0.50727; .NET CLR 3.0.30729; .NET CLR 3.5.30729; 360SE)" "-"
59.59.20.59 - - [19/Apr/2019:04:54:58 +0800] "GET /js/index.min.js?v=2.5.5 HTTP/1.1" 200 8887 "https://bz.zzzmh.cn/" "Mozilla/4.0 (compatible; MSIE 8.0; Windows NT 5.1; WOW64; Trident/4.0; .NET4.0C; .NET4.0E; .NET CLR 2.0.50727; .NET CLR 3.0.30729; .NET CLR 3.5.30729; 360SE)" "-"
111.255.40.120 - - [19/Apr/2019:04:54:58 +0800] "GET /css/index.min.css?v=2.5.5 HTTP/1.1" 200 8194 "https://bz.zzzmh.cn/" "Mozilla/5.0 (compatible; MSIE 10.0; Windows NT 6.1; WOW64; Trident/6.0; .NET4.0C; .NET4.0E)" "-"
111.255.40.120 - - [19/Apr/2019:04:54:59 +0800] "GET /js/index.min.js?v=2.5.5 HTTP/1.1" 200 8887 "https://bz.zzzmh.cn/" "Mozilla/5.0 (compatible; MSIE 10.0; Windows NT 6.1; WOW64; Trident/6.0; .NET4.0C; .NET4.0E)" "-"
122.228.189.113 - - [19/Apr/2019:04:55:02 +0800] "GET /css/index.min.css?v=2.5.5 HTTP/1.1" 200 8194 "https://bz.zzzmh.cn/" "Mozilla/4.0 (compatible; MSIE 10.0; Windows NT 6.1; SE 2.x)" "-"
122.228.189.113 - - [19/Apr/2019:04:55:05 +0800] "GET /js/index.min.js?v=2.5.5 HTTP/1.1" 200 8887 "https://bz.zzzmh.cn/" "Mozilla/4.0 (compatible; MSIE 10.0; Windows NT 6.1; SE 2.x)" "-"
116.255.218.93 - - [19/Apr/2019:04:55:12 +0800] "GET /css/index.min.css?v=2.5.5 HTTP/1.1" 200 8194 "https://bz.zzzmh.cn/" "Mozilla/4.0 (compatible; MSIE 10.0; Windows NT 6.1)" "-"
116.255.218.93 - - [19/Apr/2019:04:55:13 +0800] "GET /js/index.min.js?v=2.5.5 HTTP/1.1" 200 8887 "https://bz.zzzmh.cn/" "Mozilla/4.0 (compatible; MSIE 10.0; Windows NT 6.1)" "-"
120.203.138.76 - - [19/Apr/2019:04:55:14 +0800] "GET /css/index.min.css?v=2.5.5 HTTP/1.1" 200 8194 "https://bz.zzzmh.cn/" "Mozilla/4.0 (compatible; MSIE 7.0; Windows NT 5.1; WOW64; Trident/4.0; SLCC2; .NET CLR 2.0.50727)" "-"
120.203.138.76 - - [19/Apr/2019:04:55:14 +0800] "GET /js/index.min.js?v=2.5.5 HTTP/1.1" 200 8887 "https://bz.zzzmh.cn/" "Mozilla/4.0 (compatible; MSIE 7.0; Windows NT 5.1; WOW64; Trident/4.0; SLCC2; .NET CLR 2.0.50727)" "-"
59.59.20.59 - - [19/Apr/2019:04:55:15 +0800] "GET /css/index.min.css?v=2.5.5 HTTP/1.1" 304 0 "https://bz.zzzmh.cn/" "Mozilla/4.0 (compatible; MSIE 8.0; Windows NT 5.1; WOW64; Trident/4.0; .NET4.0C; .NET4.0E; .NET CLR 2.0.50727; .NET CLR 3.0.30729; .NET CLR 3.5.30729; 360SE)" "-"
59.59.20.59 - - [19/Apr/2019:04:55:16 +0800] "GET /js/index.min.js?v=2.5.5 HTTP/1.1" 304 0 "https://bz.zzzmh.cn/" "Mozilla/4.0 (compatible; MSIE 8.0; Windows NT 5.1; WOW64; Trident/4.0; .NET4.0C; .NET4.0E; .NET CLR 2.0.50727; .NET CLR 3.0.30729; .NET CLR 3.5.30729; 360SE)" "-"
111.255.40.120 - - [19/Apr/2019:04:55:24 +0800] "GET /css/index.min.css?v=2.5.5 HTTP/1.1" 304 0 "https://bz.zzzmh.cn/" "Mozilla/5.0 (compatible; MSIE 10.0; Windows NT 6.1; WOW64; Trident/6.0; .NET4.0C; .NET4.0E)" "-"
111.255.40.120 - - [19/Apr/2019:04:55:24 +0800] "GET /js/index.min.js?v=2.5.5 HTTP/1.1" 304 0 "https://bz.zzzmh.cn/" "Mozilla/5.0 (compatible; MSIE 10.0; Windows NT 6.1; WOW64; Trident/6.0; .NET4.0C; .NET4.0E)" "-"
118.89.247.122 - - [19/Apr/2019:04:55:29 +0800] "GET /css/index.min.css?v=2.5.5 HTTP/1.1" 200 8194 "https://bz.zzzmh.cn/" "Mozilla/4.0 (compatible; MSIE 8.0; Windows NT 5.1; WOW64; Trident/4.0; SLCC2; .NET CLR 2.0.50727; .NET CLR 3.5.30729; .NET CLR 3.0.30729; .NET4.0C; .NET4.0E)" "-"
118.89.247.122 - - [19/Apr/2019:04:55:29 +0800] "GET /js/index.min.js?v=2.5.5 HTTP/1.1" 200 8887 "https://bz.zzzmh.cn/" "Mozilla/4.0 (compatible; MSIE 8.0; Windows NT 5.1; WOW64; Trident/4.0; SLCC2; .NET CLR 2.0.50727; .NET CLR 3.5.30729; .NET CLR 3.0.30729; .NET4.0C; .NET4.0E)" "-"
116.255.218.93 - - [19/Apr/2019:04:55:33 +0800] "GET /css/index.min.css?v=2.5.5 HTTP/1.1" 200 8194 "https://bz.zzzmh.cn/" "Mozilla/4.0 (compatible; MSIE 10.0; Windows NT 6.1)" "-"
116.255.218.93 - - [19/Apr/2019:04:55:34 +0800] "GET /js/index.min.js?v=2.5.5 HTTP/1.1" 200 8887 "https://bz.zzzmh.cn/" "Mozilla/4.0 (compatible; MSIE 10.0; Windows NT 6.1)" "-"
58.114.160.103 - - [19/Apr/2019:04:55:44 +0800] "GET /css/index.min.css?v=2.5.5 HTTP/1.1" 200 8194 "https://bz.zzzmh.cn/" "Mozilla/5.0 (Windows NT 5.1) AppleWebKit/537.36 (KHTML, like Gecko) Chrome/48.0.2564.109 Safari/537.36" "-"
58.114.160.103 - - [19/Apr/2019:04:55:44 +0800] "GET /js/index.min.js?v=2.5.5 HTTP/1.1" 200 8887 "https://bz.zzzmh.cn/" "Mozilla/5.0 (Windows NT 5.1) AppleWebKit/537.36 (KHTML, like Gecko) Chrome/48.0.2564.109 Safari/537.36" "-"
14.215.176.21 - - [19/Apr/2019:04:55:48 +0800] "GET /css/index.min.css?v=2.5.5 HTTP/1.1" 200 8194 "https://bz.zzzmh.cn/" "Mozilla/5.0 (Windows NT 6.1; WOW64; rv:43.0) Gecko/20100101 Firefox/43.0" "-"
14.215.176.21 - - [19/Apr/2019:04:55:48 +0800] "GET /js/index.min.js?v=2.5.5 HTTP/1.1" 200 8887 "https://bz.zzzmh.cn/" "Mozilla/5.0 (Windows NT 6.1; WOW64; rv:43.0) Gecko/20100101 Firefox/43.0" "-"
114.220.239.193 - - [19/Apr/2019:04:55:50 +0800] "GET /css/index.min.css?v=2.5.5 HTTP/1.1" 200 8194 "https://bz.zzzmh.cn/" "Mozilla/4.0 (compatible; MSIE 8.0; Windows NT 5.1; WOW64; Trident/4.0; SLCC2; .NET CLR 2.0.50727; .NET CLR 3.5.30729; .NET CLR 3.0.30729; Media Center PC 6.0)" "-"
114.220.239.193 - - [19/Apr/2019:04:55:50 +0800] "GET /js/index.min.js?v=2.5.5 HTTP/1.1" 200 8887 "https://bz.zzzmh.cn/" "Mozilla/4.0 (compatible; MSIE 8.0; Windows NT 5.1; WOW64; Trident/4.0; SLCC2; .NET CLR 2.0.50727; .NET CLR 3.5.30729; .NET CLR 3.0.30729; Media Center PC 6.0)" "-"
118.89.247.122 - - [19/Apr/2019:04:55:52 +0800] "GET /css/index.min.css?v=2.5.5 HTTP/1.1" 304 0 "https://bz.zzzmh.cn/" "Mozilla/4.0 (compatible; MSIE 8.0; Windows NT 5.1; WOW64; Trident/4.0; SLCC2; .NET CLR 2.0.50727; .NET CLR 3.5.30729; .NET CLR 3.0.30729; .NET4.0C; .NET4.0E)" "-"
118.89.247.122 - - [19/Apr/2019:04:55:52 +0800] "GET /js/index.min.js?v=2.5.5 HTTP/1.1" 304 0 "https://bz.zzzmh.cn/" "Mozilla/4.0 (compatible; MSIE 8.0; Windows NT 5.1; WOW64; Trident/4.0; SLCC2; .NET CLR 2.0.50727; .NET CLR 3.5.30729; .NET CLR 3.0.30729; .NET4.0C; .NET4.0E)" "-"
112.14.102.55 - - [19/Apr/2019:04:55:55 +0800] "GET /css/index.min.css?v=2.5.5 HTTP/1.1" 200 8194 "https://bz.zzzmh.cn/" "Mozilla/4.0 (compatible; MSIE 9.0; Windows NT 6.1)" "-"
112.14.102.55 - - [19/Apr/2019:04:55:56 +0800] "GET /js/index.min.js?v=2.5.5 HTTP/1.1" 200 8887 "https://bz.zzzmh.cn/" "Mozilla/4.0 (compatible; MSIE 9.0; Windows NT 6.1)" "-"
203.160.182.27 - - [19/Apr/2019:04:55:56 +0800] "GET /css/index.min.css?v=2.5.5 HTTP/1.1" 200 8194 "https://bz.zzzmh.cn/" "Mozilla/4.0 (compatible; MSIE 6.0; Windows NT 5.1; WOW64; Trident/4.0; SLCC2; .NET CLR 2.0.50727)" "-"
203.160.182.27 - - [19/Apr/2019:04:55:57 +0800] "GET /js/index.min.js?v=2.5.5 HTTP/1.1" 200 8887 "https://bz.zzzmh.cn/" "Mozilla/4.0 (compatible; MSIE 6.0; Windows NT 5.1; WOW64; Trident/4.0; SLCC2; .NET CLR 2.0.50727)" "-"
203.171.226.188 - - [19/Apr/2019:04:55:57 +0800] "GET /css/index.min.css?v=2.5.5 HTTP/1.1" 200 8194 "https://bz.zzzmh.cn/" "Mozilla/4.0 (compatible; MSIE 8.0; Windows NT 5.1; 360SE)" "-"
122.114.246.191 - - [19/Apr/2019:04:55:58 +0800] "GET /css/index.min.css?v=2.5.5 HTTP/1.1" 200 8194 "https://bz.zzzmh.cn/" "Mozilla/5.0 (Windows NT 5.1) AppleWebKit/537.36 (KHTML, like Gecko) Chrome/48.0.2564.109 Safari/537.36" "-"
122.114.246.191 - - [19/Apr/2019:04:55:58 +0800] "GET /js/index.min.js?v=2.5.5 HTTP/1.1" 200 8887 "https://bz.zzzmh.cn/" "Mozilla/5.0 (Windows NT 5.1) AppleWebKit/537.36 (KHTML, like Gecko) Chrome/48.0.2564.109 Safari/537.36" "-"
203.171.226.188 - - [19/Apr/2019:04:55:59 +0800] "GET /js/index.min.js?v=2.5.5 HTTP/1.1" 200 8887 "https://bz.zzzmh.cn/" "Mozilla/4.0 (compatible; MSIE 8.0; Windows NT 5.1; 360SE)" "-"
114.231.181.218 - - [19/Apr/2019:04:56:06 +0800] "GET /js/info.js?v=1.9.5 HTTP/1.1" 200 543 "https://chrome.zzzmh.cn/info?token=dhdgffkkebhmkfjojejmpbldmpobfkfo" "Mozilla/5.0 (Windows NT 6.1; WOW64) AppleWebKit/537.36 (KHTML, like Gecko) Chrome/38.0.2125.122 Safari/537.36 SE 2.X MetaSr 1.0" "-"
60.205.215.38 - - [19/Apr/2019:04:56:06 +0800] "GET /css/index.min.css?v=2.5.5 HTTP/1.1" 200 8194 "https://bz.zzzmh.cn/" "Mozilla/4.0 (compatible; MSIE 9.0; Windows NT 6.1; 360SE)" "-"
60.205.215.38 - - [19/Apr/2019:04:56:06 +0800] "GET /js/index.min.js?v=2.5.5 HTTP/1.1" 200 8887 "https://bz.zzzmh.cn/" "Mozilla/4.0 (compatible; MSIE 9.0; Windows NT 6.1; 360SE)" "-"
58.114.160.103 - - [19/Apr/2019:04:56:07 +0800] "GET /css/index.min.css?v=2.5.5 HTTP/1.1" 304 0 "https://bz.zzzmh.cn/" "Mozilla/5.0 (Windows NT 5.1) AppleWebKit/537.36 (KHTML, like Gecko) Chrome/48.0.2564.109 Safari/537.36" "-"
196.74.173.8 - - [19/Apr/2019:04:56:10 +0800] "GET /css/index.min.css?v=2.5.5 HTTP/1.1" 200 8194 "https://bz.zzzmh.cn/" "Mozilla/4.0 (compatible; MSIE 8.0; Windows NT 5.1; WOW64; Trident/4.0; SLCC2; .NET CLR 2.0.50727; .NET CLR 3.5.30729; .NET CLR 3.0.30729; Media Center PC 6.0)" "-"
114.220.239.193 - - [19/Apr/2019:04:56:12 +0800] "GET /css/index.min.css?v=2.5.5 HTTP/1.1" 304 0 "https://bz.zzzmh.cn/" "Mozilla/4.0 (compatible; MSIE 8.0; Windows NT 5.1; WOW64; Trident/4.0; SLCC2; .NET CLR 2.0.50727; .NET CLR 3.5.30729; .NET CLR 3.0.30729; Media Center PC 6.0)" "-"
114.220.239.193 - - [19/Apr/2019:04:56:12 +0800] "GET /js/index.min.js?v=2.5.5 HTTP/1.1" 304 0 "https://bz.zzzmh.cn/" "Mozilla/4.0 (compatible; MSIE 8.0; Windows NT 5.1; WOW64; Trident/4.0; SLCC2; .NET CLR 2.0.50727; .NET CLR 3.5.30729; .NET CLR 3.0.30729; Media Center PC 6.0)" "-"
122.228.189.110 - - [19/Apr/2019:04:56:16 +0800] "GET /css/index.min.css?v=2.5.5 HTTP/1.1" 200 8194 "https://bz.zzzmh.cn/" "Mozilla/4.0 (compatible; MSIE 9.0; Windows NT 6.1)" "-"
122.228.189.110 - - [19/Apr/2019:04:56:16 +0800] "GET /js/index.min.js?v=2.5.5 HTTP/1.1" 200 8887 "https://bz.zzzmh.cn/" "Mozilla/4.0 (compatible; MSIE 9.0; Windows NT 6.1)" "-"
203.171.226.188 - - [19/Apr/2019:04:56:18 +0800] "GET /css/index.min.css?v=2.5.5 HTTP/1.1" 304 0 "https://bz.zzzmh.cn/" "Mozilla/4.0 (compatible; MSIE 8.0; Windows NT 5.1; 360SE)" "-"
203.171.226.188 - - [19/Apr/2019:04:56:18 +0800] "GET /js/index.min.js?v=2.5.5 HTTP/1.1" 304 0 "https://bz.zzzmh.cn/" "Mozilla/4.0 (compatible; MSIE 8.0; Windows NT 5.1; 360SE)" "-"
203.160.182.27 - - [19/Apr/2019:04:56:19 +0800] "GET /css/index.min.css?v=2.5.5 HTTP/1.1" 304 0 "https://bz.zzzmh.cn/" "Mozilla/4.0 (compatible; MSIE 6.0; Windows NT 5.1; WOW64; Trident/4.0; SLCC2; .NET CLR 2.0.50727)" "-"
203.160.182.27 - - [19/Apr/2019:04:56:19 +0800] "GET /js/index.min.js?v=2.5.5 HTTP/1.1" 304 0 "https://bz.zzzmh.cn/" "Mozilla/4.0 (compatible; MSIE 6.0; Windows NT 5.1; WOW64; Trident/4.0; SLCC2; .NET CLR 2.0.50727)" "-"
112.14.102.55 - - [19/Apr/2019:04:56:20 +0800] "GET /css/index.min.css?v=2.5.5 HTTP/1.1" 304 0 "https://bz.zzzmh.cn/" "Mozilla/4.0 (compatible; MSIE 9.0; Windows NT 6.1)" "-"
112.14.102.55 - - [19/Apr/2019:04:56:21 +0800] "GET /js/index.min.js?v=2.5.5 HTTP/1.1" 304 0 "https://bz.zzzmh.cn/" "Mozilla/4.0 (compatible; MSIE 9.0; Windows NT 6.1)" "-"
157.130.237.58 - - [19/Apr/2019:04:56:24 +0800] "GET /css/index.min.css?v=2.5.5 HTTP/1.1" 200 8194 "https://bz.zzzmh.cn/" "Mozilla/4.0 (compatible; MSIE 8.0; Windows NT 5.1; WOW64; Trident/4.0; .NET4.0E; .NET4.0C; .NET CLR 3.5.30729; .NET CLR 2.0.50727; .NET CLR 3.0.30729)" "-"
157.130.237.58 - - [19/Apr/2019:04:56:24 +0800] "GET /js/index.min.js?v=2.5.5 HTTP/1.1" 200 8887 "https://bz.zzzmh.cn/" "Mozilla/4.0 (compatible; MSIE 8.0; Windows NT 5.1; WOW64; Trident/4.0; .NET4.0E; .NET4.0C; .NET CLR 3.5.30729; .NET CLR 2.0.50727; .NET CLR 3.0.30729)" "-"
60.205.215.38 - - [19/Apr/2019:04:56:25 +0800] "GET /css/index.min.css?v=2.5.5 HTTP/1.1" 200 8194 "https://bz.zzzmh.cn/" "Mozilla/4.0 (compatible; MSIE 9.0; Windows NT 6.1; 360SE)" "-"
36.153.1.163 - - [19/Apr/2019:04:56:39 +0800] "GET /css/index.min.css?v=2.5.5 HTTP/1.1" 200 8194 "https://bz.zzzmh.cn/" "Mozilla/5.0 (Windows NT 5.1) AppleWebKit/537.36 (KHTML, like Gecko) Chrome/48.0.2564.109 Safari/537.36" "-"
36.153.1.163 - - [19/Apr/2019:04:56:39 +0800] "GET /js/index.min.js?v=2.5.5 HTTP/1.1" 200 8887 "https://bz.zzzmh.cn/" "Mozilla/5.0 (Windows NT 5.1) AppleWebKit/537.36 (KHTML, like Gecko) Chrome/48.0.2564.109 Safari/537.36" "-"
122.228.189.110 - - [19/Apr/2019:04:56:41 +0800] "GET /css/index.min.css?v=2.5.5 HTTP/1.1" 304 0 "https://bz.zzzmh.cn/" "Mozilla/4.0 (compatible; MSIE 9.0; Windows NT 6.1)" "-"
122.228.189.110 - - [19/Apr/2019:04:56:41 +0800] "GET /js/index.min.js?v=2.5.5 HTTP/1.1" 304 0 "https://bz.zzzmh.cn/" "Mozilla/4.0 (compatible; MSIE 9.0; Windows NT 6.1)" "-"
157.130.237.58 - - [19/Apr/2019:04:56:43 +0800] "GET /css/index.min.css?v=2.5.5 HTTP/1.1" 304 0 "https://bz.zzzmh.cn/" "Mozilla/4.0 (compatible; MSIE 8.0; Windows NT 5.1; WOW64; Trident/4.0; .NET4.0E; .NET4.0C; .NET CLR 3.5.30729; .NET CLR 2.0.50727; .NET CLR 3.0.30729)" "-"
157.130.237.58 - - [19/Apr/2019:04:56:43 +0800] "GET /js/index.min.js?v=2.5.5 HTTP/1.1" 304 0 "https://bz.zzzmh.cn/" "Mozilla/4.0 (compatible; MSIE 8.0; Windows NT 5.1; WOW64; Trident/4.0; .NET4.0E; .NET4.0C; .NET CLR 3.5.30729; .NET CLR 2.0.50727; .NET CLR 3.0.30729)" "-"
114.231.181.218 - - [19/Apr/2019:04:56:49 +0800] "GET /css/iconfont.css HTTP/1.1" 304 0 "https://chrome.zzzmh.cn/info?token=chrome" "Mozilla/5.0 (Windows NT 6.1; WOW64) AppleWebKit/537.36 (KHTML, like Gecko) Chrome/38.0.2125.122 Safari/537.36 SE 2.X MetaSr 1.0" "-"
114.231.181.218 - - [19/Apr/2019:04:56:49 +0800] "GET /css/styles.css?v=1.9.5 HTTP/1.1" 304 0 "https://chrome.zzzmh.cn/info?token=chrome" "Mozilla/5.0 (Windows NT 6.1; WOW64) AppleWebKit/537.36 (KHTML, like Gecko) Chrome/38.0.2125.122 Safari/537.36 SE 2.X MetaSr 1.0" "-"
114.231.181.218 - - [19/Apr/2019:04:56:49 +0800] "GET /css/loading2.css HTTP/1.1" 304 0 "https://chrome.zzzmh.cn/info?token=chrome" "Mozilla/5.0 (Windows NT 6.1; WOW64) AppleWebKit/537.36 (KHTML, like Gecko) Chrome/38.0.2125.122 Safari/537.36 SE 2.X MetaSr 1.0" "-"
114.231.181.218 - - [19/Apr/2019:04:56:49 +0800] "GET /js/loading2.js HTTP/1.1" 304 0 "https://chrome.zzzmh.cn/info?token=chrome" "Mozilla/5.0 (Windows NT 6.1; WOW64) AppleWebKit/537.36 (KHTML, like Gecko) Chrome/38.0.2125.122 Safari/537.36 SE 2.X MetaSr 1.0" "-"
114.231.181.218 - - [19/Apr/2019:04:56:49 +0800] "GET /js/baidu.js HTTP/1.1" 304 0 "https://chrome.zzzmh.cn/info?token=chrome" "Mozilla/5.0 (Windows NT 6.1; WOW64) AppleWebKit/537.36 (KHTML, like Gecko) Chrome/38.0.2125.122 Safari/537.36 SE 2.X MetaSr 1.0" "-"
114.231.181.218 - - [19/Apr/2019:04:56:49 +0800] "GET /js/common.js HTTP/1.1" 304 0 "https://chrome.zzzmh.cn/info?token=chrome" "Mozilla/5.0 (Windows NT 6.1; WOW64) AppleWebKit/537.36 (KHTML, like Gecko) Chrome/38.0.2125.122 Safari/537.36 SE 2.X MetaSr 1.0" "-"
114.231.181.218 - - [19/Apr/2019:04:56:49 +0800] "GET /js/info.js?v=1.9.5 HTTP/1.1" 304 0 "https://chrome.zzzmh.cn/info?token=chrome" "Mozilla/5.0 (Windows NT 6.1; WOW64) AppleWebKit/537.36 (KHTML, like Gecko) Chrome/38.0.2125.122 Safari/537.36 SE 2.X MetaSr 1.0" "-"
207.180.241.126 - - [19/Apr/2019:04:56:52 +0800] "GET /css/index.min.css?v=2.5.5 HTTP/1.1" 200 8194 "https://bz.zzzmh.cn/" "Mozilla/5.0 (Windows NT 6.1) AppleWebKit/537.36 (KHTML, like Gecko) Chrome/29.0.1547.76 Safari/537.36" "-"
27.69.188.28 - - [19/Apr/2019:04:56:52 +0800] "GET /css/index.min.css?v=2.5.5 HTTP/1.1" 200 8194 "https://bz.zzzmh.cn/" "Mozilla/5.0 (Windows NT 6.1) AppleWebKit/537.36 (KHTML, like Gecko) Chrome/48.0.2564.109 Safari/537.36" "-"
207.180.241.126 - - [19/Apr/2019:04:56:52 +0800] "GET /js/index.min.js?v=2.5.5 HTTP/1.1" 200 8887 "https://bz.zzzmh.cn/" "Mozilla/5.0 (Windows NT 6.1) AppleWebKit/537.36 (KHTML, like Gecko) Chrome/29.0.1547.76 Safari/537.36" "-"
5.196.57.208 - - [19/Apr/2019:04:56:53 +0800] "GET /css/index.min.css?v=2.5.5 HTTP/1.1" 200 8194 "https://bz.zzzmh.cn/" "Mozilla/4.0 (compatible; MSIE 7.0; Windows NT 5.1; WOW64; Trident/4.0; SLCC2; .NET CLR 2.0.50727)" "-"
27.69.188.28 - - [19/Apr/2019:04:56:53 +0800] "GET /js/index.min.js?v=2.5.5 HTTP/1.1" 200 8887 "https://bz.zzzmh.cn/" "Mozilla/5.0 (Windows NT 6.1) AppleWebKit/537.36 (KHTML, like Gecko) Chrome/48.0.2564.109 Safari/537.36" "-"
36.153.1.163 - - [19/Apr/2019:04:56:59 +0800] "GET /css/index.min.css?v=2.5.5 HTTP/1.1" 304 0 "https://bz.zzzmh.cn/" "Mozilla/5.0 (Windows NT 5.1) AppleWebKit/537.36 (KHTML, like Gecko) Chrome/48.0.2564.109 Safari/537.36" "-"
36.153.1.163 - - [19/Apr/2019:04:56:59 +0800] "GET /js/index.min.js?v=2.5.5 HTTP/1.1" 304 0 "https://bz.zzzmh.cn/" "Mozilla/5.0 (Windows NT 5.1) AppleWebKit/537.36 (KHTML, like Gecko) Chrome/48.0.2564.109 Safari/537.36" "-"
5.196.57.208 - - [19/Apr/2019:04:57:02 +0800] "GET /js/index.min.js?v=2.5.5 HTTP/1.1" 200 8887 "https://bz.zzzmh.cn/" "Mozilla/4.0 (compatible; MSIE 7.0; Windows NT 5.1; WOW64; Trident/4.0; SLCC2; .NET CLR 2.0.50727)" "-"
121.42.140.101 - - [19/Apr/2019:04:57:06 +0800] "GET /css/index.min.css?v=2.5.5 HTTP/1.1" 200 8194 "https://bz.zzzmh.cn/" "Mozilla/4.0 (compatible; MSIE 8.0; Windows NT 5.1; WOW64; Trident/4.0; SLCC2; .NET CLR 2.0.50727; 360SE)" "-"
121.42.140.101 - - [19/Apr/2019:04:57:06 +0800] "GET /js/index.min.js?v=2.5.5 HTTP/1.1" 200 8887 "https://bz.zzzmh.cn/" "Mozilla/4.0 (compatible; MSIE 8.0; Windows NT 5.1; WOW64; Trident/4.0; SLCC2; .NET CLR 2.0.50727; 360SE)" "-"
116.255.194.246 - - [19/Apr/2019:04:57:11 +0800] "GET /css/index.min.css?v=2.5.5 HTTP/1.1" 200 8194 "https://bz.zzzmh.cn/" "Mozilla/4.0 (compatible; MSIE 10.0; Windows NT 6.1; 360SE)" "-"
87.116.176.201 - - [19/Apr/2019:04:57:12 +0800] "GET /css/index.min.css?v=2.5.5 HTTP/1.1" 200 8194 "https://bz.zzzmh.cn/" "Mozilla/4.0 (compatible; MSIE 7.0; Windows NT 5.1; WOW64; Trident/4.0; .NET4.0C; .NET4.0E; .NET CLR 2.0.50727; .NET CLR 3.0.30729; .NET CLR 3.5.30729; 360SE)" "-"
116.255.194.246 - - [19/Apr/2019:04:57:12 +0800] "GET /js/index.min.js?v=2.5.5 HTTP/1.1" 200 8887 "https://bz.zzzmh.cn/" "Mozilla/4.0 (compatible; MSIE 10.0; Windows NT 6.1; 360SE)" "-"
87.116.176.201 - - [19/Apr/2019:04:57:13 +0800] "GET /js/index.min.js?v=2.5.5 HTTP/1.1" 200 8887 "https://bz.zzzmh.cn/" "Mozilla/4.0 (compatible; MSIE 7.0; Windows NT 5.1; WOW64; Trident/4.0; .NET4.0C; .NET4.0E; .NET CLR 2.0.50727; .NET CLR 3.0.30729; .NET CLR 3.5.30729; 360SE)" "-"
207.180.241.126 - - [19/Apr/2019:04:57:14 +0800] "GET /css/index.min.css?v=2.5.5 HTTP/1.1" 200 8194 "https://bz.zzzmh.cn/" "Mozilla/5.0 (Windows NT 6.1) AppleWebKit/537.36 (KHTML, like Gecko) Chrome/29.0.1547.76 Safari/537.36" "-"
27.69.188.28 - - [19/Apr/2019:04:57:16 +0800] "GET /css/index.min.css?v=2.5.5 HTTP/1.1" 304 0 "https://bz.zzzmh.cn/" "Mozilla/5.0 (Windows NT 6.1) AppleWebKit/537.36 (KHTML, like Gecko) Chrome/48.0.2564.109 Safari/537.36" "-"
27.69.188.28 - - [19/Apr/2019:04:57:17 +0800] "GET /js/index.min.js?v=2.5.5 HTTP/1.1" 304 0 "https://bz.zzzmh.cn/" "Mozilla/5.0 (Windows NT 6.1) AppleWebKit/537.36 (KHTML, like Gecko) Chrome/48.0.2564.109 Safari/537.36" "-"
5.196.57.208 - - [19/Apr/2019:04:57:17 +0800] "GET /css/index.min.css?v=2.5.5 HTTP/1.1" 304 0 "https://bz.zzzmh.cn/" "Mozilla/4.0 (compatible; MSIE 7.0; Windows NT 5.1; WOW64; Trident/4.0; SLCC2; .NET CLR 2.0.50727)" "-"
5.196.57.208 - - [19/Apr/2019:04:57:18 +0800] "GET /js/index.min.js?v=2.5.5 HTTP/1.1" 304 0 "https://bz.zzzmh.cn/" "Mozilla/4.0 (compatible; MSIE 7.0; Windows NT 5.1; WOW64; Trident/4.0; SLCC2; .NET CLR 2.0.50727)" "-"
42.232.125.187 - - [19/Apr/2019:04:57:19 +0800] "GET /css/index.min.css?v=2.5.5 HTTP/1.1" 200 8194 "https://bz.zzzmh.cn/" "Mozilla/4.0 (compatible; MSIE 8.0; Windows NT 5.1; Trident/4.0; SLCC2; .NET CLR 2.0.50727; .NET CLR 3.5.30729; .NET CLR 3.0.30729)" "-"
42.232.125.187 - - [19/Apr/2019:04:57:19 +0800] "GET /js/index.min.js?v=2.5.5 HTTP/1.1" 200 8887 "https://bz.zzzmh.cn/" "Mozilla/4.0 (compatible; MSIE 8.0; Windows NT 5.1; Trident/4.0; SLCC2; .NET CLR 2.0.50727; .NET CLR 3.5.30729; .NET CLR 3.0.30729)" "-"
221.223.94.92 - - [19/Apr/2019:04:57:26 +0800] "GET /css/index.min.css?v=2.5.5 HTTP/1.1" 200 8194 "https://bz.zzzmh.cn/" "Mozilla/4.0 (compatible; MSIE 10.0; Windows NT 6.1)" "-"
221.223.94.92 - - [19/Apr/2019:04:57:27 +0800] "GET /js/index.min.js?v=2.5.5 HTTP/1.1" 200 8887 "https://bz.zzzmh.cn/" "Mozilla/4.0 (compatible; MSIE 10.0; Windows NT 6.1)" "-"
36.231.174.168 - - [19/Apr/2019:04:57:28 +0800] "GET /css/index.min.css?v=2.5.5 HTTP/1.1" 200 8194 "https://bz.zzzmh.cn/" "Mozilla/5.0 (compatible; MSIE 10.0; Windows NT 6.1; WOW64; Trident/6.0; .NET4.0C; .NET4.0E; .NET CLR 2.0.50727; .NET CLR 3.0.30729; .NET CLR 3.5.30729; SE 2.x)" "-"
36.231.174.168 - - [19/Apr/2019:04:57:28 +0800] "GET /js/index.min.js?v=2.5.5 HTTP/1.1" 200 8887 "https://bz.zzzmh.cn/" "Mozilla/5.0 (compatible; MSIE 10.0; Windows NT 6.1; WOW64; Trident/6.0; .NET4.0C; .NET4.0E; .NET CLR 2.0.50727; .NET CLR 3.0.30729; .NET CLR 3.5.30729; SE 2.x)" "-"
121.42.140.101 - - [19/Apr/2019:04:57:29 +0800] "GET /css/index.min.css?v=2.5.5 HTTP/1.1" 304 0 "https://bz.zzzmh.cn/" "Mozilla/4.0 (compatible; MSIE 8.0; Windows NT 5.1; WOW64; Trident/4.0; SLCC2; .NET CLR 2.0.50727; 360SE)" "-"
121.42.140.101 - - [19/Apr/2019:04:57:29 +0800] "GET /js/index.min.js?v=2.5.5 HTTP/1.1" 304 0 "https://bz.zzzmh.cn/" "Mozilla/4.0 (compatible; MSIE 8.0; Windows NT 5.1; WOW64; Trident/4.0; SLCC2; .NET CLR 2.0.50727; 360SE)" "-"
87.116.176.201 - - [19/Apr/2019:04:57:30 +0800] "GET /css/index.min.css?v=2.5.5 HTTP/1.1" 304 0 "https://bz.zzzmh.cn/" "Mozilla/4.0 (compatible; MSIE 7.0; Windows NT 5.1; WOW64; Trident/4.0; .NET4.0C; .NET4.0E; .NET CLR 2.0.50727; .NET CLR 3.0.30729; .NET CLR 3.5.30729; 360SE)" "-"
58.114.65.213 - - [19/Apr/2019:04:57:30 +0800] "GET /css/index.min.css?v=2.5.5 HTTP/1.1" 200 8194 "https://bz.zzzmh.cn/" "Mozilla/4.0 (compatible; MSIE 8.0; Windows NT 5.1)" "-"
87.116.176.201 - - [19/Apr/2019:04:57:31 +0800] "GET /js/index.min.js?v=2.5.5 HTTP/1.1" 304 0 "https://bz.zzzmh.cn/" "Mozilla/4.0 (compatible; MSIE 7.0; Windows NT 5.1; WOW64; Trident/4.0; .NET4.0C; .NET4.0E; .NET CLR 2.0.50727; .NET CLR 3.0.30729; .NET CLR 3.5.30729; 360SE)" "-"
58.114.65.213 - - [19/Apr/2019:04:57:31 +0800] "GET /js/index.min.js?v=2.5.5 HTTP/1.1" 200 8887 "https://bz.zzzmh.cn/" "Mozilla/4.0 (compatible; MSIE 8.0; Windows NT 5.1)" "-"
113.109.205.115 - - [19/Apr/2019:04:57:34 +0800] "GET /css/index.min.css?v=2.5.5 HTTP/1.1" 200 8194 "https://bz.zzzmh.cn/" "Mozilla/4.0 (compatible; MSIE 7.0; Windows NT 5.1)" "-"
113.109.205.115 - - [19/Apr/2019:04:57:34 +0800] "GET /js/index.min.js?v=2.5.5 HTTP/1.1" 200 8887 "https://bz.zzzmh.cn/" "Mozilla/4.0 (compatible; MSIE 7.0; Windows NT 5.1)" "-"
116.255.194.246 - - [19/Apr/2019:04:57:35 +0800] "GET /css/index.min.css?v=2.5.5 HTTP/1.1" 200 8194 "https://bz.zzzmh.cn/" "Mozilla/4.0 (compatible; MSIE 10.0; Windows NT 6.1; 360SE)" "-"
116.255.194.246 - - [19/Apr/2019:04:57:36 +0800] "GET /js/index.min.js?v=2.5.5 HTTP/1.1" 200 8887 "https://bz.zzzmh.cn/" "Mozilla/4.0 (compatible; MSIE 10.0; Windows NT 6.1; 360SE)" "-"
42.232.125.187 - - [19/Apr/2019:04:57:41 +0800] "GET /css/index.min.css?v=2.5.5 HTTP/1.1" 304 0 "https://bz.zzzmh.cn/" "Mozilla/4.0 (compatible; MSIE 8.0; Windows NT 5.1; Trident/4.0; SLCC2; .NET CLR 2.0.50727; .NET CLR 3.5.30729; .NET CLR 3.0.30729)" "-"
42.232.125.187 - - [19/Apr/2019:04:57:41 +0800] "GET /js/index.min.js?v=2.5.5 HTTP/1.1" 304 0 "https://bz.zzzmh.cn/" "Mozilla/4.0 (compatible; MSIE 8.0; Windows NT 5.1; Trident/4.0; SLCC2; .NET CLR 2.0.50727; .NET CLR 3.5.30729; .NET CLR 3.0.30729)" "-"
221.223.94.92 - - [19/Apr/2019:04:57:44 +0800] "GET /css/index.min.css?v=2.5.5 HTTP/1.1" 304 0 "https://bz.zzzmh.cn/" "Mozilla/4.0 (compatible; MSIE 10.0; Windows NT 6.1)" "-"
221.223.94.92 - - [19/Apr/2019:04:57:44 +0800] "GET /js/index.min.js?v=2.5.5 HTTP/1.1" 304 0 "https://bz.zzzmh.cn/" "Mozilla/4.0 (compatible; MSIE 10.0; Windows NT 6.1)" "-"
124.11.185.15 - - [19/Apr/2019:04:57:45 +0800] "GET /css/index.min.css?v=2.5.5 HTTP/1.1" 200 8194 "https://bz.zzzmh.cn/" "Mozilla/4.0 (compatible; MSIE 6.0; Windows NT 5.1; WOW64; Trident/4.0; SLCC2; .NET CLR 2.0.50727; .NET CLR 3.5.30729; .NET CLR 3.0.30729; Media Center PC 6.0; .NET4.0C; .NET4.0E)" "-"
124.11.185.15 - - [19/Apr/2019:04:57:45 +0800] "GET /js/index.min.js?v=2.5.5 HTTP/1.1" 200 8887 "https://bz.zzzmh.cn/" "Mozilla/4.0 (compatible; MSIE 6.0; Windows NT 5.1; WOW64; Trident/4.0; SLCC2; .NET CLR 2.0.50727; .NET CLR 3.5.30729; .NET CLR 3.0.30729; Media Center PC 6.0; .NET4.0C; .NET4.0E)" "-"
36.231.174.168 - - [19/Apr/2019:04:57:48 +0800] "GET /css/index.min.css?v=2.5.5 HTTP/1.1" 304 0 "https://bz.zzzmh.cn/" "Mozilla/5.0 (compatible; MSIE 10.0; Windows NT 6.1; WOW64; Trident/6.0; .NET4.0C; .NET4.0E; .NET CLR 2.0.50727; .NET CLR 3.0.30729; .NET CLR 3.5.30729; SE 2.x)" "-"
116.3.192.161 - - [19/Apr/2019:04:57:50 +0800] "GET /css/index.min.css?v=2.5.5 HTTP/1.1" 200 8194 "https://bz.zzzmh.cn/" "Mozilla/4.0 (compatible; MSIE 8.0; Windows NT 5.1)" "-"
116.3.192.161 - - [19/Apr/2019:04:57:50 +0800] "GET /js/index.min.js?v=2.5.5 HTTP/1.1" 200 8887 "https://bz.zzzmh.cn/" "Mozilla/4.0 (compatible; MSIE 8.0; Windows NT 5.1)" "-"
113.109.205.115 - - [19/Apr/2019:04:57:56 +0800] "GET /css/index.min.css?v=2.5.5 HTTP/1.1" 304 0 "https://bz.zzzmh.cn/" "Mozilla/4.0 (compatible; MSIE 7.0; Windows NT 5.1)" "-"
113.109.205.115 - - [19/Apr/2019:04:57:56 +0800] "GET /js/index.min.js?v=2.5.5 HTTP/1.1" 304 0 "https://bz.zzzmh.cn/" "Mozilla/4.0 (compatible; MSIE 7.0; Windows NT 5.1)" "-"
58.114.65.213 - - [19/Apr/2019:04:57:57 +0800] "GET /css/index.min.css?v=2.5.5 HTTP/1.1" 304 0 "https://bz.zzzmh.cn/" "Mozilla/4.0 (compatible; MSIE 8.0; Windows NT 5.1)" "-"
58.114.65.213 - - [19/Apr/2019:04:57:57 +0800] "GET /js/index.min.js?v=2.5.5 HTTP/1.1" 304 0 "https://bz.zzzmh.cn/" "Mozilla/4.0 (compatible; MSIE 8.0; Windows NT 5.1)" "-"
124.11.185.15 - - [19/Apr/2019:04:58:09 +0800] "GET /css/index.min.css?v=2.5.5 HTTP/1.1" 304 0 "https://bz.zzzmh.cn/" "Mozilla/4.0 (compatible; MSIE 6.0; Windows NT 5.1; WOW64; Trident/4.0; SLCC2; .NET CLR 2.0.50727; .NET CLR 3.5.30729; .NET CLR 3.0.30729; Media Center PC 6.0; .NET4.0C; .NET4.0E)" "-"
124.11.185.15 - - [19/Apr/2019:04:58:10 +0800] "GET /js/index.min.js?v=2.5.5 HTTP/1.1" 304 0 "https://bz.zzzmh.cn/" "Mozilla/4.0 (compatible; MSIE 6.0; Windows NT 5.1; WOW64; Trident/4.0; SLCC2; .NET CLR 2.0.50727; .NET CLR 3.5.30729; .NET CLR 3.0.30729; Media Center PC 6.0; .NET4.0C; .NET4.0E)" "-"
116.3.192.161 - - [19/Apr/2019:04:58:13 +0800] "GET /css/index.min.css?v=2.5.5 HTTP/1.1" 200 8194 "https://bz.zzzmh.cn/" "Mozilla/4.0 (compatible; MSIE 8.0; Windows NT 5.1)" "-"
116.3.192.161 - - [19/Apr/2019:04:58:13 +0800] "GET /js/index.min.js?v=2.5.5 HTTP/1.1" 200 8887 "https://bz.zzzmh.cn/" "Mozilla/4.0 (compatible; MSIE 8.0; Windows NT 5.1)" "-"
118.171.193.198 - - [19/Apr/2019:04:58:21 +0800] "GET /css/index.min.css?v=2.5.5 HTTP/1.1" 200 8194 "https://bz.zzzmh.cn/" "Mozilla/5.0 (Windows NT 5.1) AppleWebKit/537.36 (KHTML, like Gecko) Chrome/48.0.2564.109 Safari/537.36" "-"
118.171.193.198 - - [19/Apr/2019:04:58:21 +0800] "GET /js/index.min.js?v=2.5.5 HTTP/1.1" 200 8887 "https://bz.zzzmh.cn/" "Mozilla/5.0 (Windows NT 5.1) AppleWebKit/537.36 (KHTML, like Gecko) Chrome/48.0.2564.109 Safari/537.36" "-"
116.255.161.45 - - [19/Apr/2019:04:58:30 +0800] "GET /css/index.min.css?v=2.5.5 HTTP/1.1" 200 8194 "https://bz.zzzmh.cn/" "Mozilla/4.0 (compatible; MSIE 6.0; Windows NT 5.1)" "-"
118.171.193.198 - - [19/Apr/2019:04:58:39 +0800] "GET /css/index.min.css?v=2.5.5 HTTP/1.1" 304 0 "https://bz.zzzmh.cn/" "Mozilla/5.0 (Windows NT 5.1) AppleWebKit/537.36 (KHTML, like Gecko) Chrome/48.0.2564.109 Safari/537.36" "-"
118.171.193.198 - - [19/Apr/2019:04:58:39 +0800] "GET /js/index.min.js?v=2.5.5 HTTP/1.1" 304 0 "https://bz.zzzmh.cn/" "Mozilla/5.0 (Windows NT 5.1) AppleWebKit/537.36 (KHTML, like Gecko) Chrome/48.0.2564.109 Safari/537.36" "-"
58.216.32.183 - - [19/Apr/2019:04:58:53 +0800] "GET /css/index.min.css?v=2.5.5 HTTP/1.1" 200 8194 "https://bz.zzzmh.cn/" "Mozilla/4.0 (compatible; MSIE 8.0; Windows NT 5.1; Trident/4.0; SLCC2; .NET CLR 2.0.50727; .NET CLR 3.5.30729; .NET CLR 3.0.30729; .NET4.0C; .NET4.0E; 360SE)" "-"
58.216.32.183 - - [19/Apr/2019:04:58:54 +0800] "GET /js/index.min.js?v=2.5.5 HTTP/1.1" 200 8887 "https://bz.zzzmh.cn/" "Mozilla/4.0 (compatible; MSIE 8.0; Windows NT 5.1; Trident/4.0; SLCC2; .NET CLR 2.0.50727; .NET CLR 3.5.30729; .NET CLR 3.0.30729; .NET4.0C; .NET4.0E; 360SE)" "-"
122.114.12.135 - - [19/Apr/2019:04:59:06 +0800] "GET /css/index.min.css?v=2.5.5 HTTP/1.1" 200 8194 "https://bz.zzzmh.cn/" "Mozilla/5.0 (Windows NT 6.1) AppleWebKit/537.36 (KHTML, like Gecko) Chrome/48.0.2564.109 Safari/537.36" "-"
122.114.12.135 - - [19/Apr/2019:04:59:06 +0800] "GET /js/index.min.js?v=2.5.5 HTTP/1.1" 200 8887 "https://bz.zzzmh.cn/" "Mozilla/5.0 (Windows NT 6.1) AppleWebKit/537.36 (KHTML, like Gecko) Chrome/48.0.2564.109 Safari/537.36" "-"
122.114.165.172 - - [19/Apr/2019:04:59:08 +0800] "GET /css/index.min.css?v=2.5.5 HTTP/1.1" 200 8194 "https://bz.zzzmh.cn/" "Mozilla/4.0 (compatible; MSIE 9.0; Windows NT 6.1; 360SE)" "-"
122.114.165.172 - - [19/Apr/2019:04:59:09 +0800] "GET /js/index.min.js?v=2.5.5 HTTP/1.1" 200 8887 "https://bz.zzzmh.cn/" "Mozilla/4.0 (compatible; MSIE 9.0; Windows NT 6.1; 360SE)" "-"
58.216.32.183 - - [19/Apr/2019:04:59:16 +0800] "GET /css/index.min.css?v=2.5.5 HTTP/1.1" 304 0 "https://bz.zzzmh.cn/" "Mozilla/4.0 (compatible; MSIE 8.0; Windows NT 5.1; Trident/4.0; SLCC2; .NET CLR 2.0.50727; .NET CLR 3.5.30729; .NET CLR 3.0.30729; .NET4.0C; .NET4.0E; 360SE)" "-"
58.216.32.183 - - [19/Apr/2019:04:59:16 +0800] "GET /js/index.min.js?v=2.5.5 HTTP/1.1" 304 0 "https://bz.zzzmh.cn/" "Mozilla/4.0 (compatible; MSIE 8.0; Windows NT 5.1; Trident/4.0; SLCC2; .NET CLR 2.0.50727; .NET CLR 3.5.30729; .NET CLR 3.0.30729; .NET4.0C; .NET4.0E; 360SE)" "-"
111.249.7.48 - - [19/Apr/2019:04:59:22 +0800] "GET /css/index.min.css?v=2.5.5 HTTP/1.1" 200 8194 "https://bz.zzzmh.cn/" "Mozilla/5.0 (compatible; MSIE 9.0; Windows NT 6.1; WOW64; Trident/5.0; SLCC2; .NET CLR 2.0.50727; .NET CLR 3.5.30729; .NET CLR 3.0.30729; Media Center PC 6.0; .NET4.0C; .NET4.0E)" "-"
111.249.7.48 - - [19/Apr/2019:04:59:23 +0800] "GET /js/index.min.js?v=2.5.5 HTTP/1.1" 200 8887 "https://bz.zzzmh.cn/" "Mozilla/5.0 (compatible; MSIE 9.0; Windows NT 6.1; WOW64; Trident/5.0; SLCC2; .NET CLR 2.0.50727; .NET CLR 3.5.30729; .NET CLR 3.0.30729; Media Center PC 6.0; .NET4.0C; .NET4.0E)" "-"
122.114.12.135 - - [19/Apr/2019:04:59:26 +0800] "GET /css/index.min.css?v=2.5.5 HTTP/1.1" 304 0 "https://bz.zzzmh.cn/" "Mozilla/5.0 (Windows NT 6.1) AppleWebKit/537.36 (KHTML, like Gecko) Chrome/48.0.2564.109 Safari/537.36" "-"
122.114.12.135 - - [19/Apr/2019:04:59:27 +0800] "GET /js/index.min.js?v=2.5.5 HTTP/1.1" 304 0 "https://bz.zzzmh.cn/" "Mozilla/5.0 (Windows NT 6.1) AppleWebKit/537.36 (KHTML, like Gecko) Chrome/48.0.2564.109 Safari/537.36" "-"
122.114.241.59 - - [19/Apr/2019:04:59:30 +0800] "GET /css/index.min.css?v=2.5.5 HTTP/1.1" 200 8194 "https://bz.zzzmh.cn/" "Mozilla/4.0 (compatible; MSIE 8.0; Windows NT 5.1)" "-"
122.114.241.59 - - [19/Apr/2019:04:59:31 +0800] "GET /js/index.min.js?v=2.5.5 HTTP/1.1" 200 8887 "https://bz.zzzmh.cn/" "Mozilla/4.0 (compatible; MSIE 8.0; Windows NT 5.1)" "-"
122.114.165.172 - - [19/Apr/2019:04:59:32 +0800] "GET /css/index.min.css?v=2.5.5 HTTP/1.1" 200 8194 "https://bz.zzzmh.cn/" "Mozilla/4.0 (compatible; MSIE 9.0; Windows NT 6.1; 360SE)" "-"
122.114.165.172 - - [19/Apr/2019:04:59:33 +0800] "GET /js/index.min.js?v=2.5.5 HTTP/1.1" 200 8887 "https://bz.zzzmh.cn/" "Mozilla/4.0 (compatible; MSIE 9.0; Windows NT 6.1; 360SE)" "-"
58.123.126.121 - - [19/Apr/2019:04:59:39 +0800] "GET /css/index.min.css?v=2.5.5 HTTP/1.1" 200 8194 "https://bz.zzzmh.cn/" "Mozilla/5.0 (Windows NT 5.1) AppleWebKit/537.36 (KHTML, like Gecko) Chrome/48.0.2564.109 Safari/537.36" "-"
58.123.126.121 - - [19/Apr/2019:04:59:40 +0800] "GET /js/index.min.js?v=2.5.5 HTTP/1.1" 200 8887 "https://bz.zzzmh.cn/" "Mozilla/5.0 (Windows NT 5.1) AppleWebKit/537.36 (KHTML, like Gecko) Chrome/48.0.2564.109 Safari/537.36" "-"
111.249.7.48 - - [19/Apr/2019:04:59:41 +0800] "GET /css/index.min.css?v=2.5.5 HTTP/1.1" 304 0 "https://bz.zzzmh.cn/" "Mozilla/5.0 (compatible; MSIE 9.0; Windows NT 6.1; WOW64; Trident/5.0; SLCC2; .NET CLR 2.0.50727; .NET CLR 3.5.30729; .NET CLR 3.0.30729; Media Center PC 6.0; .NET4.0C; .NET4.0E)" "-"
111.249.7.48 - - [19/Apr/2019:04:59:41 +0800] "GET /js/index.min.js?v=2.5.5 HTTP/1.1" 304 0 "https://bz.zzzmh.cn/" "Mozilla/5.0 (compatible; MSIE 9.0; Windows NT 6.1; WOW64; Trident/5.0; SLCC2; .NET CLR 2.0.50727; .NET CLR 3.5.30729; .NET CLR 3.0.30729; Media Center PC 6.0; .NET4.0C; .NET4.0E)" "-"
122.114.143.102 - - [19/Apr/2019:04:59:48 +0800] "GET /css/index.min.css?v=2.5.5 HTTP/1.1" 200 8194 "https://bz.zzzmh.cn/" "Mozilla/4.0 (compatible; MSIE 10.0; Windows NT 6.1)" "-"
122.114.143.102 - - [19/Apr/2019:04:59:49 +0800] "GET /js/index.min.js?v=2.5.5 HTTP/1.1" 200 8887 "https://bz.zzzmh.cn/" "Mozilla/4.0 (compatible; MSIE 10.0; Windows NT 6.1)" "-"
1.160.86.39 - - [19/Apr/2019:04:59:54 +0800] "GET /css/index.min.css?v=2.5.5 HTTP/1.1" 200 8194 "https://bz.zzzmh.cn/" "Mozilla/5.0 (compatible; MSIE 10.0; Windows NT 6.1; WOW64; Trident/6.0; .NET4.0C; .NET4.0E; .NET CLR 2.0.50727; .NET CLR 3.0.30729; .NET CLR 3.5.30729; Creative AutoUpdate v1.41.07; 360SE)" "-"
1.160.86.39 - - [19/Apr/2019:04:59:54 +0800] "GET /js/index.min.js?v=2.5.5 HTTP/1.1" 200 8887 "https://bz.zzzmh.cn/" "Mozilla/5.0 (compatible; MSIE 10.0; Windows NT 6.1; WOW64; Trident/6.0; .NET4.0C; .NET4.0E; .NET CLR 2.0.50727; .NET CLR 3.0.30729; .NET CLR 3.5.30729; Creative AutoUpdate v1.41.07; 360SE)" "-"
122.114.241.59 - - [19/Apr/2019:04:59:56 +0800] "GET /css/index.min.css?v=2.5.5 HTTP/1.1" 304 0 "https://bz.zzzmh.cn/" "Mozilla/4.0 (compatible; MSIE 8.0; Windows NT 5.1)" "-"
122.114.241.59 - - [19/Apr/2019:04:59:57 +0800] "GET /js/index.min.js?v=2.5.5 HTTP/1.1" 304 0 "https://bz.zzzmh.cn/" "Mozilla/4.0 (compatible; MSIE 8.0; Windows NT 5.1)" "-"
122.114.143.102 - - [19/Apr/2019:05:00:08 +0800] "GET /css/index.min.css?v=2.5.5 HTTP/1.1" 200 8194 "https://bz.zzzmh.cn/" "Mozilla/4.0 (compatible; MSIE 10.0; Windows NT 6.1)" "-"
122.114.143.102 - - [19/Apr/2019:05:00:09 +0800] "GET /js/index.min.js?v=2.5.5 HTTP/1.1" 200 8887 "https://bz.zzzmh.cn/" "Mozilla/4.0 (compatible; MSIE 10.0; Windows NT 6.1)" "-"
58.123.126.121 - - [19/Apr/2019:05:00:09 +0800] "GET /css/index.min.css?v=2.5.5 HTTP/1.1" 200 8194 "https://bz.zzzmh.cn/" "Mozilla/5.0 (Windows NT 5.1) AppleWebKit/537.36 (KHTML, like Gecko) Chrome/48.0.2564.109 Safari/537.36" "-"
1.160.86.39 - - [19/Apr/2019:05:00:14 +0800] "GET /css/index.min.css?v=2.5.5 HTTP/1.1" 304 0 "https://bz.zzzmh.cn/" "Mozilla/5.0 (compatible; MSIE 10.0; Windows NT 6.1; WOW64; Trident/6.0; .NET4.0C; .NET4.0E; .NET CLR 2.0.50727; .NET CLR 3.0.30729; .NET CLR 3.5.30729; Creative AutoUpdate v1.41.07; 360SE)" "-"
134.175.39.82 - - [19/Apr/2019:05:00:55 +0800] "GET /css/index.min.css?v=2.5.5 HTTP/1.1" 200 8194 "https://bz.zzzmh.cn/" "Mozilla/5.0 (Windows NT 5.1) AppleWebKit/537.36 (KHTML, like Gecko) Chrome/48.0.2564.109 Safari/537.36" "-"
134.175.39.82 - - [19/Apr/2019:05:00:55 +0800] "GET /js/index.min.js?v=2.5.5 HTTP/1.1" 200 8887 "https://bz.zzzmh.cn/" "Mozilla/5.0 (Windows NT 5.1) AppleWebKit/537.36 (KHTML, like Gecko) Chrome/48.0.2564.109 Safari/537.36" "-"
115.47.123.93 - - [19/Apr/2019:05:00:58 +0800] "GET /css/index.min.css?v=2.5.5 HTTP/1.1" 200 8194 "https://bz.zzzmh.cn/" "Mozilla/5.0 (Windows NT 6.1) AppleWebKit/537.36 (KHTML, like Gecko) Chrome/48.0.2564.109 Safari/537.36" "-"
115.47.123.93 - - [19/Apr/2019:05:01:02 +0800] "GET /js/index.min.js?v=2.5.5 HTTP/1.1" 200 8887 "https://bz.zzzmh.cn/" "Mozilla/5.0 (Windows NT 6.1) AppleWebKit/537.36 (KHTML, like Gecko) Chrome/48.0.2564.109 Safari/537.36" "-"
103.117.122.173 - - [19/Apr/2019:05:01:04 +0800] "GET /css/index.min.css?v=2.5.5 HTTP/1.1" 200 8194 "https://bz.zzzmh.cn/" "Mozilla/5.0 (Windows NT 5.1) AppleWebKit/537.36 (KHTML, like Gecko) Chrome/48.0.2564.109 Safari/537.36" "-"
103.117.122.173 - - [19/Apr/2019:05:01:04 +0800] "GET /js/index.min.js?v=2.5.5 HTTP/1.1" 200 8887 "https://bz.zzzmh.cn/" "Mozilla/5.0 (Windows NT 5.1) AppleWebKit/537.36 (KHTML, like Gecko) Chrome/48.0.2564.109 Safari/537.36" "-"
84.88.205.17 - - [19/Apr/2019:05:01:12 +0800] "GET /css/index.min.css?v=2.5.5 HTTP/1.1" 200 8194 "https://bz.zzzmh.cn/" "Mozilla/5.0 (compatible; MSIE 9.0; Windows NT 6.1; WOW64; Trident/5.0; .NET4.0C; .NET4.0E)" "-"
84.88.205.17 - - [19/Apr/2019:05:01:14 +0800] "GET /js/index.min.js?v=2.5.5 HTTP/1.1" 200 8887 "https://bz.zzzmh.cn/" "Mozilla/5.0 (compatible; MSIE 9.0; Windows NT 6.1; WOW64; Trident/5.0; .NET4.0C; .NET4.0E)" "-"
116.255.242.215 - - [19/Apr/2019:05:01:14 +0800] "GET /css/index.min.css?v=2.5.5 HTTP/1.1" 200 8194 "https://bz.zzzmh.cn/" "Mozilla/4.0 (compatible; MSIE 6.0; Windows NT 5.1)" "-"
116.255.242.215 - - [19/Apr/2019:05:01:15 +0800] "GET /js/index.min.js?v=2.5.5 HTTP/1.1" 200 8887 "https://bz.zzzmh.cn/" "Mozilla/4.0 (compatible; MSIE 6.0; Windows NT 5.1)" "-"
36.226.121.193 - - [19/Apr/2019:05:01:17 +0800] "GET /css/index.min.css?v=2.5.5 HTTP/1.1" 200 8194 "https://bz.zzzmh.cn/" "Mozilla/4.0 (compatible; MSIE 8.0; Windows NT 5.1; WOW64; Trident/4.0; .NET4.0C; .NET4.0E; .NET CLR 2.0.50727; .NET CLR 3.0.30729; .NET CLR 3.5.30729; Tablet PC 2.0; 360SE)" "-"
36.226.121.193 - - [19/Apr/2019:05:01:18 +0800] "GET /js/index.min.js?v=2.5.5 HTTP/1.1" 200 8887 "https://bz.zzzmh.cn/" "Mozilla/4.0 (compatible; MSIE 8.0; Windows NT 5.1; WOW64; Trident/4.0; .NET4.0C; .NET4.0E; .NET CLR 2.0.50727; .NET CLR 3.0.30729; .NET CLR 3.5.30729; Tablet PC 2.0; 360SE)" "-"
115.47.123.93 - - [19/Apr/2019:05:01:21 +0800] "GET /css/index.min.css?v=2.5.5 HTTP/1.1" 304 0 "https://bz.zzzmh.cn/" "Mozilla/5.0 (Windows NT 6.1) AppleWebKit/537.36 (KHTML, like Gecko) Chrome/48.0.2564.109 Safari/537.36" "-"
115.47.123.93 - - [19/Apr/2019:05:01:22 +0800] "GET /js/index.min.js?v=2.5.5 HTTP/1.1" 304 0 "https://bz.zzzmh.cn/" "Mozilla/5.0 (Windows NT 6.1) AppleWebKit/537.36 (KHTML, like Gecko) Chrome/48.0.2564.109 Safari/537.36" "-"
