106.117.179.128 - - [19/Apr/2019:03:54:39 +0800] "GET /css/index.min.css?v=2.5.5 HTTP/1.1" 304 0 "https://bz.zzzmh.cn/" "Mozilla/5.0 (compatible; MSIE 10.0; Windows NT 6.1; WOW64; Trident/6.0)" "-"
106.117.179.128 - - [19/Apr/2019:03:54:39 +0800] "GET /js/index.min.js?v=2.5.5 HTTP/1.1" 304 0 "https://bz.zzzmh.cn/" "Mozilla/5.0 (compatible; MSIE 10.0; Windows NT 6.1; WOW64; Trident/6.0)" "-"
129.56.71.13 - - [19/Apr/2019:03:54:43 +0800] "GET /js/index.min.js?v=2.5.5 HTTP/1.1" 200 8887 "https://bz.zzzmh.cn/" "Mozilla/5.0 (compatible; MSIE 10.0; Windows NT 6.2; WOW64; Trident/6.0; .NET4.0C; .NET4.0E; InfoPath.3)" "-"
173.18.207.64 - - [19/Apr/2019:03:54:56 +0800] "GET /wp-login.php HTTP/1.1" 301 185 "-" "Mozilla/5.0 (Windows NT 6.1; WOW64; rv:40.0) Gecko/20100101 Firefox/40.1" "-"
61.219.11.153 - - [19/Apr/2019:03:54:56 +0800] "GET / HTTP/1.1" 400 13223 "-" "-" "-"
173.18.207.64 - - [19/Apr/2019:03:54:57 +0800] "GET / HTTP/1.1" 301 185 "-" "Mozilla/5.0 (Windows NT 6.1; WOW64; rv:40.0) Gecko/20100101 Firefox/40.1" "-"
129.56.71.13 - - [19/Apr/2019:03:55:00 +0800] "GET /css/index.min.css?v=2.5.5 HTTP/1.1" 304 0 "https://bz.zzzmh.cn/" "Mozilla/5.0 (compatible; MSIE 10.0; Windows NT 6.2; WOW64; Trident/6.0; .NET4.0C; .NET4.0E; InfoPath.3)" "-"
113.70.77.106 - - [19/Apr/2019:03:55:12 +0800] "GET /css/index.min.css?v=2.5.5 HTTP/1.1" 200 8194 "https://bz.zzzmh.cn/" "Mozilla/5.0 (Windows NT 6.1; WOW64) AppleWebKit/537.36 (KHTML, like Gecko) Chrome/55.0.2883.87 Safari/537.36" "-"
113.70.77.106 - - [19/Apr/2019:03:55:12 +0800] "GET /js/index.min.js?v=2.5.5 HTTP/1.1" 200 8887 "https://bz.zzzmh.cn/" "Mozilla/5.0 (Windows NT 6.1; WOW64) AppleWebKit/537.36 (KHTML, like Gecko) Chrome/55.0.2883.87 Safari/537.36" "-"
113.70.77.106 - - [19/Apr/2019:03:55:12 +0800] "GET /img/bg.png HTTP/1.1" 200 16842 "https://bz.zzzmh.cn/css/index.min.css?v=2.5.5" "Mozilla/5.0 (Windows NT 6.1; WOW64) AppleWebKit/537.36 (KHTML, like Gecko) Chrome/55.0.2883.87 Safari/537.36" "-"
113.70.77.106 - - [19/Apr/2019:03:55:13 +0800] "GET /json/tags.json HTTP/1.1" 200 904 "https://bz.zzzmh.cn/" "Mozilla/5.0 (Windows NT 6.1; WOW64) AppleWebKit/537.36 (KHTML, like Gecko) Chrome/55.0.2883.87 Safari/537.36" "-"
113.70.77.106 - - [19/Apr/2019:03:55:14 +0800] "GET /img/zwt.png HTTP/1.1" 200 1149 "https://bz.zzzmh.cn/" "Mozilla/5.0 (Windows NT 6.1; WOW64) AppleWebKit/537.36 (KHTML, like Gecko) Chrome/55.0.2883.87 Safari/537.36" "-"
113.70.77.106 - - [19/Apr/2019:03:55:14 +0800] "GET /json/index.json HTTP/1.1" 200 13954 "https://bz.zzzmh.cn/" "Mozilla/5.0 (Windows NT 6.1; WOW64) AppleWebKit/537.36 (KHTML, like Gecko) Chrome/55.0.2883.87 Safari/537.36" "-"
34.73.122.20 - - [19/Apr/2019:03:55:16 +0800] "GET /css/index.min.css?v=2.5.5 HTTP/1.1" 200 8194 "https://bz.zzzmh.cn/" "Mozilla/5.0 (compatible; MSIE 10.0; Windows NT 6.1; WOW64; Trident/6.0; SLCC2; .NET CLR 2.0.50727; .NET4.0C; .NET4.0E)" "-"
113.118.196.129 - - [19/Apr/2019:03:55:17 +0800] "GET /css/index.min.css?v=2.5.5 HTTP/1.1" 200 8194 "https://bz.zzzmh.cn/" "Mozilla/4.0 (compatible; MSIE 8.0; Windows NT 5.1; Trident/4.0)" "-"
34.73.122.20 - - [19/Apr/2019:03:55:17 +0800] "GET /js/index.min.js?v=2.5.5 HTTP/1.1" 200 8887 "https://bz.zzzmh.cn/" "Mozilla/5.0 (compatible; MSIE 10.0; Windows NT 6.1; WOW64; Trident/6.0; SLCC2; .NET CLR 2.0.50727; .NET4.0C; .NET4.0E)" "-"
113.118.196.129 - - [19/Apr/2019:03:55:18 +0800] "GET /js/index.min.js?v=2.5.5 HTTP/1.1" 200 8887 "https://bz.zzzmh.cn/" "Mozilla/4.0 (compatible; MSIE 8.0; Windows NT 5.1; Trident/4.0)" "-"
118.24.53.172 - - [19/Apr/2019:03:55:22 +0800] "GET /css/index.min.css?v=2.5.5 HTTP/1.1" 200 8194 "https://bz.zzzmh.cn/" "Mozilla/5.0 (Windows NT 5.1) AppleWebKit/537.36 (KHTML, like Gecko) Chrome/48.0.2564.109 Safari/537.36" "-"
118.24.53.172 - - [19/Apr/2019:03:55:22 +0800] "GET /js/index.min.js?v=2.5.5 HTTP/1.1" 200 8887 "https://bz.zzzmh.cn/" "Mozilla/5.0 (Windows NT 5.1) AppleWebKit/537.36 (KHTML, like Gecko) Chrome/48.0.2564.109 Safari/537.36" "-"
113.70.77.106 - - [19/Apr/2019:03:55:29 +0800] "GET /json/xjj.json HTTP/1.1" 200 4930 "https://bz.zzzmh.cn/" "Mozilla/5.0 (Windows NT 6.1; WOW64) AppleWebKit/537.36 (KHTML, like Gecko) Chrome/55.0.2883.87 Safari/537.36" "-"
122.114.158.49 - - [19/Apr/2019:03:55:31 +0800] "GET /css/index.min.css?v=2.5.5 HTTP/1.1" 200 8194 "https://bz.zzzmh.cn/" "Mozilla/4.0 (compatible; MSIE 9.0; Windows NT 6.1)" "-"
122.114.98.22 - - [19/Apr/2019:03:55:32 +0800] "GET /css/index.min.css?v=2.5.5 HTTP/1.1" 200 8194 "https://bz.zzzmh.cn/" "Mozilla/4.0 (compatible; MSIE 8.0; Windows NT 5.1)" "-"
122.114.158.49 - - [19/Apr/2019:03:55:32 +0800] "GET /js/index.min.js?v=2.5.5 HTTP/1.1" 200 8887 "https://bz.zzzmh.cn/" "Mozilla/4.0 (compatible; MSIE 9.0; Windows NT 6.1)" "-"
122.114.98.22 - - [19/Apr/2019:03:55:33 +0800] "GET /js/index.min.js?v=2.5.5 HTTP/1.1" 200 8887 "https://bz.zzzmh.cn/" "Mozilla/4.0 (compatible; MSIE 8.0; Windows NT 5.1)" "-"
113.118.196.129 - - [19/Apr/2019:03:55:36 +0800] "GET /css/index.min.css?v=2.5.5 HTTP/1.1" 200 8194 "https://bz.zzzmh.cn/" "Mozilla/4.0 (compatible; MSIE 8.0; Windows NT 5.1; Trident/4.0)" "-"
113.118.196.129 - - [19/Apr/2019:03:55:36 +0800] "GET /js/index.min.js?v=2.5.5 HTTP/1.1" 200 8887 "https://bz.zzzmh.cn/" "Mozilla/4.0 (compatible; MSIE 8.0; Windows NT 5.1; Trident/4.0)" "-"
34.73.122.20 - - [19/Apr/2019:03:55:42 +0800] "GET /css/index.min.css?v=2.5.5 HTTP/1.1" 200 8194 "https://bz.zzzmh.cn/" "Mozilla/5.0 (compatible; MSIE 10.0; Windows NT 6.1; WOW64; Trident/6.0; SLCC2; .NET CLR 2.0.50727; .NET4.0C; .NET4.0E)" "-"
185.204.3.34 - - [19/Apr/2019:03:55:46 +0800] "GET /css/index.min.css?v=2.5.5 HTTP/1.1" 200 8194 "https://bz.zzzmh.cn/" "Mozilla/5.0 (Windows; U; Windows NT 5.1; zh-CN) AppleWebKit/530.19.2 (KHTML, like Gecko) Version/4.0.2 Safari/530.19.1" "-"
185.204.3.34 - - [19/Apr/2019:03:55:46 +0800] "GET /js/index.min.js?v=2.5.5 HTTP/1.1" 200 8887 "https://bz.zzzmh.cn/" "Mozilla/5.0 (Windows; U; Windows NT 5.1; zh-CN) AppleWebKit/530.19.2 (KHTML, like Gecko) Version/4.0.2 Safari/530.19.1" "-"
122.114.158.49 - - [19/Apr/2019:03:55:47 +0800] "GET /css/index.min.css?v=2.5.5 HTTP/1.1" 200 8194 "https://bz.zzzmh.cn/" "Mozilla/4.0 (compatible; MSIE 9.0; Windows NT 6.1)" "-"
122.114.158.49 - - [19/Apr/2019:03:55:48 +0800] "GET /js/index.min.js?v=2.5.5 HTTP/1.1" 200 8887 "https://bz.zzzmh.cn/" "Mozilla/4.0 (compatible; MSIE 9.0; Windows NT 6.1)" "-"
118.24.53.172 - - [19/Apr/2019:03:55:48 +0800] "GET /css/index.min.css?v=2.5.5 HTTP/1.1" 200 8194 "https://bz.zzzmh.cn/" "Mozilla/5.0 (Windows NT 5.1) AppleWebKit/537.36 (KHTML, like Gecko) Chrome/48.0.2564.109 Safari/537.36" "-"
118.24.53.172 - - [19/Apr/2019:03:55:48 +0800] "GET /js/index.min.js?v=2.5.5 HTTP/1.1" 200 8887 "https://bz.zzzmh.cn/" "Mozilla/5.0 (Windows NT 5.1) AppleWebKit/537.36 (KHTML, like Gecko) Chrome/48.0.2564.109 Safari/537.36" "-"
112.104.27.157 - - [19/Apr/2019:03:55:53 +0800] "GET /css/index.min.css?v=2.5.5 HTTP/1.1" 200 8194 "https://bz.zzzmh.cn/" "Mozilla/5.0 (compatible; MSIE 9.0; Windows NT 6.1; WOW64; Trident/5.0; SLCC2; .NET CLR 2.0.50727; .NET CLR 3.5.30729; .NET CLR 3.0.30729; Media Center PC 6.0; .NET4.0C; .NET4.0E; 360SE)" "-"
116.7.28.142 - - [19/Apr/2019:03:55:55 +0800] "GET /css/index.min.css?v=2.5.5 HTTP/1.1" 200 8194 "https://bz.zzzmh.cn/" "Mozilla/5.0 (compatible; MSIE 10.0; Windows NT 6.1; WOW64; Trident/6.0; MAARJS; TencentTraveler 4.0)" "-"
116.7.28.142 - - [19/Apr/2019:03:55:55 +0800] "GET /js/index.min.js?v=2.5.5 HTTP/1.1" 200 8887 "https://bz.zzzmh.cn/" "Mozilla/5.0 (compatible; MSIE 10.0; Windows NT 6.1; WOW64; Trident/6.0; MAARJS; TencentTraveler 4.0)" "-"
122.114.98.22 - - [19/Apr/2019:03:55:55 +0800] "GET /css/index.min.css?v=2.5.5 HTTP/1.1" 200 8194 "https://bz.zzzmh.cn/" "Mozilla/4.0 (compatible; MSIE 8.0; Windows NT 5.1)" "-"
122.114.98.22 - - [19/Apr/2019:03:55:56 +0800] "GET /js/index.min.js?v=2.5.5 HTTP/1.1" 200 8887 "https://bz.zzzmh.cn/" "Mozilla/4.0 (compatible; MSIE 8.0; Windows NT 5.1)" "-"
112.104.27.157 - - [19/Apr/2019:03:55:57 +0800] "GET /js/index.min.js?v=2.5.5 HTTP/1.1" 200 8887 "https://bz.zzzmh.cn/" "Mozilla/5.0 (compatible; MSIE 9.0; Windows NT 6.1; WOW64; Trident/5.0; SLCC2; .NET CLR 2.0.50727; .NET CLR 3.5.30729; .NET CLR 3.0.30729; Media Center PC 6.0; .NET4.0C; .NET4.0E; 360SE)" "-"
221.2.92.2 - - [19/Apr/2019:03:56:05 +0800] "GET /css/index.min.css?v=2.5.5 HTTP/1.1" 200 8194 "https://bz.zzzmh.cn/" "Mozilla/5.0 (compatible; MSIE 10.0; Windows NT 6.1; WOW64; Trident/6.0; SLCC2; .NET CLR 2.0.50727; .NET CLR 3.5.30729; .NET CLR 3.0.30729; Media Center PC 6.0; .NET4.0C; .NET4.0E; InfoPath.2; 360SE)" "-"
221.2.92.2 - - [19/Apr/2019:03:56:05 +0800] "GET /js/index.min.js?v=2.5.5 HTTP/1.1" 200 8887 "https://bz.zzzmh.cn/" "Mozilla/5.0 (compatible; MSIE 10.0; Windows NT 6.1; WOW64; Trident/6.0; SLCC2; .NET CLR 2.0.50727; .NET CLR 3.5.30729; .NET CLR 3.0.30729; Media Center PC 6.0; .NET4.0C; .NET4.0E; InfoPath.2; 360SE)" "-"
207.180.227.86 - - [19/Apr/2019:03:56:09 +0800] "GET /css/index.min.css?v=2.5.5 HTTP/1.1" 200 8194 "https://bz.zzzmh.cn/" "Mozilla/4.0 (compatible; MSIE 6.0; Windows NT 5.1; WOW64; Trident/4.0; .NET4.0C; .NET4.0E)" "-"
207.180.227.86 - - [19/Apr/2019:03:56:11 +0800] "GET /js/index.min.js?v=2.5.5 HTTP/1.1" 200 8887 "https://bz.zzzmh.cn/" "Mozilla/4.0 (compatible; MSIE 6.0; Windows NT 5.1; WOW64; Trident/4.0; .NET4.0C; .NET4.0E)" "-"
112.104.27.157 - - [19/Apr/2019:03:56:11 +0800] "GET /css/index.min.css?v=2.5.5 HTTP/1.1" 304 0 "https://bz.zzzmh.cn/" "Mozilla/5.0 (compatible; MSIE 9.0; Windows NT 6.1; WOW64; Trident/5.0; SLCC2; .NET CLR 2.0.50727; .NET CLR 3.5.30729; .NET CLR 3.0.30729; Media Center PC 6.0; .NET4.0C; .NET4.0E; 360SE)" "-"
112.104.27.157 - - [19/Apr/2019:03:56:12 +0800] "GET /js/index.min.js?v=2.5.5 HTTP/1.1" 304 0 "https://bz.zzzmh.cn/" "Mozilla/5.0 (compatible; MSIE 9.0; Windows NT 6.1; WOW64; Trident/5.0; SLCC2; .NET CLR 2.0.50727; .NET CLR 3.5.30729; .NET CLR 3.0.30729; Media Center PC 6.0; .NET4.0C; .NET4.0E; 360SE)" "-"
185.204.3.34 - - [19/Apr/2019:03:56:12 +0800] "GET /css/index.min.css?v=2.5.5 HTTP/1.1" 200 8194 "https://bz.zzzmh.cn/" "Mozilla/5.0 (Windows; U; Windows NT 5.1; zh-CN) AppleWebKit/530.19.2 (KHTML, like Gecko) Version/4.0.2 Safari/530.19.1" "-"
203.171.234.197 - - [19/Apr/2019:03:56:19 +0800] "GET /css/index.min.css?v=2.5.5 HTTP/1.1" 200 8194 "https://bz.zzzmh.cn/" "Mozilla/4.0 (compatible; MSIE 10.0; Windows NT 6.1)" "-"
203.171.234.197 - - [19/Apr/2019:03:56:19 +0800] "GET /js/index.min.js?v=2.5.5 HTTP/1.1" 200 8887 "https://bz.zzzmh.cn/" "Mozilla/4.0 (compatible; MSIE 10.0; Windows NT 6.1)" "-"
116.7.28.142 - - [19/Apr/2019:03:56:22 +0800] "GET /css/index.min.css?v=2.5.5 HTTP/1.1" 304 0 "https://bz.zzzmh.cn/" "Mozilla/5.0 (compatible; MSIE 10.0; Windows NT 6.1; WOW64; Trident/6.0; MAARJS; TencentTraveler 4.0)" "-"
116.7.28.142 - - [19/Apr/2019:03:56:22 +0800] "GET /js/index.min.js?v=2.5.5 HTTP/1.1" 304 0 "https://bz.zzzmh.cn/" "Mozilla/5.0 (compatible; MSIE 10.0; Windows NT 6.1; WOW64; Trident/6.0; MAARJS; TencentTraveler 4.0)" "-"
140.121.135.50 - - [19/Apr/2019:03:56:23 +0800] "GET /css/index.min.css?v=2.5.5 HTTP/1.1" 304 0 "https://bz.zzzmh.cn/" "Mozilla/4.0 (compatible; MSIE 6.0; Windows NT 5.1; WOW64; Trident/4.0; .NET4.0C; .NET4.0E)" "-"
140.121.135.50 - - [19/Apr/2019:03:56:24 +0800] "GET /js/index.min.js?v=2.5.5 HTTP/1.1" 304 0 "https://bz.zzzmh.cn/" "Mozilla/4.0 (compatible; MSIE 6.0; Windows NT 5.1; WOW64; Trident/4.0; .NET4.0C; .NET4.0E)" "-"
221.2.92.2 - - [19/Apr/2019:03:56:27 +0800] "GET /css/index.min.css?v=2.5.5 HTTP/1.1" 304 0 "https://bz.zzzmh.cn/" "Mozilla/5.0 (compatible; MSIE 10.0; Windows NT 6.1; WOW64; Trident/6.0; SLCC2; .NET CLR 2.0.50727; .NET CLR 3.5.30729; .NET CLR 3.0.30729; Media Center PC 6.0; .NET4.0C; .NET4.0E; InfoPath.2; 360SE)" "-"
221.2.92.2 - - [19/Apr/2019:03:56:27 +0800] "GET /js/index.min.js?v=2.5.5 HTTP/1.1" 304 0 "https://bz.zzzmh.cn/" "Mozilla/5.0 (compatible; MSIE 10.0; Windows NT 6.1; WOW64; Trident/6.0; SLCC2; .NET CLR 2.0.50727; .NET CLR 3.5.30729; .NET CLR 3.0.30729; Media Center PC 6.0; .NET4.0C; .NET4.0E; InfoPath.2; 360SE)" "-"
200.48.201.22 - - [19/Apr/2019:03:56:35 +0800] "GET /css/index.min.css?v=2.5.5 HTTP/1.1" 200 8194 "https://bz.zzzmh.cn/" "Mozilla/4.0 (compatible; MSIE 6.0; Windows NT 5.1; WOW64; Trident/4.0; SLCC2; .NET CLR 2.0.50727; .NET CLR 1.1.4322; .NET CLR 3.5.30729; .NET CLR 3.0.30729; .NET4.0C; .NET4.0E; MS-RTC LM 8; 360SE)" "-"
200.48.201.22 - - [19/Apr/2019:03:56:36 +0800] "GET /js/index.min.js?v=2.5.5 HTTP/1.1" 200 8887 "https://bz.zzzmh.cn/" "Mozilla/4.0 (compatible; MSIE 6.0; Windows NT 5.1; WOW64; Trident/4.0; SLCC2; .NET CLR 2.0.50727; .NET CLR 1.1.4322; .NET CLR 3.5.30729; .NET CLR 3.0.30729; .NET4.0C; .NET4.0E; MS-RTC LM 8; 360SE)" "-"
116.255.184.104 - - [19/Apr/2019:03:56:36 +0800] "GET /css/index.min.css?v=2.5.5 HTTP/1.1" 200 8194 "https://bz.zzzmh.cn/" "Mozilla/4.0 (compatible; MSIE 10.0; Windows NT 6.1)" "-"
116.255.184.104 - - [19/Apr/2019:03:56:40 +0800] "GET /js/index.min.js?v=2.5.5 HTTP/1.1" 200 8887 "https://bz.zzzmh.cn/" "Mozilla/4.0 (compatible; MSIE 10.0; Windows NT 6.1)" "-"
203.171.234.197 - - [19/Apr/2019:03:56:43 +0800] "GET /css/index.min.css?v=2.5.5 HTTP/1.1" 304 0 "https://bz.zzzmh.cn/" "Mozilla/4.0 (compatible; MSIE 10.0; Windows NT 6.1)" "-"
203.171.234.197 - - [19/Apr/2019:03:56:44 +0800] "GET /js/index.min.js?v=2.5.5 HTTP/1.1" 304 0 "https://bz.zzzmh.cn/" "Mozilla/4.0 (compatible; MSIE 10.0; Windows NT 6.1)" "-"
42.184.183.233 - - [19/Apr/2019:03:56:50 +0800] "GET /css/index.min.css?v=2.5.5 HTTP/1.1" 200 8194 "https://bz.zzzmh.cn/" "Mozilla/4.0 (compatible; MSIE 8.0; Windows NT 5.1; WOW64; Trident/4.0; SLCC2; .NET CLR 2.0.50727; .NET CLR 3.5.30729; .NET CLR 3.0.30729; .NET4.0C; .NET4.0E; QQBrowser/6.12)" "-"
42.184.183.233 - - [19/Apr/2019:03:56:52 +0800] "GET /js/index.min.js?v=2.5.5 HTTP/1.1" 200 8887 "https://bz.zzzmh.cn/" "Mozilla/4.0 (compatible; MSIE 8.0; Windows NT 5.1; WOW64; Trident/4.0; SLCC2; .NET CLR 2.0.50727; .NET CLR 3.5.30729; .NET CLR 3.0.30729; .NET4.0C; .NET4.0E; QQBrowser/6.12)" "-"
200.48.201.22 - - [19/Apr/2019:03:56:54 +0800] "GET /css/index.min.css?v=2.5.5 HTTP/1.1" 200 8194 "https://bz.zzzmh.cn/" "Mozilla/4.0 (compatible; MSIE 6.0; Windows NT 5.1; WOW64; Trident/4.0; SLCC2; .NET CLR 2.0.50727; .NET CLR 1.1.4322; .NET CLR 3.5.30729; .NET CLR 3.0.30729; .NET4.0C; .NET4.0E; MS-RTC LM 8; 360SE)" "-"
175.173.217.181 - - [19/Apr/2019:03:56:55 +0800] "GET /js/index.js?v=1.9.5 HTTP/1.1" 200 23920 "https://chrome.zzzmh.cn/index" "Mozilla/5.0 (Windows NT 6.1; WOW64) AppleWebKit/537.36 (KHTML, like Gecko) Chrome/50.0.2661.102 UBrowser/6.1.3228.1 Safari/537.36" "-"
116.255.184.104 - - [19/Apr/2019:03:57:01 +0800] "GET /css/index.min.css?v=2.5.5 HTTP/1.1" 200 8194 "https://bz.zzzmh.cn/" "Mozilla/4.0 (compatible; MSIE 10.0; Windows NT 6.1)" "-"
116.255.184.104 - - [19/Apr/2019:03:57:01 +0800] "GET /js/index.min.js?v=2.5.5 HTTP/1.1" 200 8887 "https://bz.zzzmh.cn/" "Mozilla/4.0 (compatible; MSIE 10.0; Windows NT 6.1)" "-"
223.74.181.146 - - [19/Apr/2019:03:57:03 +0800] "GET /css/index.min.css?v=2.5.5 HTTP/1.1" 200 8194 "https://bz.zzzmh.cn/" "Mozilla/4.0 (compatible; MSIE 6.0; Windows NT 5.1; WOW64; Trident/4.0; SLCC2; .NET CLR 2.0.50727; .NET CLR 3.5.30729; .NET CLR 3.0.30729; .NET4.0C; .NET4.0E; InfoPath.3; 360SE)" "-"
223.74.181.146 - - [19/Apr/2019:03:57:04 +0800] "GET /js/index.min.js?v=2.5.5 HTTP/1.1" 200 8887 "https://bz.zzzmh.cn/" "Mozilla/4.0 (compatible; MSIE 6.0; Windows NT 5.1; WOW64; Trident/4.0; SLCC2; .NET CLR 2.0.50727; .NET CLR 3.5.30729; .NET CLR 3.0.30729; .NET4.0C; .NET4.0E; InfoPath.3; 360SE)" "-"
116.255.160.160 - - [19/Apr/2019:03:57:10 +0800] "GET /css/index.min.css?v=2.5.5 HTTP/1.1" 200 8194 "https://bz.zzzmh.cn/" "Mozilla/4.0 (compatible; MSIE 8.0; Windows NT 5.1; 360SE)" "-"
42.184.183.233 - - [19/Apr/2019:03:57:10 +0800] "GET /css/index.min.css?v=2.5.5 HTTP/1.1" 304 0 "https://bz.zzzmh.cn/" "Mozilla/4.0 (compatible; MSIE 8.0; Windows NT 5.1; WOW64; Trident/4.0; SLCC2; .NET CLR 2.0.50727; .NET CLR 3.5.30729; .NET CLR 3.0.30729; .NET4.0C; .NET4.0E; QQBrowser/6.12)" "-"
116.255.160.160 - - [19/Apr/2019:03:57:11 +0800] "GET /js/index.min.js?v=2.5.5 HTTP/1.1" 200 8887 "https://bz.zzzmh.cn/" "Mozilla/4.0 (compatible; MSIE 8.0; Windows NT 5.1; 360SE)" "-"
42.184.183.233 - - [19/Apr/2019:03:57:11 +0800] "GET /js/index.min.js?v=2.5.5 HTTP/1.1" 304 0 "https://bz.zzzmh.cn/" "Mozilla/4.0 (compatible; MSIE 8.0; Windows NT 5.1; WOW64; Trident/4.0; SLCC2; .NET CLR 2.0.50727; .NET CLR 3.5.30729; .NET CLR 3.0.30729; .NET4.0C; .NET4.0E; QQBrowser/6.12)" "-"
207.180.227.86 - - [19/Apr/2019:03:57:16 +0800] "GET /css/index.min.css?v=2.5.5 HTTP/1.1" 304 0 "https://bz.zzzmh.cn/" "Mozilla/4.0 (compatible; MSIE 6.0; Windows NT 5.1; WOW64; Trident/4.0; .NET4.0C; .NET4.0E)" "-"
223.74.181.146 - - [19/Apr/2019:03:57:17 +0800] "GET /css/index.min.css?v=2.5.5 HTTP/1.1" 304 0 "https://bz.zzzmh.cn/" "Mozilla/4.0 (compatible; MSIE 6.0; Windows NT 5.1; WOW64; Trident/4.0; SLCC2; .NET CLR 2.0.50727; .NET CLR 3.5.30729; .NET CLR 3.0.30729; .NET4.0C; .NET4.0E; InfoPath.3; 360SE)" "-"
223.74.181.146 - - [19/Apr/2019:03:57:17 +0800] "GET /js/index.min.js?v=2.5.5 HTTP/1.1" 304 0 "https://bz.zzzmh.cn/" "Mozilla/4.0 (compatible; MSIE 6.0; Windows NT 5.1; WOW64; Trident/4.0; SLCC2; .NET CLR 2.0.50727; .NET CLR 3.5.30729; .NET CLR 3.0.30729; .NET4.0C; .NET4.0E; InfoPath.3; 360SE)" "-"
175.173.217.181 - - [19/Apr/2019:03:57:20 +0800] "GET /js/info.js?v=1.9.5 HTTP/1.1" 200 543 "https://chrome.zzzmh.cn/info?token=ljjemllljcmogpfapbkkighbhhppjdbg" "Mozilla/5.0 (Windows NT 6.1; WOW64) AppleWebKit/537.36 (KHTML, like Gecko) Chrome/50.0.2661.102 UBrowser/6.1.3228.1 Safari/537.36" "-"
122.114.145.116 - - [19/Apr/2019:03:57:22 +0800] "GET /css/index.min.css?v=2.5.5 HTTP/1.1" 200 8194 "https://bz.zzzmh.cn/" "Mozilla/4.0 (compatible; MSIE 9.0; Windows NT 6.1; SE 2.x)" "-"
61.163.165.209 - - [19/Apr/2019:03:57:22 +0800] "GET /css/index.min.css?v=2.5.5 HTTP/1.1" 200 8194 "https://bz.zzzmh.cn/" "Mozilla/5.0 (Windows; U; Windows NT 6.1; zh-CN) AppleWebKit/530.19.2 (KHTML, like Gecko) Version/4.0.2 Safari/530.19.1" "-"
61.163.165.209 - - [19/Apr/2019:03:57:22 +0800] "GET /js/index.min.js?v=2.5.5 HTTP/1.1" 200 8887 "https://bz.zzzmh.cn/" "Mozilla/5.0 (Windows; U; Windows NT 6.1; zh-CN) AppleWebKit/530.19.2 (KHTML, like Gecko) Version/4.0.2 Safari/530.19.1" "-"
122.114.145.116 - - [19/Apr/2019:03:57:23 +0800] "GET /js/index.min.js?v=2.5.5 HTTP/1.1" 200 8887 "https://bz.zzzmh.cn/" "Mozilla/4.0 (compatible; MSIE 9.0; Windows NT 6.1; SE 2.x)" "-"
116.255.160.160 - - [19/Apr/2019:03:57:30 +0800] "GET /css/index.min.css?v=2.5.5 HTTP/1.1" 200 8194 "https://bz.zzzmh.cn/" "Mozilla/4.0 (compatible; MSIE 8.0; Windows NT 5.1; 360SE)" "-"
116.255.160.160 - - [19/Apr/2019:03:57:30 +0800] "GET /js/index.min.js?v=2.5.5 HTTP/1.1" 200 8887 "https://bz.zzzmh.cn/" "Mozilla/4.0 (compatible; MSIE 8.0; Windows NT 5.1; 360SE)" "-"
175.173.217.181 - - [19/Apr/2019:03:57:33 +0800] "GET /css/iconfont.css HTTP/1.1" 304 0 "https://chrome.zzzmh.cn/info?token=ljjemllljcmogpfapbkkighbhhppjdbg" "Mozilla/5.0 (Windows NT 6.1; WOW64) AppleWebKit/537.36 (KHTML, like Gecko) Chrome/50.0.2661.102 UBrowser/6.1.3228.1 Safari/537.36" "-"
175.173.217.181 - - [19/Apr/2019:03:57:33 +0800] "GET /css/styles.css?v=1.9.5 HTTP/1.1" 304 0 "https://chrome.zzzmh.cn/info?token=ljjemllljcmogpfapbkkighbhhppjdbg" "Mozilla/5.0 (Windows NT 6.1; WOW64) AppleWebKit/537.36 (KHTML, like Gecko) Chrome/50.0.2661.102 UBrowser/6.1.3228.1 Safari/537.36" "-"
175.173.217.181 - - [19/Apr/2019:03:57:33 +0800] "GET /css/loading2.css HTTP/1.1" 304 0 "https://chrome.zzzmh.cn/info?token=ljjemllljcmogpfapbkkighbhhppjdbg" "Mozilla/5.0 (Windows NT 6.1; WOW64) AppleWebKit/537.36 (KHTML, like Gecko) Chrome/50.0.2661.102 UBrowser/6.1.3228.1 Safari/537.36" "-"
175.173.217.181 - - [19/Apr/2019:03:57:34 +0800] "GET /js/loading2.js HTTP/1.1" 304 0 "https://chrome.zzzmh.cn/info?token=ljjemllljcmogpfapbkkighbhhppjdbg" "Mozilla/5.0 (Windows NT 6.1; WOW64) AppleWebKit/537.36 (KHTML, like Gecko) Chrome/50.0.2661.102 UBrowser/6.1.3228.1 Safari/537.36" "-"
175.173.217.181 - - [19/Apr/2019:03:57:34 +0800] "GET /js/baidu.js HTTP/1.1" 304 0 "https://chrome.zzzmh.cn/info?token=ljjemllljcmogpfapbkkighbhhppjdbg" "Mozilla/5.0 (Windows NT 6.1; WOW64) AppleWebKit/537.36 (KHTML, like Gecko) Chrome/50.0.2661.102 UBrowser/6.1.3228.1 Safari/537.36" "-"
175.173.217.181 - - [19/Apr/2019:03:57:34 +0800] "GET /js/common.js HTTP/1.1" 304 0 "https://chrome.zzzmh.cn/info?token=ljjemllljcmogpfapbkkighbhhppjdbg" "Mozilla/5.0 (Windows NT 6.1; WOW64) AppleWebKit/537.36 (KHTML, like Gecko) Chrome/50.0.2661.102 UBrowser/6.1.3228.1 Safari/537.36" "-"
175.173.217.181 - - [19/Apr/2019:03:57:34 +0800] "GET /js/info.js?v=1.9.5 HTTP/1.1" 304 0 "https://chrome.zzzmh.cn/info?token=ljjemllljcmogpfapbkkighbhhppjdbg" "Mozilla/5.0 (Windows NT 6.1; WOW64) AppleWebKit/537.36 (KHTML, like Gecko) Chrome/50.0.2661.102 UBrowser/6.1.3228.1 Safari/537.36" "-"
192.144.186.98 - - [19/Apr/2019:03:57:36 +0800] "GET /css/index.min.css?v=2.5.5 HTTP/1.1" 200 8194 "https://bz.zzzmh.cn/" "Mozilla/5.0 (Windows NT 5.1) AppleWebKit/537.36 (KHTML, like Gecko) Chrome/48.0.2564.109 Safari/537.36" "-"
192.144.186.98 - - [19/Apr/2019:03:57:36 +0800] "GET /js/index.min.js?v=2.5.5 HTTP/1.1" 200 8887 "https://bz.zzzmh.cn/" "Mozilla/5.0 (Windows NT 5.1) AppleWebKit/537.36 (KHTML, like Gecko) Chrome/48.0.2564.109 Safari/537.36" "-"
116.255.161.70 - - [19/Apr/2019:03:57:39 +0800] "GET /css/index.min.css?v=2.5.5 HTTP/1.1" 200 8194 "https://bz.zzzmh.cn/" "Mozilla/4.0 (compatible; MSIE 8.0; Windows NT 5.1)" "-"
116.255.161.70 - - [19/Apr/2019:03:57:39 +0800] "GET /js/index.min.js?v=2.5.5 HTTP/1.1" 200 8887 "https://bz.zzzmh.cn/" "Mozilla/4.0 (compatible; MSIE 8.0; Windows NT 5.1)" "-"
122.114.145.116 - - [19/Apr/2019:03:57:43 +0800] "GET /css/index.min.css?v=2.5.5 HTTP/1.1" 304 0 "https://bz.zzzmh.cn/" "Mozilla/4.0 (compatible; MSIE 9.0; Windows NT 6.1; SE 2.x)" "-"
122.114.145.116 - - [19/Apr/2019:03:57:43 +0800] "GET /js/index.min.js?v=2.5.5 HTTP/1.1" 304 0 "https://bz.zzzmh.cn/" "Mozilla/4.0 (compatible; MSIE 9.0; Windows NT 6.1; SE 2.x)" "-"
192.99.251.102 - - [19/Apr/2019:03:57:43 +0800] "GET /css/index.min.css?v=2.5.5 HTTP/1.1" 200 8194 "https://bz.zzzmh.cn/" "Mozilla/5.0 (compatible; MSIE 10.0; Windows NT 6.1; WOW64; Trident/6.0; SLCC2; .NET CLR 2.0.50727; .NET4.0C; .NET4.0E; 360SE)" "-"
221.217.180.150 - - [19/Apr/2019:03:57:43 +0800] "GET /css/index.min.css?v=2.5.5 HTTP/1.1" 200 8194 "https://bz.zzzmh.cn/" "Mozilla/4.0 (compatible; MSIE 6.0; Windows NT 5.1; WOW64; Trident/4.0; SLCC2; .NET CLR 2.0.50727; .NET CLR 3.5.30729; .NET CLR 3.0.30729; Media Center PC 6.0; .NET4.0C; .NET4.0E; BRI/2; 360SE)" "-"
192.99.251.102 - - [19/Apr/2019:03:57:44 +0800] "GET /css/index.min.css?v=2.5.5 HTTP/1.1" 200 8194 "https://bz.zzzmh.cn/" "Mozilla/5.0 (compatible; MSIE 10.0; Windows NT 6.1; WOW64; Trident/6.0; SLCC2; .NET CLR 2.0.50727; .NET4.0C; .NET4.0E; 360SE)" "-"
61.163.165.209 - - [19/Apr/2019:03:57:45 +0800] "GET /css/index.min.css?v=2.5.5 HTTP/1.1" 304 0 "https://bz.zzzmh.cn/" "Mozilla/5.0 (Windows; U; Windows NT 6.1; zh-CN) AppleWebKit/530.19.2 (KHTML, like Gecko) Version/4.0.2 Safari/530.19.1" "-"
61.163.165.209 - - [19/Apr/2019:03:57:45 +0800] "GET /js/index.min.js?v=2.5.5 HTTP/1.1" 304 0 "https://bz.zzzmh.cn/" "Mozilla/5.0 (Windows; U; Windows NT 6.1; zh-CN) AppleWebKit/530.19.2 (KHTML, like Gecko) Version/4.0.2 Safari/530.19.1" "-"
221.217.180.150 - - [19/Apr/2019:03:57:45 +0800] "GET /js/index.min.js?v=2.5.5 HTTP/1.1" 200 8887 "https://bz.zzzmh.cn/" "Mozilla/4.0 (compatible; MSIE 6.0; Windows NT 5.1; WOW64; Trident/4.0; SLCC2; .NET CLR 2.0.50727; .NET CLR 3.5.30729; .NET CLR 3.0.30729; Media Center PC 6.0; .NET4.0C; .NET4.0E; BRI/2; 360SE)" "-"
116.255.161.70 - - [19/Apr/2019:03:58:00 +0800] "GET /css/index.min.css?v=2.5.5 HTTP/1.1" 200 8194 "https://bz.zzzmh.cn/" "Mozilla/4.0 (compatible; MSIE 8.0; Windows NT 5.1)" "-"
140.143.147.244 - - [19/Apr/2019:03:58:00 +0800] "GET /struts2-rest-showcase/orders.xhtml HTTP/1.1" 400 673 "http://140.143.248.87:443/struts2-rest-showcase/orders.xhtml" "Mozilla/4.0 (compatible; MSIE 9.0; Windows NT 6.1)" "-"
140.143.147.244 - - [19/Apr/2019:03:58:00 +0800] "GET /index.action HTTP/1.1" 400 673 "http://140.143.248.87:443/index.action" "Mozilla/4.0 (compatible; MSIE 9.0; Windows NT 6.1)" "-"
140.143.147.244 - - [19/Apr/2019:03:58:00 +0800] "GET /index.do HTTP/1.1" 400 673 "http://140.143.248.87:443/index.do" "Mozilla/4.0 (compatible; MSIE 9.0; Windows NT 6.1)" "-"
116.255.161.70 - - [19/Apr/2019:03:58:00 +0800] "GET /js/index.min.js?v=2.5.5 HTTP/1.1" 200 8887 "https://bz.zzzmh.cn/" "Mozilla/4.0 (compatible; MSIE 8.0; Windows NT 5.1)" "-"
192.144.186.98 - - [19/Apr/2019:03:58:03 +0800] "GET /css/index.min.css?v=2.5.5 HTTP/1.1" 304 0 "https://bz.zzzmh.cn/" "Mozilla/5.0 (Windows NT 5.1) AppleWebKit/537.36 (KHTML, like Gecko) Chrome/48.0.2564.109 Safari/537.36" "-"
221.217.180.150 - - [19/Apr/2019:03:58:03 +0800] "GET /css/index.min.css?v=2.5.5 HTTP/1.1" 304 0 "https://bz.zzzmh.cn/" "Mozilla/4.0 (compatible; MSIE 6.0; Windows NT 5.1; WOW64; Trident/4.0; SLCC2; .NET CLR 2.0.50727; .NET CLR 3.5.30729; .NET CLR 3.0.30729; Media Center PC 6.0; .NET4.0C; .NET4.0E; BRI/2; 360SE)" "-"
192.144.186.98 - - [19/Apr/2019:03:58:04 +0800] "GET /js/index.min.js?v=2.5.5 HTTP/1.1" 304 0 "https://bz.zzzmh.cn/" "Mozilla/5.0 (Windows NT 5.1) AppleWebKit/537.36 (KHTML, like Gecko) Chrome/48.0.2564.109 Safari/537.36" "-"
192.99.251.102 - - [19/Apr/2019:03:58:04 +0800] "GET /js/index.min.js?v=2.5.5 HTTP/1.1" 200 8887 "https://bz.zzzmh.cn/" "Mozilla/5.0 (compatible; MSIE 10.0; Windows NT 6.1; WOW64; Trident/6.0; SLCC2; .NET CLR 2.0.50727; .NET4.0C; .NET4.0E; 360SE)" "-"
221.217.180.150 - - [19/Apr/2019:03:58:05 +0800] "GET /js/index.min.js?v=2.5.5 HTTP/1.1" 304 0 "https://bz.zzzmh.cn/" "Mozilla/4.0 (compatible; MSIE 6.0; Windows NT 5.1; WOW64; Trident/4.0; SLCC2; .NET CLR 2.0.50727; .NET CLR 3.5.30729; .NET CLR 3.0.30729; Media Center PC 6.0; .NET4.0C; .NET4.0E; BRI/2; 360SE)" "-"
192.99.251.102 - - [19/Apr/2019:03:58:09 +0800] "GET /css/index.min.css?v=2.5.5 HTTP/1.1" 304 0 "https://bz.zzzmh.cn/" "Mozilla/5.0 (compatible; MSIE 10.0; Windows NT 6.1; WOW64; Trident/6.0; SLCC2; .NET CLR 2.0.50727; .NET4.0C; .NET4.0E; 360SE)" "-"
192.99.251.102 - - [19/Apr/2019:03:58:09 +0800] "GET /js/index.min.js?v=2.5.5 HTTP/1.1" 304 0 "https://bz.zzzmh.cn/" "Mozilla/5.0 (compatible; MSIE 10.0; Windows NT 6.1; WOW64; Trident/6.0; SLCC2; .NET CLR 2.0.50727; .NET4.0C; .NET4.0E; 360SE)" "-"
111.246.13.187 - - [19/Apr/2019:03:58:10 +0800] "GET /css/index.min.css?v=2.5.5 HTTP/1.1" 200 8194 "https://bz.zzzmh.cn/" "Mozilla/4.0 (compatible; MSIE 8.0; Windows NT 5.1; 360SE)" "-"
111.246.13.187 - - [19/Apr/2019:03:58:11 +0800] "GET /js/index.min.js?v=2.5.5 HTTP/1.1" 200 8887 "https://bz.zzzmh.cn/" "Mozilla/4.0 (compatible; MSIE 8.0; Windows NT 5.1; 360SE)" "-"
116.27.162.54 - - [19/Apr/2019:03:58:12 +0800] "GET /css/index.min.css?v=2.5.5 HTTP/1.1" 200 8194 "https://bz.zzzmh.cn/" "Mozilla/5.0 (compatible; MSIE 10.0; Windows NT 6.1; WOW64; Trident/6.0; SLCC2; .NET CLR 2.0.50727; .NET CLR 3.5.30729; .NET CLR 3.0.30729; .NET4.0C; .NET4.0E)" "-"
116.27.162.54 - - [19/Apr/2019:03:58:12 +0800] "GET /js/index.min.js?v=2.5.5 HTTP/1.1" 200 8887 "https://bz.zzzmh.cn/" "Mozilla/5.0 (compatible; MSIE 10.0; Windows NT 6.1; WOW64; Trident/6.0; SLCC2; .NET CLR 2.0.50727; .NET CLR 3.5.30729; .NET CLR 3.0.30729; .NET4.0C; .NET4.0E)" "-"
139.159.243.194 - - [19/Apr/2019:03:58:14 +0800] "GET /css/index.min.css?v=2.5.5 HTTP/1.1" 200 8194 "https://bz.zzzmh.cn/" "Mozilla/4.0 (compatible; MSIE 9.0; Windows NT 6.1)" "-"
139.159.243.194 - - [19/Apr/2019:03:58:14 +0800] "GET /js/index.min.js?v=2.5.5 HTTP/1.1" 200 8887 "https://bz.zzzmh.cn/" "Mozilla/4.0 (compatible; MSIE 9.0; Windows NT 6.1)" "-"
116.255.192.110 - - [19/Apr/2019:03:58:19 +0800] "GET /css/index.min.css?v=2.5.5 HTTP/1.1" 200 8194 "https://bz.zzzmh.cn/" "Mozilla/4.0 (compatible; MSIE 8.0; Windows NT 5.1; MAXTHON)" "-"
116.255.192.110 - - [19/Apr/2019:03:58:19 +0800] "GET /js/index.min.js?v=2.5.5 HTTP/1.1" 200 8887 "https://bz.zzzmh.cn/" "Mozilla/4.0 (compatible; MSIE 8.0; Windows NT 5.1; MAXTHON)" "-"
113.70.146.120 - - [19/Apr/2019:03:58:28 +0800] "GET /css/index.min.css?v=2.5.5 HTTP/1.1" 200 8194 "https://bz.zzzmh.cn/" "Mozilla/5.0 (Windows NT 6.1; WOW64) AppleWebKit/537.36 (KHTML, like Gecko) Chrome/55.0.2883.87 Safari/537.36" "-"
113.70.146.120 - - [19/Apr/2019:03:58:28 +0800] "GET /js/index.min.js?v=2.5.5 HTTP/1.1" 200 8887 "https://bz.zzzmh.cn/" "Mozilla/5.0 (Windows NT 6.1; WOW64) AppleWebKit/537.36 (KHTML, like Gecko) Chrome/55.0.2883.87 Safari/537.36" "-"
113.70.146.120 - - [19/Apr/2019:03:58:28 +0800] "GET /img/bg.png HTTP/1.1" 200 16842 "https://bz.zzzmh.cn/css/index.min.css?v=2.5.5" "Mozilla/5.0 (Windows NT 6.1; WOW64) AppleWebKit/537.36 (KHTML, like Gecko) Chrome/55.0.2883.87 Safari/537.36" "-"
113.70.146.120 - - [19/Apr/2019:03:58:29 +0800] "GET /json/tags.json HTTP/1.1" 200 904 "https://bz.zzzmh.cn/" "Mozilla/5.0 (Windows NT 6.1; WOW64) AppleWebKit/537.36 (KHTML, like Gecko) Chrome/55.0.2883.87 Safari/537.36" "-"
113.70.146.120 - - [19/Apr/2019:03:58:29 +0800] "GET /img/zwt.png HTTP/1.1" 200 1149 "https://bz.zzzmh.cn/" "Mozilla/5.0 (Windows NT 6.1; WOW64) AppleWebKit/537.36 (KHTML, like Gecko) Chrome/55.0.2883.87 Safari/537.36" "-"
113.70.146.120 - - [19/Apr/2019:03:58:29 +0800] "GET /json/index.json HTTP/1.1" 200 13954 "https://bz.zzzmh.cn/" "Mozilla/5.0 (Windows NT 6.1; WOW64) AppleWebKit/537.36 (KHTML, like Gecko) Chrome/55.0.2883.87 Safari/537.36" "-"
111.246.13.187 - - [19/Apr/2019:03:58:29 +0800] "GET /css/index.min.css?v=2.5.5 HTTP/1.1" 304 0 "https://bz.zzzmh.cn/" "Mozilla/4.0 (compatible; MSIE 8.0; Windows NT 5.1; 360SE)" "-"
111.246.13.187 - - [19/Apr/2019:03:58:30 +0800] "GET /js/index.min.js?v=2.5.5 HTTP/1.1" 304 0 "https://bz.zzzmh.cn/" "Mozilla/4.0 (compatible; MSIE 8.0; Windows NT 5.1; 360SE)" "-"
116.27.162.54 - - [19/Apr/2019:03:58:32 +0800] "GET /css/index.min.css?v=2.5.5 HTTP/1.1" 304 0 "https://bz.zzzmh.cn/" "Mozilla/5.0 (compatible; MSIE 10.0; Windows NT 6.1; WOW64; Trident/6.0; SLCC2; .NET CLR 2.0.50727; .NET CLR 3.5.30729; .NET CLR 3.0.30729; .NET4.0C; .NET4.0E)" "-"
116.27.162.54 - - [19/Apr/2019:03:58:32 +0800] "GET /js/index.min.js?v=2.5.5 HTTP/1.1" 304 0 "https://bz.zzzmh.cn/" "Mozilla/5.0 (compatible; MSIE 10.0; Windows NT 6.1; WOW64; Trident/6.0; SLCC2; .NET CLR 2.0.50727; .NET CLR 3.5.30729; .NET CLR 3.0.30729; .NET4.0C; .NET4.0E)" "-"
122.114.151.82 - - [19/Apr/2019:03:58:35 +0800] "GET /css/index.min.css?v=2.5.5 HTTP/1.1" 200 8194 "https://bz.zzzmh.cn/" "Mozilla/4.0 (compatible; MSIE 10.0; Windows NT 6.1; 360SE)" "-"
122.114.151.82 - - [19/Apr/2019:03:58:36 +0800] "GET /js/index.min.js?v=2.5.5 HTTP/1.1" 200 8887 "https://bz.zzzmh.cn/" "Mozilla/4.0 (compatible; MSIE 10.0; Windows NT 6.1; 360SE)" "-"
198.27.123.112 - - [19/Apr/2019:03:58:36 +0800] "GET /css/index.min.css?v=2.5.5 HTTP/1.1" 200 8194 "https://bz.zzzmh.cn/" "Mozilla/5.0 (compatible; MSIE 9.0; Windows NT 6.1; WOW64; Trident/5.0; SLCC2; .NET CLR 2.0.50727; .NET4.0C; .NET4.0E)" "-"
139.159.243.194 - - [19/Apr/2019:03:58:41 +0800] "GET /css/index.min.css?v=2.5.5 HTTP/1.1" 304 0 "https://bz.zzzmh.cn/" "Mozilla/4.0 (compatible; MSIE 9.0; Windows NT 6.1)" "-"
139.159.243.194 - - [19/Apr/2019:03:58:41 +0800] "GET /js/index.min.js?v=2.5.5 HTTP/1.1" 304 0 "https://bz.zzzmh.cn/" "Mozilla/4.0 (compatible; MSIE 9.0; Windows NT 6.1)" "-"
122.114.253.216 - - [19/Apr/2019:03:58:44 +0800] "GET /css/index.min.css?v=2.5.5 HTTP/1.1" 200 8194 "https://bz.zzzmh.cn/" "Mozilla/4.0 (compatible; MSIE 10.0; Windows NT 6.1)" "-"
122.114.253.216 - - [19/Apr/2019:03:58:44 +0800] "GET /js/index.min.js?v=2.5.5 HTTP/1.1" 200 8887 "https://bz.zzzmh.cn/" "Mozilla/4.0 (compatible; MSIE 10.0; Windows NT 6.1)" "-"
223.192.250.29 - - [19/Apr/2019:03:58:48 +0800] "GET /css/index.min.css?v=2.5.5 HTTP/1.1" 200 8194 "https://bz.zzzmh.cn/" "Mozilla/4.0 (compatible; MSIE 7.0; Windows NT 5.1; WOW64; Trident/4.0; 360SE)" "-"
223.192.250.29 - - [19/Apr/2019:03:58:48 +0800] "GET /js/index.min.js?v=2.5.5 HTTP/1.1" 200 8887 "https://bz.zzzmh.cn/" "Mozilla/4.0 (compatible; MSIE 7.0; Windows NT 5.1; WOW64; Trident/4.0; 360SE)" "-"
116.255.192.110 - - [19/Apr/2019:03:58:50 +0800] "GET /css/index.min.css?v=2.5.5 HTTP/1.1" 304 0 "https://bz.zzzmh.cn/" "Mozilla/4.0 (compatible; MSIE 8.0; Windows NT 5.1; MAXTHON)" "-"
116.255.192.110 - - [19/Apr/2019:03:58:51 +0800] "GET /js/index.min.js?v=2.5.5 HTTP/1.1" 304 0 "https://bz.zzzmh.cn/" "Mozilla/4.0 (compatible; MSIE 8.0; Windows NT 5.1; MAXTHON)" "-"
122.114.151.82 - - [19/Apr/2019:03:58:56 +0800] "GET /css/index.min.css?v=2.5.5 HTTP/1.1" 200 8194 "https://bz.zzzmh.cn/" "Mozilla/4.0 (compatible; MSIE 10.0; Windows NT 6.1; 360SE)" "-"
122.114.151.82 - - [19/Apr/2019:03:58:56 +0800] "GET /js/index.min.js?v=2.5.5 HTTP/1.1" 200 8887 "https://bz.zzzmh.cn/" "Mozilla/4.0 (compatible; MSIE 10.0; Windows NT 6.1; 360SE)" "-"
113.70.146.120 - - [19/Apr/2019:03:58:56 +0800] "GET /json/xjj.json HTTP/1.1" 200 4930 "https://bz.zzzmh.cn/" "Mozilla/5.0 (Windows NT 6.1; WOW64) AppleWebKit/537.36 (KHTML, like Gecko) Chrome/55.0.2883.87 Safari/537.36" "-"
198.27.123.112 - - [19/Apr/2019:03:58:57 +0800] "GET /js/index.min.js?v=2.5.5 HTTP/1.1" 200 8887 "https://bz.zzzmh.cn/" "Mozilla/5.0 (compatible; MSIE 9.0; Windows NT 6.1; WOW64; Trident/5.0; SLCC2; .NET CLR 2.0.50727; .NET4.0C; .NET4.0E)" "-"
198.27.123.112 - - [19/Apr/2019:03:59:00 +0800] "GET /css/index.min.css?v=2.5.5 HTTP/1.1" 200 8194 "https://bz.zzzmh.cn/" "Mozilla/5.0 (compatible; MSIE 9.0; Windows NT 6.1; WOW64; Trident/5.0; SLCC2; .NET CLR 2.0.50727; .NET4.0C; .NET4.0E)" "-"
198.27.123.112 - - [19/Apr/2019:03:59:00 +0800] "GET /js/index.min.js?v=2.5.5 HTTP/1.1" 200 8887 "https://bz.zzzmh.cn/" "Mozilla/5.0 (compatible; MSIE 9.0; Windows NT 6.1; WOW64; Trident/5.0; SLCC2; .NET CLR 2.0.50727; .NET4.0C; .NET4.0E)" "-"
122.114.253.216 - - [19/Apr/2019:03:59:02 +0800] "GET /css/index.min.css?v=2.5.5 HTTP/1.1" 304 0 "https://bz.zzzmh.cn/" "Mozilla/4.0 (compatible; MSIE 10.0; Windows NT 6.1)" "-"
122.114.253.216 - - [19/Apr/2019:03:59:02 +0800] "GET /js/index.min.js?v=2.5.5 HTTP/1.1" 304 0 "https://bz.zzzmh.cn/" "Mozilla/4.0 (compatible; MSIE 10.0; Windows NT 6.1)" "-"
39.108.67.77 - - [19/Apr/2019:03:59:06 +0800] "GET /css/index.min.css?v=2.5.5 HTTP/1.1" 200 8194 "https://bz.zzzmh.cn/" "Mozilla/4.0 (compatible; MSIE 10.0; Windows NT 6.1)" "-"
185.188.183.52 - - [19/Apr/2019:03:59:07 +0800] "GET /css/index.min.css?v=2.5.5 HTTP/1.1" 200 8194 "https://bz.zzzmh.cn/" "Mozilla/4.0 (compatible; MSIE 6.0; Windows NT 5.1; SE 2.x)" "-"
185.188.183.52 - - [19/Apr/2019:03:59:07 +0800] "GET /js/index.min.js?v=2.5.5 HTTP/1.1" 200 8887 "https://bz.zzzmh.cn/" "Mozilla/4.0 (compatible; MSIE 6.0; Windows NT 5.1; SE 2.x)" "-"
223.192.250.29 - - [19/Apr/2019:03:59:13 +0800] "GET /css/index.min.css?v=2.5.5 HTTP/1.1" 304 0 "https://bz.zzzmh.cn/" "Mozilla/4.0 (compatible; MSIE 7.0; Windows NT 5.1; WOW64; Trident/4.0; 360SE)" "-"
223.192.250.29 - - [19/Apr/2019:03:59:14 +0800] "GET /js/index.min.js?v=2.5.5 HTTP/1.1" 304 0 "https://bz.zzzmh.cn/" "Mozilla/4.0 (compatible; MSIE 7.0; Windows NT 5.1; WOW64; Trident/4.0; 360SE)" "-"
39.108.67.77 - - [19/Apr/2019:03:59:14 +0800] "GET /js/index.min.js?v=2.5.5 HTTP/1.1" 200 8887 "https://bz.zzzmh.cn/" "Mozilla/4.0 (compatible; MSIE 10.0; Windows NT 6.1)" "-"
14.0.155.115 - - [19/Apr/2019:03:59:15 +0800] "GET /css/index.min.css?v=2.5.5 HTTP/1.1" 200 8194 "https://bz.zzzmh.cn/" "Mozilla/5.0 (compatible; MSIE 10.0; Windows NT 6.1; WOW64; Trident/6.0; .NET4.0C; .NET4.0E; .NET CLR 2.0.50727; .NET CLR 3.0.30729; .NET CLR 3.5.30729; TencentTraveler 4.0)" "-"
14.0.155.115 - - [19/Apr/2019:03:59:16 +0800] "GET /js/index.min.js?v=2.5.5 HTTP/1.1" 200 8887 "https://bz.zzzmh.cn/" "Mozilla/5.0 (compatible; MSIE 10.0; Windows NT 6.1; WOW64; Trident/6.0; .NET4.0C; .NET4.0E; .NET CLR 2.0.50727; .NET CLR 3.0.30729; .NET CLR 3.5.30729; TencentTraveler 4.0)" "-"
116.5.21.146 - - [19/Apr/2019:03:59:17 +0800] "GET /css/index.min.css?v=2.5.5 HTTP/1.1" 200 8194 "https://bz.zzzmh.cn/" "Mozilla/4.0 (compatible; MSIE 8.0; Windows NT 5.1; 360SE)" "-"
116.5.21.146 - - [19/Apr/2019:03:59:17 +0800] "GET /js/index.min.js?v=2.5.5 HTTP/1.1" 200 8887 "https://bz.zzzmh.cn/" "Mozilla/4.0 (compatible; MSIE 8.0; Windows NT 5.1; 360SE)" "-"
113.70.146.120 - - [19/Apr/2019:03:59:22 +0800] "GET /json/ecy.json HTTP/1.1" 200 7263 "https://bz.zzzmh.cn/" "Mozilla/5.0 (Windows NT 6.1; WOW64) AppleWebKit/537.36 (KHTML, like Gecko) Chrome/55.0.2883.87 Safari/537.36" "-"
222.182.58.78 - - [19/Apr/2019:03:59:22 +0800] "GET /css/index.min.css?v=2.5.5 HTTP/1.1" 200 8194 "https://bz.zzzmh.cn/" "Mozilla/4.0 (compatible; MSIE 7.0; Windows NT 5.1; WOW64; Trident/4.0; SLCC2; .NET CLR 2.0.50727)" "-"
222.182.58.78 - - [19/Apr/2019:03:59:23 +0800] "GET /js/index.min.js?v=2.5.5 HTTP/1.1" 200 8887 "https://bz.zzzmh.cn/" "Mozilla/4.0 (compatible; MSIE 7.0; Windows NT 5.1; WOW64; Trident/4.0; SLCC2; .NET CLR 2.0.50727)" "-"
185.188.183.52 - - [19/Apr/2019:03:59:32 +0800] "GET /css/index.min.css?v=2.5.5 HTTP/1.1" 200 8194 "https://bz.zzzmh.cn/" "Mozilla/4.0 (compatible; MSIE 6.0; Windows NT 5.1; SE 2.x)" "-"
116.5.21.146 - - [19/Apr/2019:03:59:38 +0800] "GET /css/index.min.css?v=2.5.5 HTTP/1.1" 200 8194 "https://bz.zzzmh.cn/" "Mozilla/4.0 (compatible; MSIE 8.0; Windows NT 5.1; 360SE)" "-"
116.5.21.146 - - [19/Apr/2019:03:59:38 +0800] "GET /js/index.min.js?v=2.5.5 HTTP/1.1" 200 8887 "https://bz.zzzmh.cn/" "Mozilla/4.0 (compatible; MSIE 8.0; Windows NT 5.1; 360SE)" "-"
113.70.145.221 - - [19/Apr/2019:03:59:38 +0800] "GET /css/index.min.css?v=2.5.5 HTTP/1.1" 200 8194 "https://bz.zzzmh.cn/" "Mozilla/5.0 (Windows NT 10.0; Win64; x64; rv:57.0) Gecko/20100101 Firefox/57.0" "-"
113.70.145.221 - - [19/Apr/2019:03:59:38 +0800] "GET /js/index.min.js?v=2.5.5 HTTP/1.1" 200 8887 "https://bz.zzzmh.cn/" "Mozilla/5.0 (Windows NT 10.0; Win64; x64; rv:57.0) Gecko/20100101 Firefox/57.0" "-"
113.70.145.221 - - [19/Apr/2019:03:59:39 +0800] "GET /img/bg.png HTTP/1.1" 200 16842 "https://bz.zzzmh.cn/css/index.min.css?v=2.5.5" "Mozilla/5.0 (Windows NT 10.0; Win64; x64; rv:57.0) Gecko/20100101 Firefox/57.0" "-"
113.70.145.221 - - [19/Apr/2019:03:59:39 +0800] "GET /json/tags.json HTTP/1.1" 200 904 "https://bz.zzzmh.cn/" "Mozilla/5.0 (Windows NT 10.0; Win64; x64; rv:57.0) Gecko/20100101 Firefox/57.0" "-"
113.70.145.221 - - [19/Apr/2019:03:59:39 +0800] "GET /img/zwt.png HTTP/1.1" 200 1149 "https://bz.zzzmh.cn/" "Mozilla/5.0 (Windows NT 10.0; Win64; x64; rv:57.0) Gecko/20100101 Firefox/57.0" "-"
113.70.145.221 - - [19/Apr/2019:03:59:39 +0800] "GET /json/index.json HTTP/1.1" 200 13954 "https://bz.zzzmh.cn/" "Mozilla/5.0 (Windows NT 10.0; Win64; x64; rv:57.0) Gecko/20100101 Firefox/57.0" "-"
14.221.97.191 - - [19/Apr/2019:03:59:40 +0800] "GET /css/index.min.css?v=2.5.5 HTTP/1.1" 200 8194 "https://bz.zzzmh.cn/" "Mozilla/4.0 (compatible; MSIE 8.0; Windows NT 5.1; WOW64; Trident/4.0)" "-"
222.182.58.78 - - [19/Apr/2019:03:59:42 +0800] "GET /css/index.min.css?v=2.5.5 HTTP/1.1" 200 8194 "https://bz.zzzmh.cn/" "Mozilla/4.0 (compatible; MSIE 7.0; Windows NT 5.1; WOW64; Trident/4.0; SLCC2; .NET CLR 2.0.50727)" "-"
222.182.58.78 - - [19/Apr/2019:03:59:42 +0800] "GET /js/index.min.js?v=2.5.5 HTTP/1.1" 200 8887 "https://bz.zzzmh.cn/" "Mozilla/4.0 (compatible; MSIE 7.0; Windows NT 5.1; WOW64; Trident/4.0; SLCC2; .NET CLR 2.0.50727)" "-"
122.114.193.173 - - [19/Apr/2019:03:59:43 +0800] "GET /css/index.min.css?v=2.5.5 HTTP/1.1" 200 8194 "https://bz.zzzmh.cn/" "Mozilla/4.0 (compatible; MSIE 10.0; Windows NT 6.1; QIHU 360EE)" "-"
14.221.97.191 - - [19/Apr/2019:03:59:43 +0800] "GET /js/index.min.js?v=2.5.5 HTTP/1.1" 200 8887 "https://bz.zzzmh.cn/" "Mozilla/4.0 (compatible; MSIE 8.0; Windows NT 5.1; WOW64; Trident/4.0)" "-"
14.0.155.115 - - [19/Apr/2019:03:59:44 +0800] "GET /css/index.min.css?v=2.5.5 HTTP/1.1" 304 0 "https://bz.zzzmh.cn/" "Mozilla/5.0 (compatible; MSIE 10.0; Windows NT 6.1; WOW64; Trident/6.0; .NET4.0C; .NET4.0E; .NET CLR 2.0.50727; .NET CLR 3.0.30729; .NET CLR 3.5.30729; TencentTraveler 4.0)" "-"
14.0.155.115 - - [19/Apr/2019:03:59:45 +0800] "GET /js/index.min.js?v=2.5.5 HTTP/1.1" 304 0 "https://bz.zzzmh.cn/" "Mozilla/5.0 (compatible; MSIE 10.0; Windows NT 6.1; WOW64; Trident/6.0; .NET4.0C; .NET4.0E; .NET CLR 2.0.50727; .NET CLR 3.0.30729; .NET CLR 3.5.30729; TencentTraveler 4.0)" "-"
122.114.193.173 - - [19/Apr/2019:03:59:48 +0800] "GET /js/index.min.js?v=2.5.5 HTTP/1.1" 200 8887 "https://bz.zzzmh.cn/" "Mozilla/4.0 (compatible; MSIE 10.0; Windows NT 6.1; QIHU 360EE)" "-"
192.144.185.109 - - [19/Apr/2019:03:59:50 +0800] "GET /css/index.min.css?v=2.5.5 HTTP/1.1" 200 8194 "https://bz.zzzmh.cn/" "Mozilla/4.0 (compatible; MSIE 9.0; Windows NT 6.1)" "-"
192.144.185.109 - - [19/Apr/2019:03:59:50 +0800] "GET /js/index.min.js?v=2.5.5 HTTP/1.1" 200 8887 "https://bz.zzzmh.cn/" "Mozilla/4.0 (compatible; MSIE 9.0; Windows NT 6.1)" "-"
27.190.110.209 - - [19/Apr/2019:03:59:52 +0800] "GET /css/index.min.css?v=2.5.5 HTTP/1.1" 200 8194 "https://bz.zzzmh.cn/" "Mozilla/4.0 (compatible; MSIE 8.0; Windows NT 5.1; WOW64; Trident/4.0; .NET4.0C; .NET4.0E; .NET CLR 2.0.50727; .NET CLR 3.0.30729; .NET CLR 3.5.30729)" "-"
27.190.110.209 - - [19/Apr/2019:03:59:53 +0800] "GET /js/index.min.js?v=2.5.5 HTTP/1.1" 200 8887 "https://bz.zzzmh.cn/" "Mozilla/4.0 (compatible; MSIE 8.0; Windows NT 5.1; WOW64; Trident/4.0; .NET4.0C; .NET4.0E; .NET CLR 2.0.50727; .NET CLR 3.0.30729; .NET CLR 3.5.30729)" "-"
113.101.195.4 - - [19/Apr/2019:03:59:53 +0800] "GET /css/index.min.css?v=2.5.5 HTTP/1.1" 200 8194 "https://bz.zzzmh.cn/" "Mozilla/5.0 (Windows NT 5.1) AppleWebKit/537.36 (KHTML, like Gecko) Chrome/48.0.2564.109 Safari/537.36" "-"
113.101.195.4 - - [19/Apr/2019:03:59:54 +0800] "GET /js/index.min.js?v=2.5.5 HTTP/1.1" 200 8887 "https://bz.zzzmh.cn/" "Mozilla/5.0 (Windows NT 5.1) AppleWebKit/537.36 (KHTML, like Gecko) Chrome/48.0.2564.109 Safari/537.36" "-"
14.221.97.191 - - [19/Apr/2019:04:00:04 +0800] "GET /css/index.min.css?v=2.5.5 HTTP/1.1" 304 0 "https://bz.zzzmh.cn/" "Mozilla/4.0 (compatible; MSIE 8.0; Windows NT 5.1; WOW64; Trident/4.0)" "-"
14.221.97.191 - - [19/Apr/2019:04:00:04 +0800] "GET /js/index.min.js?v=2.5.5 HTTP/1.1" 304 0 "https://bz.zzzmh.cn/" "Mozilla/4.0 (compatible; MSIE 8.0; Windows NT 5.1; WOW64; Trident/4.0)" "-"
113.70.145.221 - - [19/Apr/2019:04:00:05 +0800] "GET /json/4k.json HTTP/1.1" 200 9728 "https://bz.zzzmh.cn/" "Mozilla/5.0 (Windows NT 10.0; Win64; x64; rv:57.0) Gecko/20100101 Firefox/57.0" "-"
122.114.193.173 - - [19/Apr/2019:04:00:05 +0800] "GET /css/index.min.css?v=2.5.5 HTTP/1.1" 304 0 "https://bz.zzzmh.cn/" "Mozilla/4.0 (compatible; MSIE 10.0; Windows NT 6.1; QIHU 360EE)" "-"
122.114.193.173 - - [19/Apr/2019:04:00:06 +0800] "GET /js/index.min.js?v=2.5.5 HTTP/1.1" 304 0 "https://bz.zzzmh.cn/" "Mozilla/4.0 (compatible; MSIE 10.0; Windows NT 6.1; QIHU 360EE)" "-"
192.144.185.109 - - [19/Apr/2019:04:00:11 +0800] "GET /css/index.min.css?v=2.5.5 HTTP/1.1" 304 0 "https://bz.zzzmh.cn/" "Mozilla/4.0 (compatible; MSIE 9.0; Windows NT 6.1)" "-"
192.144.185.109 - - [19/Apr/2019:04:00:11 +0800] "GET /js/index.min.js?v=2.5.5 HTTP/1.1" 304 0 "https://bz.zzzmh.cn/" "Mozilla/4.0 (compatible; MSIE 9.0; Windows NT 6.1)" "-"
27.190.110.209 - - [19/Apr/2019:04:00:14 +0800] "GET /css/index.min.css?v=2.5.5 HTTP/1.1" 304 0 "https://bz.zzzmh.cn/" "Mozilla/4.0 (compatible; MSIE 8.0; Windows NT 5.1; WOW64; Trident/4.0; .NET4.0C; .NET4.0E; .NET CLR 2.0.50727; .NET CLR 3.0.30729; .NET CLR 3.5.30729)" "-"
27.190.110.209 - - [19/Apr/2019:04:00:14 +0800] "GET /js/index.min.js?v=2.5.5 HTTP/1.1" 304 0 "https://bz.zzzmh.cn/" "Mozilla/4.0 (compatible; MSIE 8.0; Windows NT 5.1; WOW64; Trident/4.0; .NET4.0C; .NET4.0E; .NET CLR 2.0.50727; .NET CLR 3.0.30729; .NET CLR 3.5.30729)" "-"
220.136.16.24 - - [19/Apr/2019:04:00:15 +0800] "GET /css/index.min.css?v=2.5.5 HTTP/1.1" 200 8194 "https://bz.zzzmh.cn/" "Mozilla/4.0 (compatible; MSIE 7.0; Windows NT 5.1; Trident/4.0; .NET4.0C; .NET4.0E; InfoPath.3; Tablet PC 2.0; 360SE)" "-"
220.136.16.24 - - [19/Apr/2019:04:00:16 +0800] "GET /js/index.min.js?v=2.5.5 HTTP/1.1" 200 8887 "https://bz.zzzmh.cn/" "Mozilla/4.0 (compatible; MSIE 7.0; Windows NT 5.1; Trident/4.0; .NET4.0C; .NET4.0E; InfoPath.3; Tablet PC 2.0; 360SE)" "-"
113.101.195.4 - - [19/Apr/2019:04:00:17 +0800] "GET /css/index.min.css?v=2.5.5 HTTP/1.1" 304 0 "https://bz.zzzmh.cn/" "Mozilla/5.0 (Windows NT 5.1) AppleWebKit/537.36 (KHTML, like Gecko) Chrome/48.0.2564.109 Safari/537.36" "-"
113.101.195.4 - - [19/Apr/2019:04:00:19 +0800] "GET /js/index.min.js?v=2.5.5 HTTP/1.1" 304 0 "https://bz.zzzmh.cn/" "Mozilla/5.0 (Windows NT 5.1) AppleWebKit/537.36 (KHTML, like Gecko) Chrome/48.0.2564.109 Safari/537.36" "-"
58.32.12.178 - - [19/Apr/2019:04:00:25 +0800] "GET /css/index.min.css?v=2.5.5 HTTP/1.1" 200 8194 "https://bz.zzzmh.cn/" "Mozilla/5.0 (Windows; U; Windows NT 6.1; zh-CN) AppleWebKit/530.19.2 (KHTML, like Gecko) Version/4.0.2 Safari/530.19.1" "-"
58.32.12.178 - - [19/Apr/2019:04:00:25 +0800] "GET /js/index.min.js?v=2.5.5 HTTP/1.1" 200 8887 "https://bz.zzzmh.cn/" "Mozilla/5.0 (Windows; U; Windows NT 6.1; zh-CN) AppleWebKit/530.19.2 (KHTML, like Gecko) Version/4.0.2 Safari/530.19.1" "-"
113.91.140.103 - - [19/Apr/2019:04:00:30 +0800] "GET /css/index.min.css?v=2.5.5 HTTP/1.1" 200 8194 "https://bz.zzzmh.cn/" "Mozilla/5.0 (compatible; MSIE 10.0; Windows NT 6.1; WOW64; Trident/6.0; SLCC2; .NET CLR 2.0.50727; .NET CLR 3.5.30729; .NET CLR 3.0.30729; .NET4.0C; .NET4.0E)" "-"
113.91.140.103 - - [19/Apr/2019:04:00:30 +0800] "GET /js/index.min.js?v=2.5.5 HTTP/1.1" 200 8887 "https://bz.zzzmh.cn/" "Mozilla/5.0 (compatible; MSIE 10.0; Windows NT 6.1; WOW64; Trident/6.0; SLCC2; .NET CLR 2.0.50727; .NET CLR 3.5.30729; .NET CLR 3.0.30729; .NET4.0C; .NET4.0E)" "-"
220.136.16.24 - - [19/Apr/2019:04:00:35 +0800] "GET /css/index.min.css?v=2.5.5 HTTP/1.1" 304 0 "https://bz.zzzmh.cn/" "Mozilla/4.0 (compatible; MSIE 7.0; Windows NT 5.1; Trident/4.0; .NET4.0C; .NET4.0E; InfoPath.3; Tablet PC 2.0; 360SE)" "-"
220.136.16.24 - - [19/Apr/2019:04:00:37 +0800] "GET /js/index.min.js?v=2.5.5 HTTP/1.1" 304 0 "https://bz.zzzmh.cn/" "Mozilla/4.0 (compatible; MSIE 7.0; Windows NT 5.1; Trident/4.0; .NET4.0C; .NET4.0E; InfoPath.3; Tablet PC 2.0; 360SE)" "-"
119.166.28.187 - - [19/Apr/2019:04:00:37 +0800] "GET /css/index.min.css?v=2.5.5 HTTP/1.1" 200 8194 "https://bz.zzzmh.cn/" "Mozilla/5.0 (compatible; MSIE 10.0; Windows NT 6.1; WOW64; Trident/6.0; .NET4.0C; .NET4.0E; .NET CLR 2.0.50727; .NET CLR 3.0.30729; .NET CLR 3.5.30729; 360SE)" "-"
116.255.157.65 - - [19/Apr/2019:04:00:37 +0800] "GET /css/index.min.css?v=2.5.5 HTTP/1.1" 200 8194 "https://bz.zzzmh.cn/" "Mozilla/4.0 (compatible; MSIE 10.0; Windows NT 6.1)" "-"
119.166.28.187 - - [19/Apr/2019:04:00:37 +0800] "GET /js/index.min.js?v=2.5.5 HTTP/1.1" 200 8887 "https://bz.zzzmh.cn/" "Mozilla/5.0 (compatible; MSIE 10.0; Windows NT 6.1; WOW64; Trident/6.0; .NET4.0C; .NET4.0E; .NET CLR 2.0.50727; .NET CLR 3.0.30729; .NET CLR 3.5.30729; 360SE)" "-"
116.255.157.65 - - [19/Apr/2019:04:00:38 +0800] "GET /js/index.min.js?v=2.5.5 HTTP/1.1" 200 8887 "https://bz.zzzmh.cn/" "Mozilla/4.0 (compatible; MSIE 10.0; Windows NT 6.1)" "-"
219.137.140.216 - - [19/Apr/2019:04:00:40 +0800] "GET /css/index.min.css?v=2.5.5 HTTP/1.1" 200 8194 "https://bz.zzzmh.cn/" "Mozilla/4.0 (compatible; MSIE 8.0; Windows NT 5.1; WOW64; Trident/4.0; .NET4.0C; .NET4.0E; .NET CLR 2.0.50727; .NET CLR 3.0.30729; .NET CLR 3.5.30729)" "-"
219.137.140.216 - - [19/Apr/2019:04:00:40 +0800] "GET /js/index.min.js?v=2.5.5 HTTP/1.1" 200 8887 "https://bz.zzzmh.cn/" "Mozilla/4.0 (compatible; MSIE 8.0; Windows NT 5.1; WOW64; Trident/4.0; .NET4.0C; .NET4.0E; .NET CLR 2.0.50727; .NET CLR 3.0.30729; .NET CLR 3.5.30729)" "-"
111.177.120.42 - - [19/Apr/2019:04:00:48 +0800] "GET /css/index.min.css?v=2.5.5 HTTP/1.1" 200 8194 "https://bz.zzzmh.cn/" "Mozilla/4.0 (compatible; MSIE 8.0; Windows NT 5.1)" "-"
111.177.120.42 - - [19/Apr/2019:04:00:48 +0800] "GET /js/index.min.js?v=2.5.5 HTTP/1.1" 200 8887 "https://bz.zzzmh.cn/" "Mozilla/4.0 (compatible; MSIE 8.0; Windows NT 5.1)" "-"
212.162.151.231 - - [19/Apr/2019:04:00:49 +0800] "GET /css/index.min.css?v=2.5.5 HTTP/1.1" 200 8194 "https://bz.zzzmh.cn/" "Mozilla/5.0 (Windows NT 5.1) AppleWebKit/537.36 (KHTML, like Gecko) Chrome/48.0.2564.109 Safari/537.36" "-"
212.162.151.231 - - [19/Apr/2019:04:00:51 +0800] "GET /js/index.min.js?v=2.5.5 HTTP/1.1" 200 8887 "https://bz.zzzmh.cn/" "Mozilla/5.0 (Windows NT 5.1) AppleWebKit/537.36 (KHTML, like Gecko) Chrome/48.0.2564.109 Safari/537.36" "-"
113.91.140.103 - - [19/Apr/2019:04:00:51 +0800] "GET /css/index.min.css?v=2.5.5 HTTP/1.1" 304 0 "https://bz.zzzmh.cn/" "Mozilla/5.0 (compatible; MSIE 10.0; Windows NT 6.1; WOW64; Trident/6.0; SLCC2; .NET CLR 2.0.50727; .NET CLR 3.5.30729; .NET CLR 3.0.30729; .NET4.0C; .NET4.0E)" "-"
113.91.140.103 - - [19/Apr/2019:04:00:51 +0800] "GET /js/index.min.js?v=2.5.5 HTTP/1.1" 304 0 "https://bz.zzzmh.cn/" "Mozilla/5.0 (compatible; MSIE 10.0; Windows NT 6.1; WOW64; Trident/6.0; SLCC2; .NET CLR 2.0.50727; .NET CLR 3.5.30729; .NET CLR 3.0.30729; .NET4.0C; .NET4.0E)" "-"
58.32.12.178 - - [19/Apr/2019:04:00:51 +0800] "GET /css/index.min.css?v=2.5.5 HTTP/1.1" 304 0 "https://bz.zzzmh.cn/" "Mozilla/5.0 (Windows; U; Windows NT 6.1; zh-CN) AppleWebKit/530.19.2 (KHTML, like Gecko) Version/4.0.2 Safari/530.19.1" "-"
58.32.12.178 - - [19/Apr/2019:04:00:52 +0800] "GET /js/index.min.js?v=2.5.5 HTTP/1.1" 304 0 "https://bz.zzzmh.cn/" "Mozilla/5.0 (Windows; U; Windows NT 6.1; zh-CN) AppleWebKit/530.19.2 (KHTML, like Gecko) Version/4.0.2 Safari/530.19.1" "-"
116.255.157.65 - - [19/Apr/2019:04:00:59 +0800] "GET /css/index.min.css?v=2.5.5 HTTP/1.1" 304 0 "https://bz.zzzmh.cn/" "Mozilla/4.0 (compatible; MSIE 10.0; Windows NT 6.1)" "-"
