211.65.69.118 - - [19/Apr/2019:04:10:36 +0800] "GET /json/index.json HTTP/1.1" 200 13954 "https://bz.zzzmh.cn/" "Mozilla/5.0 (Windows NT 10.0; WOW64) AppleWebKit/537.36 (KHTML, like Gecko) Chrome/55.0.2883.87 Safari/537.36" "-"
116.255.169.170 - - [19/Apr/2019:04:10:36 +0800] "GET /js/index.min.js?v=2.5.5 HTTP/1.1" 200 8887 "https://bz.zzzmh.cn/" "Mozilla/4.0 (compatible; MSIE 10.0; Windows NT 6.1; 360SE)" "-"
114.252.156.160 - - [19/Apr/2019:04:10:58 +0800] "GET /css/index.min.css?v=2.5.5 HTTP/1.1" 304 0 "https://bz.zzzmh.cn/" "Mozilla/4.0 (compatible; MSIE 7.0; Windows NT 5.1; WOW64; Trident/4.0; .NET4.0C; .NET4.0E; .NET CLR 2.0.50727; .NET CLR 3.0.30729; .NET CLR 3.5.30729)" "-"
114.252.156.160 - - [19/Apr/2019:04:10:58 +0800] "GET /js/index.min.js?v=2.5.5 HTTP/1.1" 304 0 "https://bz.zzzmh.cn/" "Mozilla/4.0 (compatible; MSIE 7.0; Windows NT 5.1; WOW64; Trident/4.0; .NET4.0C; .NET4.0E; .NET CLR 2.0.50727; .NET CLR 3.0.30729; .NET CLR 3.5.30729)" "-"
116.255.210.97 - - [19/Apr/2019:04:10:58 +0800] "GET /css/index.min.css?v=2.5.5 HTTP/1.1" 304 0 "https://bz.zzzmh.cn/" "Mozilla/4.0 (compatible; MSIE 8.0; Windows NT 5.1; SE 2.x)" "-"
116.255.210.97 - - [19/Apr/2019:04:11:00 +0800] "GET /js/index.min.js?v=2.5.5 HTTP/1.1" 304 0 "https://bz.zzzmh.cn/" "Mozilla/4.0 (compatible; MSIE 8.0; Windows NT 5.1; SE 2.x)" "-"
211.65.69.118 - - [19/Apr/2019:04:11:21 +0800] "GET /img/emoticon/6.png HTTP/1.1" 200 1989 "https://bz.zzzmh.cn/" "Mozilla/5.0 (Windows NT 10.0; WOW64) AppleWebKit/537.36 (KHTML, like Gecko) Chrome/55.0.2883.87 Safari/537.36" "-"
211.65.69.118 - - [19/Apr/2019:04:11:21 +0800] "GET /img/emoticon/0.png HTTP/1.1" 200 981 "https://bz.zzzmh.cn/" "Mozilla/5.0 (Windows NT 10.0; WOW64) AppleWebKit/537.36 (KHTML, like Gecko) Chrome/55.0.2883.87 Safari/537.36" "-"
211.65.69.118 - - [19/Apr/2019:04:11:21 +0800] "GET /img/emoticon/1.png HTTP/1.1" 200 1570 "https://bz.zzzmh.cn/" "Mozilla/5.0 (Windows NT 10.0; WOW64) AppleWebKit/537.36 (KHTML, like Gecko) Chrome/55.0.2883.87 Safari/537.36" "-"
211.65.69.118 - - [19/Apr/2019:04:11:21 +0800] "GET /img/emoticon/3.png HTTP/1.1" 200 1953 "https://bz.zzzmh.cn/" "Mozilla/5.0 (Windows NT 10.0; WOW64) AppleWebKit/537.36 (KHTML, like Gecko) Chrome/55.0.2883.87 Safari/537.36" "-"
211.65.69.118 - - [19/Apr/2019:04:11:21 +0800] "GET /img/emoticon/5.png HTTP/1.1" 200 1677 "https://bz.zzzmh.cn/" "Mozilla/5.0 (Windows NT 10.0; WOW64) AppleWebKit/537.36 (KHTML, like Gecko) Chrome/55.0.2883.87 Safari/537.36" "-"
211.65.69.118 - - [19/Apr/2019:04:11:21 +0800] "GET /img/emoticon/4.png HTTP/1.1" 200 2277 "https://bz.zzzmh.cn/" "Mozilla/5.0 (Windows NT 10.0; WOW64) AppleWebKit/537.36 (KHTML, like Gecko) Chrome/55.0.2883.87 Safari/537.36" "-"
211.65.69.118 - - [19/Apr/2019:04:11:21 +0800] "GET /img/emoticon/7.png HTTP/1.1" 200 1781 "https://bz.zzzmh.cn/" "Mozilla/5.0 (Windows NT 10.0; WOW64) AppleWebKit/537.36 (KHTML, like Gecko) Chrome/55.0.2883.87 Safari/537.36" "-"
122.114.99.141 - - [19/Apr/2019:04:11:36 +0800] "GET /css/index.min.css?v=2.5.5 HTTP/1.1" 200 8194 "https://bz.zzzmh.cn/" "Mozilla/5.0 (Windows NT 6.1) AppleWebKit/537.36 (KHTML, like Gecko) Chrome/48.0.2564.109 Safari/537.36" "-"
122.114.99.141 - - [19/Apr/2019:04:11:37 +0800] "GET /js/index.min.js?v=2.5.5 HTTP/1.1" 200 8887 "https://bz.zzzmh.cn/" "Mozilla/5.0 (Windows NT 6.1) AppleWebKit/537.36 (KHTML, like Gecko) Chrome/48.0.2564.109 Safari/537.36" "-"
42.234.91.236 - - [19/Apr/2019:04:11:46 +0800] "GET /css/index.min.css?v=2.5.5 HTTP/1.1" 200 8194 "https://bz.zzzmh.cn/" "Mozilla/5.0 (Windows NT 6.1) AppleWebKit/537.36 (KHTML, like Gecko) Chrome/48.0.2564.109 Safari/537.36" "-"
42.234.91.236 - - [19/Apr/2019:04:11:47 +0800] "GET /js/index.min.js?v=2.5.5 HTTP/1.1" 200 8887 "https://bz.zzzmh.cn/" "Mozilla/5.0 (Windows NT 6.1) AppleWebKit/537.36 (KHTML, like Gecko) Chrome/48.0.2564.109 Safari/537.36" "-"
211.65.69.118 - - [19/Apr/2019:04:11:47 +0800] "GET /json/ecy.json HTTP/1.1" 200 7263 "https://bz.zzzmh.cn/" "Mozilla/5.0 (Windows NT 10.0; WOW64) AppleWebKit/537.36 (KHTML, like Gecko) Chrome/55.0.2883.87 Safari/537.36" "-"
122.114.99.141 - - [19/Apr/2019:04:11:55 +0800] "GET /css/index.min.css?v=2.5.5 HTTP/1.1" 200 8194 "https://bz.zzzmh.cn/" "Mozilla/5.0 (Windows NT 6.1) AppleWebKit/537.36 (KHTML, like Gecko) Chrome/48.0.2564.109 Safari/537.36" "-"
42.234.91.236 - - [19/Apr/2019:04:12:09 +0800] "GET /css/index.min.css?v=2.5.5 HTTP/1.1" 304 0 "https://bz.zzzmh.cn/" "Mozilla/5.0 (Windows NT 6.1) AppleWebKit/537.36 (KHTML, like Gecko) Chrome/48.0.2564.109 Safari/537.36" "-"
42.234.91.236 - - [19/Apr/2019:04:12:09 +0800] "GET /js/index.min.js?v=2.5.5 HTTP/1.1" 304 0 "https://bz.zzzmh.cn/" "Mozilla/5.0 (Windows NT 6.1) AppleWebKit/537.36 (KHTML, like Gecko) Chrome/48.0.2564.109 Safari/537.36" "-"
117.41.185.35 - - [19/Apr/2019:04:13:36 +0800] "GET /css/index.min.css?v=2.5.5 HTTP/1.1" 200 8194 "https://bz.zzzmh.cn/" "Mozilla/5.0 (compatible; MSIE 10.0; Windows NT 6.1; Trident/6.0; SLCC2; .NET CLR 2.0.50727; .NET CLR 3.5.30729; .NET CLR 3.0.30729; Media Center PC 6.0)" "-"
117.41.185.35 - - [19/Apr/2019:04:13:56 +0800] "GET /js/index.min.js?v=2.5.5 HTTP/1.1" 200 8887 "https://bz.zzzmh.cn/" "Mozilla/5.0 (compatible; MSIE 10.0; Windows NT 6.1; Trident/6.0; SLCC2; .NET CLR 2.0.50727; .NET CLR 3.5.30729; .NET CLR 3.0.30729; Media Center PC 6.0)" "-"
117.41.185.35 - - [19/Apr/2019:04:13:58 +0800] "GET /css/index.min.css?v=2.5.5 HTTP/1.1" 304 0 "https://bz.zzzmh.cn/" "Mozilla/5.0 (compatible; MSIE 10.0; Windows NT 6.1; Trident/6.0; SLCC2; .NET CLR 2.0.50727; .NET CLR 3.5.30729; .NET CLR 3.0.30729; Media Center PC 6.0)" "-"
117.41.185.35 - - [19/Apr/2019:04:13:58 +0800] "GET /js/index.min.js?v=2.5.5 HTTP/1.1" 304 0 "https://bz.zzzmh.cn/" "Mozilla/5.0 (compatible; MSIE 10.0; Windows NT 6.1; Trident/6.0; SLCC2; .NET CLR 2.0.50727; .NET CLR 3.5.30729; .NET CLR 3.0.30729; Media Center PC 6.0)" "-"
185.204.0.151 - - [19/Apr/2019:04:14:07 +0800] "GET /css/index.min.css?v=2.5.5 HTTP/1.1" 200 8194 "https://bz.zzzmh.cn/" "Mozilla/4.0 (compatible; MSIE 10.0; Windows NT 6.1)" "-"
185.204.0.151 - - [19/Apr/2019:04:14:07 +0800] "GET /js/index.min.js?v=2.5.5 HTTP/1.1" 200 8887 "https://bz.zzzmh.cn/" "Mozilla/4.0 (compatible; MSIE 10.0; Windows NT 6.1)" "-"
13.59.10.97 - - [19/Apr/2019:04:14:22 +0800] "GET /css/index.min.css?v=2.5.5 HTTP/1.1" 200 8194 "https://bz.zzzmh.cn/" "Mozilla/5.0 (compatible; MSIE 10.0; Windows NT 6.1; WOW64; Trident/6.0; .NET4.0E; .NET4.0C)" "-"
13.59.10.97 - - [19/Apr/2019:04:14:26 +0800] "GET /js/index.min.js?v=2.5.5 HTTP/1.1" 200 8887 "https://bz.zzzmh.cn/" "Mozilla/5.0 (compatible; MSIE 10.0; Windows NT 6.1; WOW64; Trident/6.0; .NET4.0E; .NET4.0C)" "-"
111.121.96.152 - - [19/Apr/2019:04:14:26 +0800] "GET /css/index.min.css?v=2.5.5 HTTP/1.1" 200 8194 "https://bz.zzzmh.cn/" "Mozilla/5.0 (compatible; MSIE 10.0; Windows NT 6.2; WOW64; Trident/6.0; .NET4.0C; .NET4.0E; .NET CLR 2.0.50727; .NET CLR 3.0.30729; .NET CLR 3.5.30729)" "-"
111.121.96.152 - - [19/Apr/2019:04:14:27 +0800] "GET /js/index.min.js?v=2.5.5 HTTP/1.1" 200 8887 "https://bz.zzzmh.cn/" "Mozilla/5.0 (compatible; MSIE 10.0; Windows NT 6.2; WOW64; Trident/6.0; .NET4.0C; .NET4.0E; .NET CLR 2.0.50727; .NET CLR 3.0.30729; .NET CLR 3.5.30729)" "-"
185.204.0.151 - - [19/Apr/2019:04:14:27 +0800] "GET /css/index.min.css?v=2.5.5 HTTP/1.1" 200 8194 "https://bz.zzzmh.cn/" "Mozilla/4.0 (compatible; MSIE 10.0; Windows NT 6.1)" "-"
183.200.200.223 - - [19/Apr/2019:04:14:37 +0800] "GET /css/index.min.css?v=2.5.5 HTTP/1.1" 200 8194 "https://bz.zzzmh.cn/" "Mozilla/5.0 (Windows NT 5.1) AppleWebKit/537.36 (KHTML, like Gecko) Chrome/48.0.2564.109 Safari/537.36" "-"
183.200.200.223 - - [19/Apr/2019:04:14:38 +0800] "GET /js/index.min.js?v=2.5.5 HTTP/1.1" 200 8887 "https://bz.zzzmh.cn/" "Mozilla/5.0 (Windows NT 5.1) AppleWebKit/537.36 (KHTML, like Gecko) Chrome/48.0.2564.109 Safari/537.36" "-"
111.121.96.152 - - [19/Apr/2019:04:14:47 +0800] "GET /css/index.min.css?v=2.5.5 HTTP/1.1" 304 0 "https://bz.zzzmh.cn/" "Mozilla/5.0 (compatible; MSIE 10.0; Windows NT 6.2; WOW64; Trident/6.0; .NET4.0C; .NET4.0E; .NET CLR 2.0.50727; .NET CLR 3.0.30729; .NET CLR 3.5.30729)" "-"
111.121.96.152 - - [19/Apr/2019:04:14:47 +0800] "GET /js/index.min.js?v=2.5.5 HTTP/1.1" 304 0 "https://bz.zzzmh.cn/" "Mozilla/5.0 (compatible; MSIE 10.0; Windows NT 6.2; WOW64; Trident/6.0; .NET4.0C; .NET4.0E; .NET CLR 2.0.50727; .NET CLR 3.0.30729; .NET CLR 3.5.30729)" "-"
88.236.135.194 - - [19/Apr/2019:04:14:54 +0800] "GET /css/index.min.css?v=2.5.5 HTTP/1.1" 200 8194 "https://bz.zzzmh.cn/" "Mozilla/4.0 (compatible; MSIE 6.0; Windows NT 5.1; WOW64; Trident/7.0; SLCC2; .NET CLR 2.0.50727; .NET CLR 3.5.30729; .NET CLR 3.0.30729; Media Center PC 6.0; .NET4.0C; .NET4.0E; 360SE)" "-"
88.236.135.194 - - [19/Apr/2019:04:14:56 +0800] "GET /js/index.min.js?v=2.5.5 HTTP/1.1" 200 8887 "https://bz.zzzmh.cn/" "Mozilla/4.0 (compatible; MSIE 6.0; Windows NT 5.1; WOW64; Trident/7.0; SLCC2; .NET CLR 2.0.50727; .NET CLR 3.5.30729; .NET CLR 3.0.30729; Media Center PC 6.0; .NET4.0C; .NET4.0E; 360SE)" "-"
183.200.200.223 - - [19/Apr/2019:04:15:00 +0800] "GET /css/index.min.css?v=2.5.5 HTTP/1.1" 304 0 "https://bz.zzzmh.cn/" "Mozilla/5.0 (Windows NT 5.1) AppleWebKit/537.36 (KHTML, like Gecko) Chrome/48.0.2564.109 Safari/537.36" "-"
183.200.200.223 - - [19/Apr/2019:04:15:00 +0800] "GET /js/index.min.js?v=2.5.5 HTTP/1.1" 304 0 "https://bz.zzzmh.cn/" "Mozilla/5.0 (Windows NT 5.1) AppleWebKit/537.36 (KHTML, like Gecko) Chrome/48.0.2564.109 Safari/537.36" "-"
13.59.10.97 - - [19/Apr/2019:04:15:17 +0800] "GET /css/index.min.css?v=2.5.5 HTTP/1.1" 200 8194 "https://bz.zzzmh.cn/" "Mozilla/5.0 (compatible; MSIE 10.0; Windows NT 6.1; WOW64; Trident/6.0; .NET4.0E; .NET4.0C)" "-"
116.255.195.226 - - [19/Apr/2019:04:15:36 +0800] "GET /css/index.min.css?v=2.5.5 HTTP/1.1" 200 8194 "https://bz.zzzmh.cn/" "Mozilla/5.0 (Windows NT 5.1) AppleWebKit/537.36 (KHTML, like Gecko) Chrome/48.0.2564.109 Safari/537.36" "-"
116.255.195.226 - - [19/Apr/2019:04:15:38 +0800] "GET /js/index.min.js?v=2.5.5 HTTP/1.1" 200 8887 "https://bz.zzzmh.cn/" "Mozilla/5.0 (Windows NT 5.1) AppleWebKit/537.36 (KHTML, like Gecko) Chrome/48.0.2564.109 Safari/537.36" "-"
14.221.99.238 - - [19/Apr/2019:04:15:47 +0800] "GET /css/index.min.css?v=2.5.5 HTTP/1.1" 200 8194 "https://bz.zzzmh.cn/" "Mozilla/5.0 (compatible; MSIE 10.0; Windows NT 6.1; WOW64; Trident/6.0; SLCC2; .NET CLR 2.0.50727; .NET CLR 3.5.30729; .NET CLR 3.0.30729; .NET4.0C; .NET4.0E)" "-"
14.221.99.238 - - [19/Apr/2019:04:15:47 +0800] "GET /js/index.min.js?v=2.5.5 HTTP/1.1" 200 8887 "https://bz.zzzmh.cn/" "Mozilla/5.0 (compatible; MSIE 10.0; Windows NT 6.1; WOW64; Trident/6.0; SLCC2; .NET CLR 2.0.50727; .NET CLR 3.5.30729; .NET CLR 3.0.30729; .NET4.0C; .NET4.0E)" "-"
116.255.195.226 - - [19/Apr/2019:04:15:55 +0800] "GET /css/index.min.css?v=2.5.5 HTTP/1.1" 200 8194 "https://bz.zzzmh.cn/" "Mozilla/5.0 (Windows NT 5.1) AppleWebKit/537.36 (KHTML, like Gecko) Chrome/48.0.2564.109 Safari/537.36" "-"
116.255.195.226 - - [19/Apr/2019:04:15:56 +0800] "GET /js/index.min.js?v=2.5.5 HTTP/1.1" 200 8887 "https://bz.zzzmh.cn/" "Mozilla/5.0 (Windows NT 5.1) AppleWebKit/537.36 (KHTML, like Gecko) Chrome/48.0.2564.109 Safari/537.36" "-"
223.74.181.146 - - [19/Apr/2019:04:15:59 +0800] "GET /css/index.min.css?v=2.5.5 HTTP/1.1" 200 8194 "https://bz.zzzmh.cn/" "Mozilla/5.0 (compatible; MSIE 10.0; Windows NT 6.1; WOW64; Trident/6.0; SLCC2; .NET CLR 2.0.50727; .NET CLR 3.5.30729; .NET CLR 3.0.30729; .NET4.0C; .NET4.0E; InfoPath.3)" "-"
223.74.181.146 - - [19/Apr/2019:04:16:00 +0800] "GET /js/index.min.js?v=2.5.5 HTTP/1.1" 200 8887 "https://bz.zzzmh.cn/" "Mozilla/5.0 (compatible; MSIE 10.0; Windows NT 6.1; WOW64; Trident/6.0; SLCC2; .NET CLR 2.0.50727; .NET CLR 3.5.30729; .NET CLR 3.0.30729; .NET4.0C; .NET4.0E; InfoPath.3)" "-"
14.221.97.191 - - [19/Apr/2019:04:16:05 +0800] "GET /css/index.min.css?v=2.5.5 HTTP/1.1" 304 0 "https://bz.zzzmh.cn/" "Mozilla/5.0 (compatible; MSIE 10.0; Windows NT 6.1; WOW64; Trident/6.0; SLCC2; .NET CLR 2.0.50727; .NET CLR 3.5.30729; .NET CLR 3.0.30729; .NET4.0C; .NET4.0E)" "-"
14.221.97.191 - - [19/Apr/2019:04:16:05 +0800] "GET /js/index.min.js?v=2.5.5 HTTP/1.1" 304 0 "https://bz.zzzmh.cn/" "Mozilla/5.0 (compatible; MSIE 10.0; Windows NT 6.1; WOW64; Trident/6.0; SLCC2; .NET CLR 2.0.50727; .NET CLR 3.5.30729; .NET CLR 3.0.30729; .NET4.0C; .NET4.0E)" "-"
223.74.181.146 - - [19/Apr/2019:04:16:20 +0800] "GET /css/index.min.css?v=2.5.5 HTTP/1.1" 304 0 "https://bz.zzzmh.cn/" "Mozilla/5.0 (compatible; MSIE 10.0; Windows NT 6.1; WOW64; Trident/6.0; SLCC2; .NET CLR 2.0.50727; .NET CLR 3.5.30729; .NET CLR 3.0.30729; .NET4.0C; .NET4.0E; InfoPath.3)" "-"
223.74.181.146 - - [19/Apr/2019:04:16:20 +0800] "GET /js/index.min.js?v=2.5.5 HTTP/1.1" 304 0 "https://bz.zzzmh.cn/" "Mozilla/5.0 (compatible; MSIE 10.0; Windows NT 6.1; WOW64; Trident/6.0; SLCC2; .NET CLR 2.0.50727; .NET CLR 3.5.30729; .NET CLR 3.0.30729; .NET4.0C; .NET4.0E; InfoPath.3)" "-"
111.11.186.198 - - [19/Apr/2019:04:16:21 +0800] "GET /css/index.min.css?v=2.5.5 HTTP/1.1" 200 8194 "https://bz.zzzmh.cn/" "Mozilla/5.0 (Windows NT 6.1) AppleWebKit/537.36 (KHTML, like Gecko) Chrome/48.0.2564.109 Safari/537.36" "-"
111.11.186.198 - - [19/Apr/2019:04:16:21 +0800] "GET /js/index.min.js?v=2.5.5 HTTP/1.1" 200 8887 "https://bz.zzzmh.cn/" "Mozilla/5.0 (Windows NT 6.1) AppleWebKit/537.36 (KHTML, like Gecko) Chrome/48.0.2564.109 Safari/537.36" "-"
117.41.184.68 - - [19/Apr/2019:04:16:21 +0800] "GET /css/index.min.css?v=2.5.5 HTTP/1.1" 200 8194 "https://bz.zzzmh.cn/" "Mozilla/5.0 (compatible; MSIE 9.0; Windows NT 6.1; Trident/5.0; SLCC2; .NET CLR 2.0.50727; .NET CLR 3.5.30729; .NET CLR 3.0.30729; Media Center PC 6.0; 360SE)" "-"
117.41.184.68 - - [19/Apr/2019:04:16:23 +0800] "GET /js/index.min.js?v=2.5.5 HTTP/1.1" 200 8887 "https://bz.zzzmh.cn/" "Mozilla/5.0 (compatible; MSIE 9.0; Windows NT 6.1; Trident/5.0; SLCC2; .NET CLR 2.0.50727; .NET CLR 3.5.30729; .NET CLR 3.0.30729; Media Center PC 6.0; 360SE)" "-"
111.11.186.198 - - [19/Apr/2019:04:16:40 +0800] "GET /css/index.min.css?v=2.5.5 HTTP/1.1" 304 0 "https://bz.zzzmh.cn/" "Mozilla/5.0 (Windows NT 6.1) AppleWebKit/537.36 (KHTML, like Gecko) Chrome/48.0.2564.109 Safari/537.36" "-"
111.11.186.198 - - [19/Apr/2019:04:16:41 +0800] "GET /js/index.min.js?v=2.5.5 HTTP/1.1" 304 0 "https://bz.zzzmh.cn/" "Mozilla/5.0 (Windows NT 6.1) AppleWebKit/537.36 (KHTML, like Gecko) Chrome/48.0.2564.109 Safari/537.36" "-"
117.41.184.68 - - [19/Apr/2019:04:16:41 +0800] "GET /css/index.min.css?v=2.5.5 HTTP/1.1" 304 0 "https://bz.zzzmh.cn/" "Mozilla/5.0 (compatible; MSIE 9.0; Windows NT 6.1; Trident/5.0; SLCC2; .NET CLR 2.0.50727; .NET CLR 3.5.30729; .NET CLR 3.0.30729; Media Center PC 6.0; 360SE)" "-"
117.41.184.68 - - [19/Apr/2019:04:16:41 +0800] "GET /js/index.min.js?v=2.5.5 HTTP/1.1" 304 0 "https://bz.zzzmh.cn/" "Mozilla/5.0 (compatible; MSIE 9.0; Windows NT 6.1; Trident/5.0; SLCC2; .NET CLR 2.0.50727; .NET CLR 3.5.30729; .NET CLR 3.0.30729; Media Center PC 6.0; 360SE)" "-"
123.207.24.122 - - [19/Apr/2019:04:16:41 +0800] "GET /css/index.min.css?v=2.5.5 HTTP/1.1" 304 0 "https://bz.zzzmh.cn/" "Mozilla/4.0 (compatible; MSIE 7.0; Windows NT 5.1)" "-"
123.207.24.122 - - [19/Apr/2019:04:16:41 +0800] "GET /js/index.min.js?v=2.5.5 HTTP/1.1" 304 0 "https://bz.zzzmh.cn/" "Mozilla/4.0 (compatible; MSIE 7.0; Windows NT 5.1)" "-"
60.2.94.102 - - [19/Apr/2019:04:17:17 +0800] "GET /css/index.min.css?v=2.5.5 HTTP/1.1" 200 8194 "https://bz.zzzmh.cn/" "Mozilla/4.0 (compatible; MSIE 8.0; Windows NT 5.1)" "-"
60.2.94.102 - - [19/Apr/2019:04:17:17 +0800] "GET /js/index.min.js?v=2.5.5 HTTP/1.1" 200 8887 "https://bz.zzzmh.cn/" "Mozilla/4.0 (compatible; MSIE 8.0; Windows NT 5.1)" "-"
122.228.189.112 - - [19/Apr/2019:04:17:19 +0800] "GET /css/index.min.css?v=2.5.5 HTTP/1.1" 200 8194 "https://bz.zzzmh.cn/" "Mozilla/5.0 (Windows NT 5.1) AppleWebKit/537.36 (KHTML, like Gecko) Chrome/48.0.2564.109 Safari/537.36" "-"
122.228.189.112 - - [19/Apr/2019:04:17:19 +0800] "GET /js/index.min.js?v=2.5.5 HTTP/1.1" 200 8887 "https://bz.zzzmh.cn/" "Mozilla/5.0 (Windows NT 5.1) AppleWebKit/537.36 (KHTML, like Gecko) Chrome/48.0.2564.109 Safari/537.36" "-"
14.29.116.223 - - [19/Apr/2019:04:17:19 +0800] "GET /phpMyAdmin/scripts/setup.php HTTP/1.1" 404 169 "-" "ZmEu" "-"
120.237.128.218 - - [19/Apr/2019:04:17:20 +0800] "GET /css/index.min.css?v=2.5.5 HTTP/1.1" 200 8194 "https://bz.zzzmh.cn/" "Mozilla/5.0 (Windows NT 6.1; WOW64) AppleWebKit/537.36 (KHTML, like Gecko) Chrome/53.0.2785.104 Safari/537.36 Core/1.53.4295.400 QQBrowser/9.7.12661.400" "-"
122.228.189.106 - - [19/Apr/2019:04:17:20 +0800] "GET /css/index.min.css?v=2.5.5 HTTP/1.1" 304 0 "https://bz.zzzmh.cn/" "Mozilla/4.0 (compatible; MSIE 8.0; Windows NT 5.1; MAXTHON)" "-"
122.228.189.106 - - [19/Apr/2019:04:17:20 +0800] "GET /js/index.min.js?v=2.5.5 HTTP/1.1" 304 0 "https://bz.zzzmh.cn/" "Mozilla/4.0 (compatible; MSIE 8.0; Windows NT 5.1; MAXTHON)" "-"
120.237.128.218 - - [19/Apr/2019:04:17:20 +0800] "GET /js/index.min.js?v=2.5.5 HTTP/1.1" 200 8887 "https://bz.zzzmh.cn/" "Mozilla/5.0 (Windows NT 6.1; WOW64) AppleWebKit/537.36 (KHTML, like Gecko) Chrome/53.0.2785.104 Safari/537.36 Core/1.53.4295.400 QQBrowser/9.7.12661.400" "-"
120.237.128.218 - - [19/Apr/2019:04:17:22 +0800] "GET /img/bg.png HTTP/1.1" 200 16842 "https://bz.zzzmh.cn/css/index.min.css?v=2.5.5" "Mozilla/5.0 (Windows NT 6.1; WOW64) AppleWebKit/537.36 (KHTML, like Gecko) Chrome/53.0.2785.104 Safari/537.36 Core/1.53.4295.400 QQBrowser/9.7.12661.400" "-"
14.29.116.223 - - [19/Apr/2019:04:17:22 +0800] "GET /pma/scripts/setup.php HTTP/1.1" 404 169 "-" "ZmEu" "-"
14.29.116.223 - - [19/Apr/2019:04:17:22 +0800] "GET /myadmin/scripts/setup.php HTTP/1.1" 404 169 "-" "ZmEu" "-"
14.29.116.223 - - [19/Apr/2019:04:17:22 +0800] "GET /MyAdmin/scripts/setup.php HTTP/1.1" 404 169 "-" "ZmEu" "-"
14.29.116.223 - - [19/Apr/2019:04:17:23 +0800] "GET  HTTP/1.1" 400 173 "-" "-" "-"
120.237.128.218 - - [19/Apr/2019:04:17:27 +0800] "GET /json/tags.json HTTP/1.1" 200 904 "https://bz.zzzmh.cn/" "Mozilla/5.0 (Windows NT 6.1; WOW64) AppleWebKit/537.36 (KHTML, like Gecko) Chrome/53.0.2785.104 Safari/537.36 Core/1.53.4295.400 QQBrowser/9.7.12661.400" "-"
120.237.128.218 - - [19/Apr/2019:04:17:27 +0800] "GET /img/zwt.png HTTP/1.1" 200 1149 "https://bz.zzzmh.cn/" "Mozilla/5.0 (Windows NT 6.1; WOW64) AppleWebKit/537.36 (KHTML, like Gecko) Chrome/53.0.2785.104 Safari/537.36 Core/1.53.4295.400 QQBrowser/9.7.12661.400" "-"
120.237.128.218 - - [19/Apr/2019:04:17:29 +0800] "GET /json/index.json HTTP/1.1" 200 13954 "https://bz.zzzmh.cn/" "Mozilla/5.0 (Windows NT 6.1; WOW64) AppleWebKit/537.36 (KHTML, like Gecko) Chrome/53.0.2785.104 Safari/537.36 Core/1.53.4295.400 QQBrowser/9.7.12661.400" "-"
60.2.94.102 - - [19/Apr/2019:04:17:40 +0800] "GET /css/index.min.css?v=2.5.5 HTTP/1.1" 304 0 "https://bz.zzzmh.cn/" "Mozilla/4.0 (compatible; MSIE 8.0; Windows NT 5.1)" "-"
60.2.94.102 - - [19/Apr/2019:04:17:40 +0800] "GET /js/index.min.js?v=2.5.5 HTTP/1.1" 304 0 "https://bz.zzzmh.cn/" "Mozilla/4.0 (compatible; MSIE 8.0; Windows NT 5.1)" "-"
122.228.189.112 - - [19/Apr/2019:04:17:40 +0800] "GET /css/index.min.css?v=2.5.5 HTTP/1.1" 304 0 "https://bz.zzzmh.cn/" "Mozilla/5.0 (Windows NT 5.1) AppleWebKit/537.36 (KHTML, like Gecko) Chrome/48.0.2564.109 Safari/537.36" "-"
122.228.189.112 - - [19/Apr/2019:04:17:41 +0800] "GET /js/index.min.js?v=2.5.5 HTTP/1.1" 304 0 "https://bz.zzzmh.cn/" "Mozilla/5.0 (Windows NT 5.1) AppleWebKit/537.36 (KHTML, like Gecko) Chrome/48.0.2564.109 Safari/537.36" "-"
116.255.191.9 - - [19/Apr/2019:04:17:41 +0800] "GET /css/index.min.css?v=2.5.5 HTTP/1.1" 200 8194 "https://bz.zzzmh.cn/" "Mozilla/4.0 (compatible; MSIE 10.0; Windows NT 6.0)" "-"
116.255.191.9 - - [19/Apr/2019:04:17:42 +0800] "GET /js/index.min.js?v=2.5.5 HTTP/1.1" 200 8887 "https://bz.zzzmh.cn/" "Mozilla/4.0 (compatible; MSIE 10.0; Windows NT 6.0)" "-"
120.237.128.218 - - [19/Apr/2019:04:17:51 +0800] "GET /json/xjj.json HTTP/1.1" 200 4930 "https://bz.zzzmh.cn/" "Mozilla/5.0 (Windows NT 6.1; WOW64) AppleWebKit/537.36 (KHTML, like Gecko) Chrome/53.0.2785.104 Safari/537.36 Core/1.53.4295.400 QQBrowser/9.7.12661.400" "-"
116.255.191.9 - - [19/Apr/2019:04:18:02 +0800] "GET /css/index.min.css?v=2.5.5 HTTP/1.1" 304 0 "https://bz.zzzmh.cn/" "Mozilla/4.0 (compatible; MSIE 10.0; Windows NT 6.0)" "-"
116.255.191.9 - - [19/Apr/2019:04:18:03 +0800] "GET /js/index.min.js?v=2.5.5 HTTP/1.1" 304 0 "https://bz.zzzmh.cn/" "Mozilla/4.0 (compatible; MSIE 10.0; Windows NT 6.0)" "-"
115.218.101.148 - - [19/Apr/2019:04:18:07 +0800] "GET /css/index.min.css?v=2.5.5 HTTP/1.1" 200 8194 "https://bz.zzzmh.cn/" "Mozilla/5.0 (Windows NT 5.1) AppleWebKit/537.36 (KHTML, like Gecko) Chrome/48.0.2564.109 Safari/537.36" "-"
115.218.101.148 - - [19/Apr/2019:04:18:07 +0800] "GET /js/index.min.js?v=2.5.5 HTTP/1.1" 200 8887 "https://bz.zzzmh.cn/" "Mozilla/5.0 (Windows NT 5.1) AppleWebKit/537.36 (KHTML, like Gecko) Chrome/48.0.2564.109 Safari/537.36" "-"
115.218.101.148 - - [19/Apr/2019:04:18:33 +0800] "GET /css/index.min.css?v=2.5.5 HTTP/1.1" 304 0 "https://bz.zzzmh.cn/" "Mozilla/5.0 (Windows NT 5.1) AppleWebKit/537.36 (KHTML, like Gecko) Chrome/48.0.2564.109 Safari/537.36" "-"
115.218.101.148 - - [19/Apr/2019:04:18:33 +0800] "GET /js/index.min.js?v=2.5.5 HTTP/1.1" 304 0 "https://bz.zzzmh.cn/" "Mozilla/5.0 (Windows NT 5.1) AppleWebKit/537.36 (KHTML, like Gecko) Chrome/48.0.2564.109 Safari/537.36" "-"
93.48.247.163 - - [19/Apr/2019:04:19:02 +0800] "GET /js/index.min.js?v=2.5.5 HTTP/1.1" 200 8887 "https://bz.zzzmh.cn/" "Mozilla/5.0 (Windows NT 10.0; WOW64) AppleWebKit/537.36 (KHTML, like Gecko) Chrome/49.0.2623.221 Safari/537.36 SE 2.X MetaSr 1.0" "-"
93.48.247.163 - - [19/Apr/2019:04:19:02 +0800] "GET /css/index.min.css?v=2.5.5 HTTP/1.1" 200 8194 "https://bz.zzzmh.cn/" "Mozilla/5.0 (Windows NT 10.0; WOW64) AppleWebKit/537.36 (KHTML, like Gecko) Chrome/49.0.2623.221 Safari/537.36 SE 2.X MetaSr 1.0" "-"
114.238.111.138 - - [19/Apr/2019:04:19:02 +0800] "GET /css/index.min.css?v=2.5.5 HTTP/1.1" 200 8194 "https://bz.zzzmh.cn/" "Mozilla/4.0 (compatible; MSIE 8.0; Windows NT 5.1; WOW64; Trident/4.0; SLCC2; .NET CLR 2.0.50727; .NET CLR 3.5.30729; .NET CLR 3.0.30729; Media Center PC 6.0; .NET4.0C; .NET4.0E; 360SE)" "-"
114.238.111.138 - - [19/Apr/2019:04:19:02 +0800] "GET /js/index.min.js?v=2.5.5 HTTP/1.1" 200 8887 "https://bz.zzzmh.cn/" "Mozilla/4.0 (compatible; MSIE 8.0; Windows NT 5.1; WOW64; Trident/4.0; SLCC2; .NET CLR 2.0.50727; .NET CLR 3.5.30729; .NET CLR 3.0.30729; Media Center PC 6.0; .NET4.0C; .NET4.0E; 360SE)" "-"
93.48.247.163 - - [19/Apr/2019:04:19:03 +0800] "GET /img/bg.png HTTP/1.1" 200 16842 "https://bz.zzzmh.cn/css/index.min.css?v=2.5.5" "Mozilla/5.0 (Windows NT 10.0; WOW64) AppleWebKit/537.36 (KHTML, like Gecko) Chrome/49.0.2623.221 Safari/537.36 SE 2.X MetaSr 1.0" "-"
93.48.247.163 - - [19/Apr/2019:04:19:05 +0800] "GET /json/tags.json HTTP/1.1" 200 904 "https://bz.zzzmh.cn/" "Mozilla/5.0 (Windows NT 10.0; WOW64) AppleWebKit/537.36 (KHTML, like Gecko) Chrome/49.0.2623.221 Safari/537.36 SE 2.X MetaSr 1.0" "-"
93.48.247.163 - - [19/Apr/2019:04:19:05 +0800] "GET /img/zwt.png HTTP/1.1" 200 1149 "https://bz.zzzmh.cn/" "Mozilla/5.0 (Windows NT 10.0; WOW64) AppleWebKit/537.36 (KHTML, like Gecko) Chrome/49.0.2623.221 Safari/537.36 SE 2.X MetaSr 1.0" "-"
93.48.247.163 - - [19/Apr/2019:04:19:06 +0800] "GET /json/index.json HTTP/1.1" 200 13954 "https://bz.zzzmh.cn/" "Mozilla/5.0 (Windows NT 10.0; WOW64) AppleWebKit/537.36 (KHTML, like Gecko) Chrome/49.0.2623.221 Safari/537.36 SE 2.X MetaSr 1.0" "-"
122.116.91.73 - - [19/Apr/2019:04:19:06 +0800] "GET /css/index.min.css?v=2.5.5 HTTP/1.1" 200 8194 "https://bz.zzzmh.cn/" "Mozilla/5.0 (Windows NT 5.1) AppleWebKit/537.36 (KHTML, like Gecko) Chrome/48.0.2564.109 Safari/537.36" "-"
122.116.91.73 - - [19/Apr/2019:04:19:09 +0800] "GET /js/index.min.js?v=2.5.5 HTTP/1.1" 200 8887 "https://bz.zzzmh.cn/" "Mozilla/5.0 (Windows NT 5.1) AppleWebKit/537.36 (KHTML, like Gecko) Chrome/48.0.2564.109 Safari/537.36" "-"
183.11.37.4 - - [19/Apr/2019:04:19:10 +0800] "GET /css/index.min.css?v=2.5.5 HTTP/1.1" 200 8194 "https://bz.zzzmh.cn/" "Mozilla/5.0 (compatible; MSIE 10.0; Windows NT 6.1; WOW64; Trident/6.0; .NET4.0C; .NET4.0E; InfoPath.3; 360SE)" "-"
183.11.37.4 - - [19/Apr/2019:04:19:12 +0800] "GET /js/index.min.js?v=2.5.5 HTTP/1.1" 200 8887 "https://bz.zzzmh.cn/" "Mozilla/5.0 (compatible; MSIE 10.0; Windows NT 6.1; WOW64; Trident/6.0; .NET4.0C; .NET4.0E; InfoPath.3; 360SE)" "-"
60.213.188.78 - - [19/Apr/2019:04:19:13 +0800] "GET /css/index.min.css?v=2.5.5 HTTP/1.1" 200 8194 "https://bz.zzzmh.cn/" "Mozilla/5.0 (compatible; MSIE 10.0; Windows NT 6.2; WOW64; Trident/6.0; SLCC2; .NET CLR 2.0.50727; .NET CLR 3.5.30729; .NET CLR 3.0.30729; .NET4.0C; .NET4.0E; 360SE)" "-"
60.213.188.78 - - [19/Apr/2019:04:19:13 +0800] "GET /js/index.min.js?v=2.5.5 HTTP/1.1" 200 8887 "https://bz.zzzmh.cn/" "Mozilla/5.0 (compatible; MSIE 10.0; Windows NT 6.2; WOW64; Trident/6.0; SLCC2; .NET CLR 2.0.50727; .NET CLR 3.5.30729; .NET CLR 3.0.30729; .NET4.0C; .NET4.0E; 360SE)" "-"
114.238.111.138 - - [19/Apr/2019:04:19:22 +0800] "GET /css/index.min.css?v=2.5.5 HTTP/1.1" 304 0 "https://bz.zzzmh.cn/" "Mozilla/4.0 (compatible; MSIE 8.0; Windows NT 5.1; WOW64; Trident/4.0; SLCC2; .NET CLR 2.0.50727; .NET CLR 3.5.30729; .NET CLR 3.0.30729; Media Center PC 6.0; .NET4.0C; .NET4.0E; 360SE)" "-"
114.238.111.138 - - [19/Apr/2019:04:19:22 +0800] "GET /js/index.min.js?v=2.5.5 HTTP/1.1" 304 0 "https://bz.zzzmh.cn/" "Mozilla/4.0 (compatible; MSIE 8.0; Windows NT 5.1; WOW64; Trident/4.0; SLCC2; .NET CLR 2.0.50727; .NET CLR 3.5.30729; .NET CLR 3.0.30729; Media Center PC 6.0; .NET4.0C; .NET4.0E; 360SE)" "-"
122.116.91.73 - - [19/Apr/2019:04:19:31 +0800] "GET /css/index.min.css?v=2.5.5 HTTP/1.1" 304 0 "https://bz.zzzmh.cn/" "Mozilla/5.0 (Windows NT 5.1) AppleWebKit/537.36 (KHTML, like Gecko) Chrome/48.0.2564.109 Safari/537.36" "-"
183.11.37.4 - - [19/Apr/2019:04:19:31 +0800] "GET /css/index.min.css?v=2.5.5 HTTP/1.1" 304 0 "https://bz.zzzmh.cn/" "Mozilla/5.0 (compatible; MSIE 10.0; Windows NT 6.1; WOW64; Trident/6.0; .NET4.0C; .NET4.0E; InfoPath.3; 360SE)" "-"
183.11.37.4 - - [19/Apr/2019:04:19:31 +0800] "GET /js/index.min.js?v=2.5.5 HTTP/1.1" 304 0 "https://bz.zzzmh.cn/" "Mozilla/5.0 (compatible; MSIE 10.0; Windows NT 6.1; WOW64; Trident/6.0; .NET4.0C; .NET4.0E; InfoPath.3; 360SE)" "-"
122.116.91.73 - - [19/Apr/2019:04:19:32 +0800] "GET /js/index.min.js?v=2.5.5 HTTP/1.1" 304 0 "https://bz.zzzmh.cn/" "Mozilla/5.0 (Windows NT 5.1) AppleWebKit/537.36 (KHTML, like Gecko) Chrome/48.0.2564.109 Safari/537.36" "-"
93.48.247.163 - - [19/Apr/2019:04:19:35 +0800] "GET /img/emoticon/0.png HTTP/1.1" 200 981 "https://bz.zzzmh.cn/" "Mozilla/5.0 (Windows NT 10.0; WOW64) AppleWebKit/537.36 (KHTML, like Gecko) Chrome/49.0.2623.221 Safari/537.36 SE 2.X MetaSr 1.0" "-"
93.48.247.163 - - [19/Apr/2019:04:19:35 +0800] "GET /img/emoticon/1.png HTTP/1.1" 200 1570 "https://bz.zzzmh.cn/" "Mozilla/5.0 (Windows NT 10.0; WOW64) AppleWebKit/537.36 (KHTML, like Gecko) Chrome/49.0.2623.221 Safari/537.36 SE 2.X MetaSr 1.0" "-"
93.48.247.163 - - [19/Apr/2019:04:19:35 +0800] "GET /img/emoticon/4.png HTTP/1.1" 200 2277 "https://bz.zzzmh.cn/" "Mozilla/5.0 (Windows NT 10.0; WOW64) AppleWebKit/537.36 (KHTML, like Gecko) Chrome/49.0.2623.221 Safari/537.36 SE 2.X MetaSr 1.0" "-"
93.48.247.163 - - [19/Apr/2019:04:19:35 +0800] "GET /img/emoticon/3.png HTTP/1.1" 200 1953 "https://bz.zzzmh.cn/" "Mozilla/5.0 (Windows NT 10.0; WOW64) AppleWebKit/537.36 (KHTML, like Gecko) Chrome/49.0.2623.221 Safari/537.36 SE 2.X MetaSr 1.0" "-"
93.48.247.163 - - [19/Apr/2019:04:19:36 +0800] "GET /img/emoticon/5.png HTTP/1.1" 200 1677 "https://bz.zzzmh.cn/" "Mozilla/5.0 (Windows NT 10.0; WOW64) AppleWebKit/537.36 (KHTML, like Gecko) Chrome/49.0.2623.221 Safari/537.36 SE 2.X MetaSr 1.0" "-"
93.48.247.163 - - [19/Apr/2019:04:19:36 +0800] "GET /img/emoticon/6.png HTTP/1.1" 200 1989 "https://bz.zzzmh.cn/" "Mozilla/5.0 (Windows NT 10.0; WOW64) AppleWebKit/537.36 (KHTML, like Gecko) Chrome/49.0.2623.221 Safari/537.36 SE 2.X MetaSr 1.0" "-"
93.48.247.163 - - [19/Apr/2019:04:19:36 +0800] "GET /img/emoticon/7.png HTTP/1.1" 200 1781 "https://bz.zzzmh.cn/" "Mozilla/5.0 (Windows NT 10.0; WOW64) AppleWebKit/537.36 (KHTML, like Gecko) Chrome/49.0.2623.221 Safari/537.36 SE 2.X MetaSr 1.0" "-"
60.213.188.78 - - [19/Apr/2019:04:19:39 +0800] "GET /css/index.min.css?v=2.5.5 HTTP/1.1" 304 0 "https://bz.zzzmh.cn/" "Mozilla/5.0 (compatible; MSIE 10.0; Windows NT 6.2; WOW64; Trident/6.0; SLCC2; .NET CLR 2.0.50727; .NET CLR 3.5.30729; .NET CLR 3.0.30729; .NET4.0C; .NET4.0E; 360SE)" "-"
60.213.188.78 - - [19/Apr/2019:04:19:39 +0800] "GET /js/index.min.js?v=2.5.5 HTTP/1.1" 304 0 "https://bz.zzzmh.cn/" "Mozilla/5.0 (compatible; MSIE 10.0; Windows NT 6.2; WOW64; Trident/6.0; SLCC2; .NET CLR 2.0.50727; .NET CLR 3.5.30729; .NET CLR 3.0.30729; .NET4.0C; .NET4.0E; 360SE)" "-"
109.248.11.117 - - [19/Apr/2019:04:20:05 +0800] "GET /css/index.min.css?v=2.5.5 HTTP/1.1" 200 8194 "https://bz.zzzmh.cn/" "Mozilla/4.0 (compatible; MSIE 10.0; Windows NT 6.1; QQBrowser/6.12)" "-"
109.248.11.117 - - [19/Apr/2019:04:20:05 +0800] "GET /js/index.min.js?v=2.5.5 HTTP/1.1" 200 8887 "https://bz.zzzmh.cn/" "Mozilla/4.0 (compatible; MSIE 10.0; Windows NT 6.1; QQBrowser/6.12)" "-"
122.114.235.193 - - [19/Apr/2019:04:20:05 +0800] "GET /css/index.min.css?v=2.5.5 HTTP/1.1" 200 8194 "https://bz.zzzmh.cn/" "Mozilla/4.0 (compatible; MSIE 8.0; Windows NT 5.1; 360SE)" "-"
1.200.53.234 - - [19/Apr/2019:04:20:07 +0800] "GET /css/index.min.css?v=2.5.5 HTTP/1.1" 200 8194 "https://bz.zzzmh.cn/" "Mozilla/4.0 (compatible; MSIE 8.0; Windows NT 5.1; WOW64; Trident/4.0; .NET4.0C; .NET4.0E; .NET CLR 2.0.50727; .NET CLR 3.0.30729; .NET CLR 3.5.30729; InfoPath.3; rctw)" "-"
1.200.53.234 - - [19/Apr/2019:04:20:08 +0800] "GET /js/index.min.js?v=2.5.5 HTTP/1.1" 200 8887 "https://bz.zzzmh.cn/" "Mozilla/4.0 (compatible; MSIE 8.0; Windows NT 5.1; WOW64; Trident/4.0; .NET4.0C; .NET4.0E; .NET CLR 2.0.50727; .NET CLR 3.0.30729; .NET CLR 3.5.30729; InfoPath.3; rctw)" "-"
122.114.235.193 - - [19/Apr/2019:04:20:12 +0800] "GET /js/index.min.js?v=2.5.5 HTTP/1.1" 200 8887 "https://bz.zzzmh.cn/" "Mozilla/4.0 (compatible; MSIE 8.0; Windows NT 5.1; 360SE)" "-"
122.114.235.193 - - [19/Apr/2019:04:20:24 +0800] "GET /css/index.min.css?v=2.5.5 HTTP/1.1" 304 0 "https://bz.zzzmh.cn/" "Mozilla/4.0 (compatible; MSIE 8.0; Windows NT 5.1; 360SE)" "-"
122.114.235.193 - - [19/Apr/2019:04:20:27 +0800] "GET /js/index.min.js?v=2.5.5 HTTP/1.1" 304 0 "https://bz.zzzmh.cn/" "Mozilla/4.0 (compatible; MSIE 8.0; Windows NT 5.1; 360SE)" "-"
109.248.11.117 - - [19/Apr/2019:04:20:27 +0800] "GET /css/index.min.css?v=2.5.5 HTTP/1.1" 200 8194 "https://bz.zzzmh.cn/" "Mozilla/4.0 (compatible; MSIE 10.0; Windows NT 6.1; QQBrowser/6.12)" "-"
109.248.11.117 - - [19/Apr/2019:04:20:27 +0800] "GET /js/index.min.js?v=2.5.5 HTTP/1.1" 200 8887 "https://bz.zzzmh.cn/" "Mozilla/4.0 (compatible; MSIE 10.0; Windows NT 6.1; QQBrowser/6.12)" "-"
220.134.31.1 - - [19/Apr/2019:04:20:31 +0800] "GET /css/index.min.css?v=2.5.5 HTTP/1.1" 200 8194 "https://bz.zzzmh.cn/" "Mozilla/4.0 (compatible; MSIE 9.0; Windows NT 6.1)" "-"
1.200.53.234 - - [19/Apr/2019:04:20:31 +0800] "GET /css/index.min.css?v=2.5.5 HTTP/1.1" 304 0 "https://bz.zzzmh.cn/" "Mozilla/4.0 (compatible; MSIE 8.0; Windows NT 5.1; WOW64; Trident/4.0; .NET4.0C; .NET4.0E; .NET CLR 2.0.50727; .NET CLR 3.0.30729; .NET CLR 3.5.30729; InfoPath.3; rctw)" "-"
220.134.31.1 - - [19/Apr/2019:04:20:31 +0800] "GET /js/index.min.js?v=2.5.5 HTTP/1.1" 200 8887 "https://bz.zzzmh.cn/" "Mozilla/4.0 (compatible; MSIE 9.0; Windows NT 6.1)" "-"
113.59.226.149 - - [19/Apr/2019:04:20:31 +0800] "GET /css/index.min.css?v=2.5.5 HTTP/1.1" 200 8194 "https://bz.zzzmh.cn/" "Mozilla/5.0 (Windows NT 5.1) AppleWebKit/537.36 (KHTML, like Gecko) Chrome/48.0.2564.109 Safari/537.36" "-"
113.59.226.149 - - [19/Apr/2019:04:20:33 +0800] "GET /js/index.min.js?v=2.5.5 HTTP/1.1" 200 8887 "https://bz.zzzmh.cn/" "Mozilla/5.0 (Windows NT 5.1) AppleWebKit/537.36 (KHTML, like Gecko) Chrome/48.0.2564.109 Safari/537.36" "-"
14.126.220.24 - - [19/Apr/2019:04:20:35 +0800] "GET /css/index.min.css?v=2.5.5 HTTP/1.1" 200 8194 "https://bz.zzzmh.cn/" "Mozilla/4.0 (compatible; MSIE 8.0; Windows NT 5.1; WOW64; Trident/4.0; .NET4.0C; .NET4.0E; .NET CLR 2.0.50727; .NET CLR 3.0.30729; .NET CLR 3.5.30729)" "-"
14.126.220.24 - - [19/Apr/2019:04:20:35 +0800] "GET /js/index.min.js?v=2.5.5 HTTP/1.1" 200 8887 "https://bz.zzzmh.cn/" "Mozilla/4.0 (compatible; MSIE 8.0; Windows NT 5.1; WOW64; Trident/4.0; .NET4.0C; .NET4.0E; .NET CLR 2.0.50727; .NET CLR 3.0.30729; .NET CLR 3.5.30729)" "-"
192.95.50.23 - - [19/Apr/2019:04:20:49 +0800] "GET /css/index.min.css?v=2.5.5 HTTP/1.1" 200 0 "https://bz.zzzmh.cn/" "Mozilla/5.0 (Windows; U; Windows NT 5.1; zh-CN; rv:1.9.0.8) Gecko/2009032609 Firefox/3.0.8 (.NET CLR 3.5.30729)" "-"
192.95.50.23 - - [19/Apr/2019:04:20:50 +0800] "GET /css/index.min.css?v=2.5.5 HTTP/1.1" 200 8194 "https://bz.zzzmh.cn/" "Mozilla/5.0 (Windows; U; Windows NT 5.1; zh-CN; rv:1.9.0.8) Gecko/2009032609 Firefox/3.0.8 (.NET CLR 3.5.30729)" "-"
113.59.226.149 - - [19/Apr/2019:04:20:50 +0800] "GET /css/index.min.css?v=2.5.5 HTTP/1.1" 304 0 "https://bz.zzzmh.cn/" "Mozilla/5.0 (Windows NT 5.1) AppleWebKit/537.36 (KHTML, like Gecko) Chrome/48.0.2564.109 Safari/537.36" "-"
113.59.226.149 - - [19/Apr/2019:04:20:51 +0800] "GET /js/index.min.js?v=2.5.5 HTTP/1.1" 304 0 "https://bz.zzzmh.cn/" "Mozilla/5.0 (Windows NT 5.1) AppleWebKit/537.36 (KHTML, like Gecko) Chrome/48.0.2564.109 Safari/537.36" "-"
116.255.192.138 - - [19/Apr/2019:04:20:52 +0800] "GET /css/index.min.css?v=2.5.5 HTTP/1.1" 200 8194 "https://bz.zzzmh.cn/" "Mozilla/4.0 (compatible; MSIE 6.0; Windows NT 5.1; 360SE)" "-"
116.255.192.138 - - [19/Apr/2019:04:20:52 +0800] "GET /js/index.min.js?v=2.5.5 HTTP/1.1" 200 8887 "https://bz.zzzmh.cn/" "Mozilla/4.0 (compatible; MSIE 6.0; Windows NT 5.1; 360SE)" "-"
220.134.31.1 - - [19/Apr/2019:04:20:54 +0800] "GET /css/index.min.css?v=2.5.5 HTTP/1.1" 304 0 "https://bz.zzzmh.cn/" "Mozilla/4.0 (compatible; MSIE 9.0; Windows NT 6.1)" "-"
220.134.31.1 - - [19/Apr/2019:04:20:55 +0800] "GET /js/index.min.js?v=2.5.5 HTTP/1.1" 304 0 "https://bz.zzzmh.cn/" "Mozilla/4.0 (compatible; MSIE 9.0; Windows NT 6.1)" "-"
222.217.194.34 - - [19/Apr/2019:04:20:55 +0800] "GET /css/index.min.css?v=2.5.5 HTTP/1.1" 200 8194 "https://bz.zzzmh.cn/" "Mozilla/4.0 (compatible; MSIE 8.0; Windows NT 5.1; WOW64; Trident/4.0; SLCC2; .NET CLR 2.0.50727; .NET CLR 3.5.30729; .NET CLR 3.0.30729; Media Center PC 6.0; .NET4.0C; .NET4.0E)" "-"
222.217.194.34 - - [19/Apr/2019:04:20:56 +0800] "GET /js/index.min.js?v=2.5.5 HTTP/1.1" 200 8887 "https://bz.zzzmh.cn/" "Mozilla/4.0 (compatible; MSIE 8.0; Windows NT 5.1; WOW64; Trident/4.0; SLCC2; .NET CLR 2.0.50727; .NET CLR 3.5.30729; .NET CLR 3.0.30729; Media Center PC 6.0; .NET4.0C; .NET4.0E)" "-"
14.126.220.24 - - [19/Apr/2019:04:20:58 +0800] "GET /css/index.min.css?v=2.5.5 HTTP/1.1" 304 0 "https://bz.zzzmh.cn/" "Mozilla/4.0 (compatible; MSIE 8.0; Windows NT 5.1; WOW64; Trident/4.0; .NET4.0C; .NET4.0E; .NET CLR 2.0.50727; .NET CLR 3.0.30729; .NET CLR 3.5.30729)" "-"
14.126.220.24 - - [19/Apr/2019:04:20:59 +0800] "GET /js/index.min.js?v=2.5.5 HTTP/1.1" 304 0 "https://bz.zzzmh.cn/" "Mozilla/4.0 (compatible; MSIE 8.0; Windows NT 5.1; WOW64; Trident/4.0; .NET4.0C; .NET4.0E; .NET CLR 2.0.50727; .NET CLR 3.0.30729; .NET CLR 3.5.30729)" "-"
116.255.192.138 - - [19/Apr/2019:04:21:16 +0800] "GET /css/index.min.css?v=2.5.5 HTTP/1.1" 304 0 "https://bz.zzzmh.cn/" "Mozilla/4.0 (compatible; MSIE 6.0; Windows NT 5.1; 360SE)" "-"
222.217.194.34 - - [19/Apr/2019:04:21:16 +0800] "GET /css/index.min.css?v=2.5.5 HTTP/1.1" 304 0 "https://bz.zzzmh.cn/" "Mozilla/4.0 (compatible; MSIE 8.0; Windows NT 5.1; WOW64; Trident/4.0; SLCC2; .NET CLR 2.0.50727; .NET CLR 3.5.30729; .NET CLR 3.0.30729; Media Center PC 6.0; .NET4.0C; .NET4.0E)" "-"
222.217.194.34 - - [19/Apr/2019:04:21:16 +0800] "GET /js/index.min.js?v=2.5.5 HTTP/1.1" 304 0 "https://bz.zzzmh.cn/" "Mozilla/4.0 (compatible; MSIE 8.0; Windows NT 5.1; WOW64; Trident/4.0; SLCC2; .NET CLR 2.0.50727; .NET CLR 3.5.30729; .NET CLR 3.0.30729; Media Center PC 6.0; .NET4.0C; .NET4.0E)" "-"
116.255.192.138 - - [19/Apr/2019:04:21:16 +0800] "GET /js/index.min.js?v=2.5.5 HTTP/1.1" 304 0 "https://bz.zzzmh.cn/" "Mozilla/4.0 (compatible; MSIE 6.0; Windows NT 5.1; 360SE)" "-"
49.79.226.59 - - [19/Apr/2019:04:21:23 +0800] "GET /css/index.min.css?v=2.5.5 HTTP/1.1" 200 8194 "https://bz.zzzmh.cn/" "Mozilla/5.0 (compatible; MSIE 11.0; Windows NT 6.2; Trident/7.0; SLCC2; .NET CLR 2.0.50727; .NET CLR 3.5.30729; .NET CLR 3.0.30729; .NET4.0C; .NET4.0E; QIHU 360EE)" "-"
49.79.226.59 - - [19/Apr/2019:04:21:23 +0800] "GET /js/index.min.js?v=2.5.5 HTTP/1.1" 200 8887 "https://bz.zzzmh.cn/" "Mozilla/5.0 (compatible; MSIE 11.0; Windows NT 6.2; Trident/7.0; SLCC2; .NET CLR 2.0.50727; .NET CLR 3.5.30729; .NET CLR 3.0.30729; .NET4.0C; .NET4.0E; QIHU 360EE)" "-"
192.95.50.23 - - [19/Apr/2019:04:21:23 +0800] "GET /js/index.min.js?v=2.5.5 HTTP/1.1" 200 8887 "https://bz.zzzmh.cn/" "Mozilla/5.0 (Windows; U; Windows NT 5.1; zh-CN; rv:1.9.0.8) Gecko/2009032609 Firefox/3.0.8 (.NET CLR 3.5.30729)" "-"
122.114.165.81 - - [19/Apr/2019:04:21:27 +0800] "GET /css/index.min.css?v=2.5.5 HTTP/1.1" 200 8194 "https://bz.zzzmh.cn/" "Mozilla/4.0 (compatible; MSIE 8.0; Windows NT 5.1; 360SE)" "-"
122.114.165.81 - - [19/Apr/2019:04:21:28 +0800] "GET /js/index.min.js?v=2.5.5 HTTP/1.1" 200 8887 "https://bz.zzzmh.cn/" "Mozilla/4.0 (compatible; MSIE 8.0; Windows NT 5.1; 360SE)" "-"
61.174.60.166 - - [19/Apr/2019:04:21:35 +0800] "GET /css/index.min.css?v=2.5.5 HTTP/1.1" 200 8194 "https://bz.zzzmh.cn/" "Mozilla/4.0 (compatible; MSIE 8.0; Windows NT 5.1; WOW64; Trident/4.0; SLCC2; .NET CLR 2.0.50727; .NET CLR 3.5.30729; .NET CLR 3.0.30729; QIHU 360EE)" "-"
61.174.60.166 - - [19/Apr/2019:04:21:36 +0800] "GET /js/index.min.js?v=2.5.5 HTTP/1.1" 200 8887 "https://bz.zzzmh.cn/" "Mozilla/4.0 (compatible; MSIE 8.0; Windows NT 5.1; WOW64; Trident/4.0; SLCC2; .NET CLR 2.0.50727; .NET CLR 3.5.30729; .NET CLR 3.0.30729; QIHU 360EE)" "-"
112.105.246.68 - - [19/Apr/2019:04:21:40 +0800] "GET /css/index.min.css?v=2.5.5 HTTP/1.1" 200 8194 "https://bz.zzzmh.cn/" "Mozilla/4.0 (compatible; MSIE 6.0; Windows NT 5.1)" "-"
112.105.246.68 - - [19/Apr/2019:04:21:40 +0800] "GET /js/index.min.js?v=2.5.5 HTTP/1.1" 200 8887 "https://bz.zzzmh.cn/" "Mozilla/4.0 (compatible; MSIE 6.0; Windows NT 5.1)" "-"
49.79.226.59 - - [19/Apr/2019:04:21:43 +0800] "GET /css/index.min.css?v=2.5.5 HTTP/1.1" 304 0 "https://bz.zzzmh.cn/" "Mozilla/5.0 (compatible; MSIE 11.0; Windows NT 6.2; Trident/7.0; SLCC2; .NET CLR 2.0.50727; .NET CLR 3.5.30729; .NET CLR 3.0.30729; .NET4.0C; .NET4.0E; QIHU 360EE)" "-"
49.79.226.59 - - [19/Apr/2019:04:21:44 +0800] "GET /js/index.min.js?v=2.5.5 HTTP/1.1" 304 0 "https://bz.zzzmh.cn/" "Mozilla/5.0 (compatible; MSIE 11.0; Windows NT 6.2; Trident/7.0; SLCC2; .NET CLR 2.0.50727; .NET CLR 3.5.30729; .NET CLR 3.0.30729; .NET4.0C; .NET4.0E; QIHU 360EE)" "-"
122.114.165.81 - - [19/Apr/2019:04:21:46 +0800] "GET /css/index.min.css?v=2.5.5 HTTP/1.1" 200 8194 "https://bz.zzzmh.cn/" "Mozilla/4.0 (compatible; MSIE 8.0; Windows NT 5.1; 360SE)" "-"
122.114.165.81 - - [19/Apr/2019:04:21:46 +0800] "GET /js/index.min.js?v=2.5.5 HTTP/1.1" 200 8887 "https://bz.zzzmh.cn/" "Mozilla/4.0 (compatible; MSIE 8.0; Windows NT 5.1; 360SE)" "-"
192.99.30.21 - - [19/Apr/2019:04:21:49 +0800] "GET /css/index.min.css?v=2.5.5 HTTP/1.1" 200 8194 "https://bz.zzzmh.cn/" "Mozilla/4.0 (compatible; MSIE 8.0; Windows NT 5.1; WOW64; Trident/4.0; SLCC2; .NET CLR 2.0.50727)" "-"
122.114.148.135 - - [19/Apr/2019:04:21:52 +0800] "GET /css/index.min.css?v=2.5.5 HTTP/1.1" 200 8194 "https://bz.zzzmh.cn/" "Mozilla/5.0 (Windows; U; Windows NT 5.1; zh-CN; rv:1.9.0.8) Gecko/2009032609 Firefox/3.0.8 (.NET CLR 3.5.30729)" "-"
122.114.148.135 - - [19/Apr/2019:04:21:52 +0800] "GET /js/index.min.js?v=2.5.5 HTTP/1.1" 200 8887 "https://bz.zzzmh.cn/" "Mozilla/5.0 (Windows; U; Windows NT 5.1; zh-CN; rv:1.9.0.8) Gecko/2009032609 Firefox/3.0.8 (.NET CLR 3.5.30729)" "-"
61.174.60.166 - - [19/Apr/2019:04:22:00 +0800] "GET /css/index.min.css?v=2.5.5 HTTP/1.1" 304 0 "https://bz.zzzmh.cn/" "Mozilla/4.0 (compatible; MSIE 8.0; Windows NT 5.1; WOW64; Trident/4.0; SLCC2; .NET CLR 2.0.50727; .NET CLR 3.5.30729; .NET CLR 3.0.30729; QIHU 360EE)" "-"
61.174.60.166 - - [19/Apr/2019:04:22:01 +0800] "GET /js/index.min.js?v=2.5.5 HTTP/1.1" 304 0 "https://bz.zzzmh.cn/" "Mozilla/4.0 (compatible; MSIE 8.0; Windows NT 5.1; WOW64; Trident/4.0; SLCC2; .NET CLR 2.0.50727; .NET CLR 3.5.30729; .NET CLR 3.0.30729; QIHU 360EE)" "-"
111.160.31.42 - - [19/Apr/2019:04:22:01 +0800] "GET /css/index.min.css?v=2.5.5 HTTP/1.1" 200 8194 "https://bz.zzzmh.cn/" "Mozilla/5.0 (compatible; MSIE 9.0; Windows NT 6.1; WOW64; Trident/5.0; SLCC2; .NET CLR 2.0.50727; .NET CLR 3.5.30729; .NET CLR 3.0.30729; Media Center PC 6.0; .NET4.0C; .NET4.0E; InfoPath.3)" "-"
111.160.31.42 - - [19/Apr/2019:04:22:01 +0800] "GET /js/index.min.js?v=2.5.5 HTTP/1.1" 200 8887 "https://bz.zzzmh.cn/" "Mozilla/5.0 (compatible; MSIE 9.0; Windows NT 6.1; WOW64; Trident/5.0; SLCC2; .NET CLR 2.0.50727; .NET CLR 3.5.30729; .NET CLR 3.0.30729; Media Center PC 6.0; .NET4.0C; .NET4.0E; InfoPath.3)" "-"
112.105.246.68 - - [19/Apr/2019:04:22:03 +0800] "GET /css/index.min.css?v=2.5.5 HTTP/1.1" 304 0 "https://bz.zzzmh.cn/" "Mozilla/4.0 (compatible; MSIE 6.0; Windows NT 5.1)" "-"
192.99.30.21 - - [19/Apr/2019:04:22:03 +0800] "GET /js/index.min.js?v=2.5.5 HTTP/1.1" 200 8887 "https://bz.zzzmh.cn/" "Mozilla/4.0 (compatible; MSIE 8.0; Windows NT 5.1; WOW64; Trident/4.0; SLCC2; .NET CLR 2.0.50727)" "-"
122.114.148.135 - - [19/Apr/2019:04:22:09 +0800] "GET /css/index.min.css?v=2.5.5 HTTP/1.1" 200 8194 "https://bz.zzzmh.cn/" "Mozilla/5.0 (Windows; U; Windows NT 5.1; zh-CN; rv:1.9.0.8) Gecko/2009032609 Firefox/3.0.8 (.NET CLR 3.5.30729)" "-"
192.99.30.21 - - [19/Apr/2019:04:22:09 +0800] "GET /css/index.min.css?v=2.5.5 HTTP/1.1" 304 0 "https://bz.zzzmh.cn/" "Mozilla/4.0 (compatible; MSIE 8.0; Windows NT 5.1; WOW64; Trident/4.0; SLCC2; .NET CLR 2.0.50727)" "-"
192.99.30.21 - - [19/Apr/2019:04:22:10 +0800] "GET /js/index.min.js?v=2.5.5 HTTP/1.1" 304 0 "https://bz.zzzmh.cn/" "Mozilla/4.0 (compatible; MSIE 8.0; Windows NT 5.1; WOW64; Trident/4.0; SLCC2; .NET CLR 2.0.50727)" "-"
122.114.148.135 - - [19/Apr/2019:04:22:10 +0800] "GET /js/index.min.js?v=2.5.5 HTTP/1.1" 200 8887 "https://bz.zzzmh.cn/" "Mozilla/5.0 (Windows; U; Windows NT 5.1; zh-CN; rv:1.9.0.8) Gecko/2009032609 Firefox/3.0.8 (.NET CLR 3.5.30729)" "-"
111.160.31.42 - - [19/Apr/2019:04:22:19 +0800] "GET /css/index.min.css?v=2.5.5 HTTP/1.1" 304 0 "https://bz.zzzmh.cn/" "Mozilla/5.0 (compatible; MSIE 9.0; Windows NT 6.1; WOW64; Trident/5.0; SLCC2; .NET CLR 2.0.50727; .NET CLR 3.5.30729; .NET CLR 3.0.30729; Media Center PC 6.0; .NET4.0C; .NET4.0E; InfoPath.3)" "-"
111.160.31.42 - - [19/Apr/2019:04:22:19 +0800] "GET /js/index.min.js?v=2.5.5 HTTP/1.1" 304 0 "https://bz.zzzmh.cn/" "Mozilla/5.0 (compatible; MSIE 9.0; Windows NT 6.1; WOW64; Trident/5.0; SLCC2; .NET CLR 2.0.50727; .NET CLR 3.5.30729; .NET CLR 3.0.30729; Media Center PC 6.0; .NET4.0C; .NET4.0E; InfoPath.3)" "-"
124.202.186.41 - - [19/Apr/2019:04:22:22 +0800] "GET /css/index.min.css?v=2.5.5 HTTP/1.1" 200 8194 "https://bz.zzzmh.cn/" "Mozilla/5.0 (compatible; MSIE 9.0; Windows NT 6.1; WOW64; Trident/5.0; SLCC2; .NET CLR 2.0.50727; .NET CLR 3.5.30729; .NET CLR 3.0.30729; .NET4.0C; .NET4.0E; SE 2.x)" "-"
124.202.186.41 - - [19/Apr/2019:04:22:22 +0800] "GET /js/index.min.js?v=2.5.5 HTTP/1.1" 200 8887 "https://bz.zzzmh.cn/" "Mozilla/5.0 (compatible; MSIE 9.0; Windows NT 6.1; WOW64; Trident/5.0; SLCC2; .NET CLR 2.0.50727; .NET CLR 3.5.30729; .NET CLR 3.0.30729; .NET4.0C; .NET4.0E; SE 2.x)" "-"
119.166.28.187 - - [19/Apr/2019:04:22:23 +0800] "GET /css/index.min.css?v=2.5.5 HTTP/1.1" 304 0 "https://bz.zzzmh.cn/" "Mozilla/5.0 (Windows; U; Windows NT 5.1; zh-CN) AppleWebKit/530.19.2 (KHTML, like Gecko) Version/4.0.2 Safari/530.19.1" "-"
119.166.28.187 - - [19/Apr/2019:04:22:23 +0800] "GET /js/index.min.js?v=2.5.5 HTTP/1.1" 304 0 "https://bz.zzzmh.cn/" "Mozilla/5.0 (Windows; U; Windows NT 5.1; zh-CN) AppleWebKit/530.19.2 (KHTML, like Gecko) Version/4.0.2 Safari/530.19.1" "-"
124.202.186.41 - - [19/Apr/2019:04:22:41 +0800] "GET /css/index.min.css?v=2.5.5 HTTP/1.1" 200 8194 "https://bz.zzzmh.cn/" "Mozilla/5.0 (compatible; MSIE 9.0; Windows NT 6.1; WOW64; Trident/5.0; SLCC2; .NET CLR 2.0.50727; .NET CLR 3.5.30729; .NET CLR 3.0.30729; .NET4.0C; .NET4.0E; SE 2.x)" "-"
124.202.186.41 - - [19/Apr/2019:04:22:41 +0800] "GET /js/index.min.js?v=2.5.5 HTTP/1.1" 200 8887 "https://bz.zzzmh.cn/" "Mozilla/5.0 (compatible; MSIE 9.0; Windows NT 6.1; WOW64; Trident/5.0; SLCC2; .NET CLR 2.0.50727; .NET CLR 3.5.30729; .NET CLR 3.0.30729; .NET4.0C; .NET4.0E; SE 2.x)" "-"
116.255.194.228 - - [19/Apr/2019:04:22:48 +0800] "GET /css/index.min.css?v=2.5.5 HTTP/1.1" 200 8194 "https://bz.zzzmh.cn/" "Mozilla/4.0 (compatible; MSIE 8.0; Windows NT 5.1)" "-"
192.95.50.23 - - [19/Apr/2019:04:22:49 +0800] "GET /css/index.min.css?v=2.5.5 HTTP/1.1" 304 0 "https://bz.zzzmh.cn/" "Mozilla/5.0 (Windows; U; Windows NT 5.1; zh-CN; rv:1.9.0.8) Gecko/2009032609 Firefox/3.0.8 (.NET CLR 3.5.30729)" "-"
116.255.194.228 - - [19/Apr/2019:04:22:49 +0800] "GET /js/index.min.js?v=2.5.5 HTTP/1.1" 200 8887 "https://bz.zzzmh.cn/" "Mozilla/4.0 (compatible; MSIE 8.0; Windows NT 5.1)" "-"
218.75.39.18 - - [19/Apr/2019:04:22:49 +0800] "GET /css/index.min.css?v=2.5.5 HTTP/1.1" 200 8194 "https://bz.zzzmh.cn/" "Mozilla/5.0 (Windows NT 6.1; WOW64; Trident/7.0; rv:11.0) like Gecko" "-"
218.75.39.18 - - [19/Apr/2019:04:22:49 +0800] "GET /js/index.min.js?v=2.5.5 HTTP/1.1" 200 8887 "https://bz.zzzmh.cn/" "Mozilla/5.0 (Windows NT 6.1; WOW64; Trident/7.0; rv:11.0) like Gecko" "-"
192.95.50.23 - - [19/Apr/2019:04:22:50 +0800] "GET /js/index.min.js?v=2.5.5 HTTP/1.1" 304 0 "https://bz.zzzmh.cn/" "Mozilla/5.0 (Windows; U; Windows NT 5.1; zh-CN; rv:1.9.0.8) Gecko/2009032609 Firefox/3.0.8 (.NET CLR 3.5.30729)" "-"
218.75.39.18 - - [19/Apr/2019:04:22:50 +0800] "GET /img/bg.png HTTP/1.1" 200 16842 "https://bz.zzzmh.cn/" "Mozilla/5.0 (Windows NT 6.1; WOW64; Trident/7.0; rv:11.0) like Gecko" "-"
218.75.39.18 - - [19/Apr/2019:04:22:50 +0800] "GET /json/tags.json HTTP/1.1" 200 904 "https://bz.zzzmh.cn/" "Mozilla/5.0 (Windows NT 6.1; WOW64; Trident/7.0; rv:11.0) like Gecko" "-"
93.35.12.209 - - [19/Apr/2019:04:22:52 +0800] "GET /css/index.min.css?v=2.5.5 HTTP/1.1" 200 8194 "https://bz.zzzmh.cn/" "Mozilla/4.0 (compatible; MSIE 6.0; Windows NT 5.1; WOW64; Trident/4.0; .NET4.0C; .NET4.0E)" "-"
93.35.12.209 - - [19/Apr/2019:04:22:53 +0800] "GET /js/index.min.js?v=2.5.5 HTTP/1.1" 200 8887 "https://bz.zzzmh.cn/" "Mozilla/4.0 (compatible; MSIE 6.0; Windows NT 5.1; WOW64; Trident/4.0; .NET4.0C; .NET4.0E)" "-"
116.255.194.228 - - [19/Apr/2019:04:23:07 +0800] "GET /css/index.min.css?v=2.5.5 HTTP/1.1" 200 8194 "https://bz.zzzmh.cn/" "Mozilla/4.0 (compatible; MSIE 8.0; Windows NT 5.1)" "-"
116.255.194.228 - - [19/Apr/2019:04:23:08 +0800] "GET /js/index.min.js?v=2.5.5 HTTP/1.1" 200 8887 "https://bz.zzzmh.cn/" "Mozilla/4.0 (compatible; MSIE 8.0; Windows NT 5.1)" "-"
93.35.12.209 - - [19/Apr/2019:04:23:13 +0800] "GET /css/index.min.css?v=2.5.5 HTTP/1.1" 304 0 "https://bz.zzzmh.cn/" "Mozilla/4.0 (compatible; MSIE 6.0; Windows NT 5.1; WOW64; Trident/4.0; .NET4.0C; .NET4.0E)" "-"
93.35.12.209 - - [19/Apr/2019:04:23:14 +0800] "GET /js/index.min.js?v=2.5.5 HTTP/1.1" 304 0 "https://bz.zzzmh.cn/" "Mozilla/4.0 (compatible; MSIE 6.0; Windows NT 5.1; WOW64; Trident/4.0; .NET4.0C; .NET4.0E)" "-"
43.251.116.247 - - [19/Apr/2019:04:23:17 +0800] "GET /css/index.min.css?v=2.5.5 HTTP/1.1" 200 8194 "https://bz.zzzmh.cn/" "Mozilla/5.0 (compatible; MSIE 10.0; Windows NT 6.1; WOW64; Trident/6.0; SLCC2; .NET CLR 2.0.50727; .NET CLR 3.5.30729; .NET CLR 3.0.30729; Media Center PC 6.0; SE 2.x)" "-"
43.251.116.247 - - [19/Apr/2019:04:23:21 +0800] "GET /js/index.min.js?v=2.5.5 HTTP/1.1" 200 8887 "https://bz.zzzmh.cn/" "Mozilla/5.0 (compatible; MSIE 10.0; Windows NT 6.1; WOW64; Trident/6.0; SLCC2; .NET CLR 2.0.50727; .NET CLR 3.5.30729; .NET CLR 3.0.30729; Media Center PC 6.0; SE 2.x)" "-"
120.84.145.173 - - [19/Apr/2019:04:23:22 +0800] "GET /css/index.min.css?v=2.5.5 HTTP/1.1" 200 8194 "https://bz.zzzmh.cn/" "Mozilla/5.0 (compatible; MSIE 10.0; Windows NT 6.1; WOW64; Trident/6.0; SLCC2; .NET CLR 2.0.50727; .NET CLR 3.5.30729; .NET CLR 3.0.30729; InfoPath.3; .NET4.0C; .NET4.0E)" "-"
120.84.145.173 - - [19/Apr/2019:04:23:22 +0800] "GET /js/index.min.js?v=2.5.5 HTTP/1.1" 200 8887 "https://bz.zzzmh.cn/" "Mozilla/5.0 (compatible; MSIE 10.0; Windows NT 6.1; WOW64; Trident/6.0; SLCC2; .NET CLR 2.0.50727; .NET CLR 3.5.30729; .NET CLR 3.0.30729; InfoPath.3; .NET4.0C; .NET4.0E)" "-"
222.182.52.138 - - [19/Apr/2019:04:23:27 +0800] "GET /css/index.min.css?v=2.5.5 HTTP/1.1" 200 8194 "https://bz.zzzmh.cn/" "Mozilla/5.0 (compatible; MSIE 10.0; Windows NT 6.1; WOW64; Trident/6.0; .NET4.0C; .NET4.0E; .NET CLR 2.0.50727; .NET CLR 3.0.30729; .NET CLR 3.5.30729; 360SE)" "-"
222.182.52.138 - - [19/Apr/2019:04:23:28 +0800] "GET /js/index.min.js?v=2.5.5 HTTP/1.1" 200 8887 "https://bz.zzzmh.cn/" "Mozilla/5.0 (compatible; MSIE 10.0; Windows NT 6.1; WOW64; Trident/6.0; .NET4.0C; .NET4.0E; .NET CLR 2.0.50727; .NET CLR 3.0.30729; .NET CLR 3.5.30729; 360SE)" "-"
185.189.13.225 - - [19/Apr/2019:04:23:30 +0800] "GET /css/index.min.css?v=2.5.5 HTTP/1.1" 200 8194 "https://bz.zzzmh.cn/" "Mozilla/4.0 (compatible; MSIE 10.0; Windows NT 6.2)" "-"
185.189.13.225 - - [19/Apr/2019:04:23:30 +0800] "GET /js/index.min.js?v=2.5.5 HTTP/1.1" 200 8887 "https://bz.zzzmh.cn/" "Mozilla/4.0 (compatible; MSIE 10.0; Windows NT 6.2)" "-"
